#
# There is insufficient memory for the Java Runtime Environment to continue.
# Native memory allocation (malloc) failed to allocate 1105936 bytes. Error detail: Chunk::new
# Possible reasons:
#   The system is out of physical RAM or swap space
#   This process is running with CompressedOops enabled, and the Java Heap may be blocking the growth of the native heap
# Possible solutions:
#   Reduce memory load on the system
#   Increase physical memory or swap space
#   Check if swap backing store is full
#   Decrease Java heap size (-Xmx/-Xms)
#   Decrease number of Java threads
#   Decrease Java thread stack sizes (-Xss)
#   Set larger code cache with -XX:ReservedCodeCacheSize=
#   JVM is running with Unscaled Compressed Oops mode in which the Java heap is
#     placed in the first 4GB address space. The Java Heap base address is the
#     maximum limit for the native heap growth. Please use -XX:HeapBaseMinAddress
#     to set the Java Heap base and to place the Java Heap above 4GB virtual address.
# This output file may be truncated or incomplete.
#
#  Out of Memory Error (arena.cpp:168), pid=11512, tid=14500
#
# JRE version: OpenJDK Runtime Environment Temurin-21.0.5+11 (21.0.5+11) (build 21.0.5+11-LTS)
# Java VM: OpenJDK 64-Bit Server VM Temurin-21.0.5+11 (21.0.5+11-LTS, mixed mode, sharing, tiered, compressed oops, compressed class ptrs, parallel gc, windows-amd64)
# No core dump will be written. Minidumps are not enabled by default on client versions of Windows
#

---------------  S U M M A R Y ------------

Command Line: --add-modules=ALL-SYSTEM --add-opens=java.base/java.util=ALL-UNNAMED --add-opens=java.base/java.lang=ALL-UNNAMED --add-opens=java.base/sun.nio.fs=ALL-UNNAMED -Declipse.application=org.eclipse.jdt.ls.core.id1 -Dosgi.bundles.defaultStartLevel=4 -Declipse.product=org.eclipse.jdt.ls.core.product -Djava.import.generatesMetadataFilesAtProjectRoot=false -DDetectVMInstallationsJob.disabled=true -Dfile.encoding=utf8 -XX:+UseParallelGC -XX:GCTimeRatio=4 -XX:AdaptiveSizePolicyWeight=90 -Dsun.zip.disableMemoryMapping=true -Xmx1G -Xms100m -Xlog:disable -javaagent:c:\Users\HP\.vscode\extensions\redhat.java-1.39.0-win32-x64\lombok\lombok-1.18.34.jar c:\Users\HP\.vscode\extensions\redhat.java-1.39.0-win32-x64\server\plugins\org.eclipse.equinox.launcher_1.6.900.v20240613-2009.jar -configuration c:\Users\HP\AppData\Roaming\Code\User\globalStorage\redhat.java\1.39.0\config_ss_win -data c:\Users\HP\AppData\Roaming\Code\User\workspaceStorage\18e594e4b8ee66ca9d8ea60eef527bbe\redhat.java\ss_ws --pipe=\\.\pipe\lsp-4c074cebba87b004b6813d0c2f318e99-sock

Host: Intel(R) Core(TM) i7-10700 CPU @ 2.90GHz, 16 cores, 15G,  Windows 11 , 64 bit Build 22621 (10.0.22621.4391)
Time: Fri Jan 31 16:16:04 2025 India Standard Time elapsed time: 2.484651 seconds (0d 0h 0m 2s)

---------------  T H R E A D  ---------------

Current thread (0x000001d20128eee0):  JavaThread "C2 CompilerThread2" daemon [_thread_in_native, id=14500, stack(0x0000005fdcc00000,0x0000005fdcd00000) (1024K)]


Current CompileTask:
C2:2484 3063       4       java.lang.invoke.MethodType::makeImpl (109 bytes)

Stack: [0x0000005fdcc00000,0x0000005fdcd00000]
Native frames: (J=compiled Java code, j=interpreted, Vv=VM code, C=native code)
V  [jvm.dll+0x6cd4e9]
V  [jvm.dll+0x8a7941]
V  [jvm.dll+0x8a9e6e]
V  [jvm.dll+0x8aa543]
V  [jvm.dll+0x27f6d6]
V  [jvm.dll+0xc500d]
V  [jvm.dll+0xc5543]
V  [jvm.dll+0x3b65d2]
V  [jvm.dll+0x1dffe9]
V  [jvm.dll+0x247b22]
V  [jvm.dll+0x246faf]
V  [jvm.dll+0x1c75ce]
V  [jvm.dll+0x25682a]
V  [jvm.dll+0x254dca]
V  [jvm.dll+0x3f00d6]
V  [jvm.dll+0x8514fb]
V  [jvm.dll+0x6cbbed]
C  [ucrtbase.dll+0x29333]
C  [KERNEL32.DLL+0x1259d]
C  [ntdll.dll+0x5af38]


---------------  P R O C E S S  ---------------

Threads class SMR info:
_java_thread_list=0x000001d207c4b700, length=24, elements={
0x000001d228d2d1f0, 0x000001d27f9f83c0, 0x000001d23d27be00, 0x000001d27f9f91f0,
0x000001d27f9fa000, 0x000001d27f9fd670, 0x000001d27fa01b70, 0x000001d27fa07df0,
0x000001d27fa294e0, 0x000001d27fb19850, 0x000001d27fb24da0, 0x000001d27fb287d0,
0x000001d27fb4dcd0, 0x000001d27fc884d0, 0x000001d27fd60400, 0x000001d20128eee0,
0x000001d20624e270, 0x000001d2018347c0, 0x000001d2060c9b00, 0x000001d2017ac1c0,
0x000001d206297060, 0x000001d20630f290, 0x000001d2067c7010, 0x000001d206671a80
}

Java Threads: ( => current thread )
  0x000001d228d2d1f0 JavaThread "main"                              [_thread_blocked, id=19592, stack(0x0000005fdba00000,0x0000005fdbb00000) (1024K)]
  0x000001d27f9f83c0 JavaThread "Reference Handler"          daemon [_thread_blocked, id=11736, stack(0x0000005fdbe00000,0x0000005fdbf00000) (1024K)]
  0x000001d23d27be00 JavaThread "Finalizer"                  daemon [_thread_blocked, id=14956, stack(0x0000005fdbf00000,0x0000005fdc000000) (1024K)]
  0x000001d27f9f91f0 JavaThread "Signal Dispatcher"          daemon [_thread_blocked, id=17124, stack(0x0000005fdc000000,0x0000005fdc100000) (1024K)]
  0x000001d27f9fa000 JavaThread "Attach Listener"            daemon [_thread_blocked, id=16604, stack(0x0000005fdc100000,0x0000005fdc200000) (1024K)]
  0x000001d27f9fd670 JavaThread "Service Thread"             daemon [_thread_blocked, id=6424, stack(0x0000005fdc200000,0x0000005fdc300000) (1024K)]
  0x000001d27fa01b70 JavaThread "Monitor Deflation Thread"   daemon [_thread_blocked, id=8092, stack(0x0000005fdc300000,0x0000005fdc400000) (1024K)]
  0x000001d27fa07df0 JavaThread "C2 CompilerThread0"         daemon [_thread_in_native, id=19188, stack(0x0000005fdc400000,0x0000005fdc500000) (1024K)]
  0x000001d27fa294e0 JavaThread "C1 CompilerThread0"         daemon [_thread_blocked, id=16520, stack(0x0000005fdc500000,0x0000005fdc600000) (1024K)]
  0x000001d27fb19850 JavaThread "Common-Cleaner"             daemon [_thread_blocked, id=11572, stack(0x0000005fdc600000,0x0000005fdc700000) (1024K)]
  0x000001d27fb24da0 JavaThread "C1 CompilerThread1"         daemon [_thread_blocked, id=15396, stack(0x0000005fdc700000,0x0000005fdc800000) (1024K)]
  0x000001d27fb287d0 JavaThread "C1 CompilerThread2"         daemon [_thread_blocked, id=10536, stack(0x0000005fdc800000,0x0000005fdc900000) (1024K)]
  0x000001d27fb4dcd0 JavaThread "C2 CompilerThread1"         daemon [_thread_blocked, id=8956, stack(0x0000005fdc900000,0x0000005fdca00000) (1024K)]
  0x000001d27fc884d0 JavaThread "C1 CompilerThread3"         daemon [_thread_blocked, id=12252, stack(0x0000005fdca00000,0x0000005fdcb00000) (1024K)]
  0x000001d27fd60400 JavaThread "Notification Thread"        daemon [_thread_blocked, id=13896, stack(0x0000005fdcb00000,0x0000005fdcc00000) (1024K)]
=>0x000001d20128eee0 JavaThread "C2 CompilerThread2"         daemon [_thread_in_native, id=14500, stack(0x0000005fdcc00000,0x0000005fdcd00000) (1024K)]
  0x000001d20624e270 JavaThread "Active Thread: Equinox Container: e024c3f4-ff50-483d-a9f5-b85369fc1a0e"        [_thread_blocked, id=20932, stack(0x0000005fdd300000,0x0000005fdd400000) (1024K)]
  0x000001d2018347c0 JavaThread "Framework Event Dispatcher: Equinox Container: e024c3f4-ff50-483d-a9f5-b85369fc1a0e" daemon [_thread_blocked, id=18648, stack(0x0000005fdd400000,0x0000005fdd500000) (1024K)]
  0x000001d2060c9b00 JavaThread "Start Level: Equinox Container: e024c3f4-ff50-483d-a9f5-b85369fc1a0e" daemon [_thread_in_vm, id=21016, stack(0x0000005fdd500000,0x0000005fdd600000) (1024K)]
  0x000001d2017ac1c0 JavaThread "SCR Component Actor"        daemon [_thread_blocked, id=16144, stack(0x0000005fdd800000,0x0000005fdd900000) (1024K)]
  0x000001d206297060 JavaThread "SCR Component Registry"     daemon [_thread_blocked, id=19856, stack(0x0000005fdd900000,0x0000005fdda00000) (1024K)]
  0x000001d20630f290 JavaThread "Worker-JM"                         [_thread_blocked, id=19936, stack(0x0000005fdda00000,0x0000005fddb00000) (1024K)]
  0x000001d2067c7010 JavaThread "Worker-0"                          [_thread_blocked, id=15732, stack(0x0000005fdde00000,0x0000005fddf00000) (1024K)]
  0x000001d206671a80 JavaThread "Worker-1"                          [_thread_blocked, id=3624, stack(0x0000005fddf00000,0x0000005fde000000) (1024K)]
Total: 24

Other Threads:
  0x000001d228dee570 VMThread "VM Thread"                           [id=11464, stack(0x0000005fdbd00000,0x0000005fdbe00000) (1024K)]
  0x000001d228d964f0 WatcherThread "VM Periodic Task Thread"        [id=13868, stack(0x0000005fdbc00000,0x0000005fdbd00000) (1024K)]
  0x000001d228d4b640 WorkerThread "GC Thread#0"                     [id=21192, stack(0x0000005fdbb00000,0x0000005fdbc00000) (1024K)]
  0x000001d2060ed7e0 WorkerThread "GC Thread#1"                     [id=7592, stack(0x0000005fdce00000,0x0000005fdcf00000) (1024K)]
  0x000001d206213bf0 WorkerThread "GC Thread#2"                     [id=5564, stack(0x0000005fdcf00000,0x0000005fdd000000) (1024K)]
  0x000001d2019e4110 WorkerThread "GC Thread#3"                     [id=1604, stack(0x0000005fdd000000,0x0000005fdd100000) (1024K)]
  0x000001d2019e44b0 WorkerThread "GC Thread#4"                     [id=7956, stack(0x0000005fdd100000,0x0000005fdd200000) (1024K)]
  0x000001d2019e4850 WorkerThread "GC Thread#5"                     [id=9800, stack(0x0000005fdd200000,0x0000005fdd300000) (1024K)]
  0x000001d2019d9b50 WorkerThread "GC Thread#6"                     [id=19740, stack(0x0000005fdd600000,0x0000005fdd700000) (1024K)]
  0x000001d2019dac20 WorkerThread "GC Thread#7"                     [id=5580, stack(0x0000005fdd700000,0x0000005fdd800000) (1024K)]
  0x000001d2063320c0 WorkerThread "GC Thread#8"                     [id=14676, stack(0x0000005fddb00000,0x0000005fddc00000) (1024K)]
  0x000001d206331d20 WorkerThread "GC Thread#9"                     [id=10792, stack(0x0000005fddc00000,0x0000005fddd00000) (1024K)]
  0x000001d2063315e0 WorkerThread "GC Thread#10"                    [id=10324, stack(0x0000005fddd00000,0x0000005fdde00000) (1024K)]
  0x000001d206331240 WorkerThread "GC Thread#11"                    [id=14928, stack(0x0000005fde000000,0x0000005fde100000) (1024K)]
  0x000001d206331980 WorkerThread "GC Thread#12"                    [id=15524, stack(0x0000005fde100000,0x0000005fde200000) (1024K)]
Total: 15

Threads with active compile tasks:
C1 CompilerThread2  2535 3223       3       org.eclipse.osgi.storage.bundlefile.BundleEntry::getBytes (20 bytes)
C2 CompilerThread2  2535 3063       4       java.lang.invoke.MethodType::makeImpl (109 bytes)
Total: 2

VM state: not at safepoint (normal execution)

VM Mutex/Monitor currently owned by a thread: None

Heap address: 0x00000000c0000000, size: 1024 MB, Compressed Oops mode: 32-bit

CDS archive(s) mapped at: [0x000001d23e000000-0x000001d23eba0000-0x000001d23eba0000), size 12189696, SharedBaseAddress: 0x000001d23e000000, ArchiveRelocationMode: 1.
Compressed class space mapped at: 0x000001d23f000000-0x000001d27f000000, reserved size: 1073741824
Narrow klass base: 0x000001d23e000000, Narrow klass shift: 0, Narrow klass range: 0x100000000

GC Precious Log:
 CardTable entry size: 512
 CPUs: 16 total, 16 available
 Memory: 16160M
 Large Page Support: Disabled
 NUMA Support: Disabled
 Compressed Oops: Enabled (32-bit)
 Alignments: Space 512K, Generation 512K, Heap 2M
 Heap Min Capacity: 100M
 Heap Initial Capacity: 100M
 Heap Max Capacity: 1G
 Pre-touch: Disabled
 Parallel Workers: 13

Heap:
 PSYoungGen      total 31232K, used 15784K [0x00000000eab00000, 0x00000000ecf80000, 0x0000000100000000)
  eden space 25088K, 62% used [0x00000000eab00000,0x00000000eba6a390,0x00000000ec380000)
  from space 6144K, 0% used [0x00000000ec980000,0x00000000ec980000,0x00000000ecf80000)
  to   space 6144K, 0% used [0x00000000ec380000,0x00000000ec380000,0x00000000ec980000)
 ParOldGen       total 68608K, used 10698K [0x00000000c0000000, 0x00000000c4300000, 0x00000000eab00000)
  object space 68608K, 15% used [0x00000000c0000000,0x00000000c0a72bb0,0x00000000c4300000)
 Metaspace       used 23985K, committed 24640K, reserved 1114112K
  class space    used 2232K, committed 2496K, reserved 1048576K

Card table byte_map: [0x000001d2286d0000,0x000001d2288e0000] _byte_map_base: 0x000001d2280d0000

Marking Bits: (ParMarkBitMap*) 0x00007ffecce72250
 Begin Bits: [0x000001d23b080000, 0x000001d23c080000)
 End Bits:   [0x000001d23c080000, 0x000001d23d080000)

Polling page: 0x000001d226ca0000

Metaspace:

Usage:
  Non-class:     21.24 MB used.
      Class:      2.18 MB used.
       Both:     23.42 MB used.

Virtual space:
  Non-class space:       64.00 MB reserved,      21.62 MB ( 34%) committed,  1 nodes.
      Class space:        1.00 GB reserved,       2.44 MB ( <1%) committed,  1 nodes.
             Both:        1.06 GB reserved,      24.06 MB (  2%) committed. 

Chunk freelists:
   Non-Class:  10.12 MB
       Class:  13.45 MB
        Both:  23.58 MB

MaxMetaspaceSize: unlimited
CompressedClassSpaceSize: 1.00 GB
Initial GC threshold: 21.00 MB
Current GC threshold: 35.00 MB
CDS: on
 - commit_granule_bytes: 65536.
 - commit_granule_words: 8192.
 - virtual_space_node_default_size: 8388608.
 - enlarge_chunks_in_place: 1.
 - use_allocation_guard: 0.


Internal statistics:

num_allocs_failed_limit: 3.
num_arena_births: 498.
num_arena_deaths: 14.
num_vsnodes_births: 2.
num_vsnodes_deaths: 0.
num_space_committed: 385.
num_space_uncommitted: 0.
num_chunks_returned_to_freelist: 17.
num_chunks_taken_from_freelist: 1354.
num_chunk_merges: 8.
num_chunk_splits: 911.
num_chunks_enlarged: 596.
num_inconsistent_stats: 0.

CodeHeap 'non-profiled nmethods': size=119168Kb used=1433Kb max_used=1433Kb free=117734Kb
 bounds [0x000001d233c20000, 0x000001d233e90000, 0x000001d23b080000]
CodeHeap 'profiled nmethods': size=119104Kb used=6460Kb max_used=6460Kb free=112643Kb
 bounds [0x000001d22c080000, 0x000001d22c6d0000, 0x000001d2334d0000]
CodeHeap 'non-nmethods': size=7488Kb used=3008Kb max_used=3060Kb free=4479Kb
 bounds [0x000001d2334d0000, 0x000001d2337e0000, 0x000001d233c20000]
 total_blobs=3831 nmethods=3219 adapters=515
 compilation: enabled
              stopped_count=0, restarted_count=0
 full_count=0

Compilation events (20 events):
Event: 2.370 Thread 0x000001d2063e7220 3212       4       java.util.WeakHashMap::indexFor (6 bytes)
Event: 2.371 Thread 0x000001d2063e7220 nmethod 3212 0x000001d233d77710 code [0x000001d233d77880, 0x000001d233d778f0]
Event: 2.371 Thread 0x000001d27fb4dcd0 nmethod 3211 0x000001d233d77a10 code [0x000001d233d77ba0, 0x000001d233d77e40]
Event: 2.371 Thread 0x000001d27fb24da0 3213       3       java.util.jar.Manifest$FastInputStream::readLine (296 bytes)
Event: 2.371 Thread 0x000001d27fc884d0 3214   !   3       java.util.jar.Attributes::read (494 bytes)
Event: 2.371 Thread 0x000001d27fb287d0 3215       3       java.util.jar.Manifest$FastInputStream::readLine (9 bytes)
Event: 2.371 Thread 0x000001d27fb287d0 nmethod 3215 0x000001d22c6c2f10 code [0x000001d22c6c30c0, 0x000001d22c6c3210]
Event: 2.372 Thread 0x000001d27fb24da0 nmethod 3213 0x000001d22c6c3310 code [0x000001d22c6c3540, 0x000001d22c6c3da8]
Event: 2.374 Thread 0x000001d27fc884d0 nmethod 3214 0x000001d22c6c4110 code [0x000001d22c6c48a0, 0x000001d22c6c8530]
Event: 2.384 Thread 0x000001d27fb287d0 3216       3       java.lang.invoke.Invokers$Holder::invokeExact_MT (22 bytes)
Event: 2.384 Thread 0x000001d27fb287d0 nmethod 3216 0x000001d22c6c9e90 code [0x000001d22c6ca0a0, 0x000001d22c6ca6f0]
Event: 2.387 Thread 0x000001d27fc884d0 3217       3       java.util.Properties$LineReader::readLine (584 bytes)
Event: 2.389 Thread 0x000001d27fc884d0 nmethod 3217 0x000001d22c6ca910 code [0x000001d22c6cad00, 0x000001d22c6cd5b8]
Event: 2.389 Thread 0x000001d27fa294e0 3218       1       java.util.concurrent.CopyOnWriteArrayList::setArray (6 bytes)
Event: 2.390 Thread 0x000001d27fa294e0 nmethod 3218 0x000001d233d78010 code [0x000001d233d781a0, 0x000001d233d78288]
Event: 2.401 Thread 0x000001d27fc884d0 3220       3       java.io.FileDescriptor$1::getAppend (5 bytes)
Event: 2.401 Thread 0x000001d27fb287d0 3221   !   3       java.io.FileOutputStream::write (47 bytes)
Event: 2.401 Thread 0x000001d27fc884d0 nmethod 3220 0x000001d22c6ce290 code [0x000001d22c6ce420, 0x000001d22c6ce538]
Event: 2.401 Thread 0x000001d27fb287d0 nmethod 3221 0x000001d22c6ce610 code [0x000001d22c6ce800, 0x000001d22c6ceab8]
Event: 2.418 Thread 0x000001d27fa07df0 nmethod 2716 0x000001d233d78710 code [0x000001d233d791e0, 0x000001d233d813b0]

GC Heap History (14 events):
Event: 0.645 GC heap before
{Heap before GC invocations=1 (full 0):
 PSYoungGen      total 29696K, used 25600K [0x00000000eab00000, 0x00000000ecc00000, 0x0000000100000000)
  eden space 25600K, 100% used [0x00000000eab00000,0x00000000ec400000,0x00000000ec400000)
  from space 4096K, 0% used [0x00000000ec800000,0x00000000ec800000,0x00000000ecc00000)
  to   space 4096K, 0% used [0x00000000ec400000,0x00000000ec400000,0x00000000ec800000)
 ParOldGen       total 68608K, used 0K [0x00000000c0000000, 0x00000000c4300000, 0x00000000eab00000)
  object space 68608K, 0% used [0x00000000c0000000,0x00000000c0000000,0x00000000c4300000)
 Metaspace       used 3965K, committed 4160K, reserved 1114112K
  class space    used 393K, committed 448K, reserved 1048576K
}
Event: 0.654 GC heap after
{Heap after GC invocations=1 (full 0):
 PSYoungGen      total 29696K, used 3166K [0x00000000eab00000, 0x00000000ecc00000, 0x0000000100000000)
  eden space 25600K, 0% used [0x00000000eab00000,0x00000000eab00000,0x00000000ec400000)
  from space 4096K, 77% used [0x00000000ec400000,0x00000000ec717af0,0x00000000ec800000)
  to   space 4096K, 0% used [0x00000000ec800000,0x00000000ec800000,0x00000000ecc00000)
 ParOldGen       total 68608K, used 16K [0x00000000c0000000, 0x00000000c4300000, 0x00000000eab00000)
  object space 68608K, 0% used [0x00000000c0000000,0x00000000c0004000,0x00000000c4300000)
 Metaspace       used 3965K, committed 4160K, reserved 1114112K
  class space    used 393K, committed 448K, reserved 1048576K
}
Event: 1.121 GC heap before
{Heap before GC invocations=2 (full 0):
 PSYoungGen      total 29696K, used 28766K [0x00000000eab00000, 0x00000000ecc00000, 0x0000000100000000)
  eden space 25600K, 100% used [0x00000000eab00000,0x00000000ec400000,0x00000000ec400000)
  from space 4096K, 77% used [0x00000000ec400000,0x00000000ec717af0,0x00000000ec800000)
  to   space 4096K, 0% used [0x00000000ec800000,0x00000000ec800000,0x00000000ecc00000)
 ParOldGen       total 68608K, used 16K [0x00000000c0000000, 0x00000000c4300000, 0x00000000eab00000)
  object space 68608K, 0% used [0x00000000c0000000,0x00000000c0004000,0x00000000c4300000)
 Metaspace       used 7900K, committed 8192K, reserved 1114112K
  class space    used 775K, committed 896K, reserved 1048576K
}
Event: 1.125 GC heap after
{Heap after GC invocations=2 (full 0):
 PSYoungGen      total 29696K, used 4090K [0x00000000eab00000, 0x00000000ecc00000, 0x0000000100000000)
  eden space 25600K, 0% used [0x00000000eab00000,0x00000000eab00000,0x00000000ec400000)
  from space 4096K, 99% used [0x00000000ec800000,0x00000000ecbfe998,0x00000000ecc00000)
  to   space 4096K, 0% used [0x00000000ec400000,0x00000000ec400000,0x00000000ec800000)
 ParOldGen       total 68608K, used 837K [0x00000000c0000000, 0x00000000c4300000, 0x00000000eab00000)
  object space 68608K, 1% used [0x00000000c0000000,0x00000000c00d1698,0x00000000c4300000)
 Metaspace       used 7900K, committed 8192K, reserved 1114112K
  class space    used 775K, committed 896K, reserved 1048576K
}
Event: 1.467 GC heap before
{Heap before GC invocations=3 (full 0):
 PSYoungGen      total 29696K, used 29655K [0x00000000eab00000, 0x00000000ecc00000, 0x0000000100000000)
  eden space 25600K, 99% used [0x00000000eab00000,0x00000000ec3f7470,0x00000000ec400000)
  from space 4096K, 99% used [0x00000000ec800000,0x00000000ecbfe998,0x00000000ecc00000)
  to   space 4096K, 0% used [0x00000000ec400000,0x00000000ec400000,0x00000000ec800000)
 ParOldGen       total 68608K, used 837K [0x00000000c0000000, 0x00000000c4300000, 0x00000000eab00000)
  object space 68608K, 1% used [0x00000000c0000000,0x00000000c00d1698,0x00000000c4300000)
 Metaspace       used 12721K, committed 13184K, reserved 1114112K
  class space    used 1267K, committed 1472K, reserved 1048576K
}
Event: 1.472 GC heap after
{Heap after GC invocations=3 (full 0):
 PSYoungGen      total 29696K, used 4091K [0x00000000eab00000, 0x00000000ecc00000, 0x0000000100000000)
  eden space 25600K, 0% used [0x00000000eab00000,0x00000000eab00000,0x00000000ec400000)
  from space 4096K, 99% used [0x00000000ec400000,0x00000000ec7fef30,0x00000000ec800000)
  to   space 4096K, 0% used [0x00000000ec800000,0x00000000ec800000,0x00000000ecc00000)
 ParOldGen       total 68608K, used 2757K [0x00000000c0000000, 0x00000000c4300000, 0x00000000eab00000)
  object space 68608K, 4% used [0x00000000c0000000,0x00000000c02b16f8,0x00000000c4300000)
 Metaspace       used 12721K, committed 13184K, reserved 1114112K
  class space    used 1267K, committed 1472K, reserved 1048576K
}
Event: 1.736 GC heap before
{Heap before GC invocations=4 (full 0):
 PSYoungGen      total 29696K, used 29678K [0x00000000eab00000, 0x00000000ecc00000, 0x0000000100000000)
  eden space 25600K, 99% used [0x00000000eab00000,0x00000000ec3fca78,0x00000000ec400000)
  from space 4096K, 99% used [0x00000000ec400000,0x00000000ec7fef30,0x00000000ec800000)
  to   space 4096K, 0% used [0x00000000ec800000,0x00000000ec800000,0x00000000ecc00000)
 ParOldGen       total 68608K, used 2757K [0x00000000c0000000, 0x00000000c4300000, 0x00000000eab00000)
  object space 68608K, 4% used [0x00000000c0000000,0x00000000c02b16f8,0x00000000c4300000)
 Metaspace       used 15582K, committed 16192K, reserved 1114112K
  class space    used 1545K, committed 1792K, reserved 1048576K
}
Event: 1.738 GC heap after
{Heap after GC invocations=4 (full 0):
 PSYoungGen      total 29696K, used 4088K [0x00000000eab00000, 0x00000000ecc00000, 0x0000000100000000)
  eden space 25600K, 0% used [0x00000000eab00000,0x00000000eab00000,0x00000000ec400000)
  from space 4096K, 99% used [0x00000000ec800000,0x00000000ecbfe0f0,0x00000000ecc00000)
  to   space 4096K, 0% used [0x00000000ec400000,0x00000000ec400000,0x00000000ec800000)
 ParOldGen       total 68608K, used 5611K [0x00000000c0000000, 0x00000000c4300000, 0x00000000eab00000)
  object space 68608K, 8% used [0x00000000c0000000,0x00000000c057ad68,0x00000000c4300000)
 Metaspace       used 15582K, committed 16192K, reserved 1114112K
  class space    used 1545K, committed 1792K, reserved 1048576K
}
Event: 1.909 GC heap before
{Heap before GC invocations=5 (full 0):
 PSYoungGen      total 29696K, used 29119K [0x00000000eab00000, 0x00000000ecc00000, 0x0000000100000000)
  eden space 25600K, 97% used [0x00000000eab00000,0x00000000ec371bc8,0x00000000ec400000)
  from space 4096K, 99% used [0x00000000ec800000,0x00000000ecbfe0f0,0x00000000ecc00000)
  to   space 4096K, 0% used [0x00000000ec400000,0x00000000ec400000,0x00000000ec800000)
 ParOldGen       total 68608K, used 5611K [0x00000000c0000000, 0x00000000c4300000, 0x00000000eab00000)
  object space 68608K, 8% used [0x00000000c0000000,0x00000000c057ad68,0x00000000c4300000)
 Metaspace       used 19706K, committed 20224K, reserved 1114112K
  class space    used 1849K, committed 2048K, reserved 1048576K
}
Event: 1.912 GC heap after
{Heap after GC invocations=5 (full 0):
 PSYoungGen      total 29184K, used 4076K [0x00000000eab00000, 0x00000000ecf80000, 0x0000000100000000)
  eden space 25088K, 0% used [0x00000000eab00000,0x00000000eab00000,0x00000000ec380000)
  from space 4096K, 99% used [0x00000000ec400000,0x00000000ec7fb3a8,0x00000000ec800000)
  to   space 6144K, 0% used [0x00000000ec980000,0x00000000ec980000,0x00000000ecf80000)
 ParOldGen       total 68608K, used 6518K [0x00000000c0000000, 0x00000000c4300000, 0x00000000eab00000)
  object space 68608K, 9% used [0x00000000c0000000,0x00000000c065da58,0x00000000c4300000)
 Metaspace       used 19706K, committed 20224K, reserved 1114112K
  class space    used 1849K, committed 2048K, reserved 1048576K
}
Event: 2.075 GC heap before
{Heap before GC invocations=6 (full 0):
 PSYoungGen      total 29184K, used 26177K [0x00000000eab00000, 0x00000000ecf80000, 0x0000000100000000)
  eden space 25088K, 88% used [0x00000000eab00000,0x00000000ec095410,0x00000000ec380000)
  from space 4096K, 99% used [0x00000000ec400000,0x00000000ec7fb3a8,0x00000000ec800000)
  to   space 6144K, 0% used [0x00000000ec980000,0x00000000ec980000,0x00000000ecf80000)
 ParOldGen       total 68608K, used 6518K [0x00000000c0000000, 0x00000000c4300000, 0x00000000eab00000)
  object space 68608K, 9% used [0x00000000c0000000,0x00000000c065da58,0x00000000c4300000)
 Metaspace       used 20884K, committed 21504K, reserved 1114112K
  class space    used 1921K, committed 2176K, reserved 1048576K
}
Event: 2.077 GC heap after
{Heap after GC invocations=6 (full 0):
 PSYoungGen      total 31232K, used 5941K [0x00000000eab00000, 0x00000000ecf80000, 0x0000000100000000)
  eden space 25088K, 0% used [0x00000000eab00000,0x00000000eab00000,0x00000000ec380000)
  from space 6144K, 96% used [0x00000000ec980000,0x00000000ecf4d410,0x00000000ecf80000)
  to   space 6144K, 0% used [0x00000000ec380000,0x00000000ec380000,0x00000000ec980000)
 ParOldGen       total 68608K, used 6526K [0x00000000c0000000, 0x00000000c4300000, 0x00000000eab00000)
  object space 68608K, 9% used [0x00000000c0000000,0x00000000c065fa58,0x00000000c4300000)
 Metaspace       used 20884K, committed 21504K, reserved 1114112K
  class space    used 1921K, committed 2176K, reserved 1048576K
}
Event: 2.077 GC heap before
{Heap before GC invocations=7 (full 1):
 PSYoungGen      total 31232K, used 5941K [0x00000000eab00000, 0x00000000ecf80000, 0x0000000100000000)
  eden space 25088K, 0% used [0x00000000eab00000,0x00000000eab00000,0x00000000ec380000)
  from space 6144K, 96% used [0x00000000ec980000,0x00000000ecf4d410,0x00000000ecf80000)
  to   space 6144K, 0% used [0x00000000ec380000,0x00000000ec380000,0x00000000ec980000)
 ParOldGen       total 68608K, used 6526K [0x00000000c0000000, 0x00000000c4300000, 0x00000000eab00000)
  object space 68608K, 9% used [0x00000000c0000000,0x00000000c065fa58,0x00000000c4300000)
 Metaspace       used 20884K, committed 21504K, reserved 1114112K
  class space    used 1921K, committed 2176K, reserved 1048576K
}
Event: 2.099 GC heap after
{Heap after GC invocations=7 (full 1):
 PSYoungGen      total 31232K, used 0K [0x00000000eab00000, 0x00000000ecf80000, 0x0000000100000000)
  eden space 25088K, 0% used [0x00000000eab00000,0x00000000eab00000,0x00000000ec380000)
  from space 6144K, 0% used [0x00000000ec980000,0x00000000ec980000,0x00000000ecf80000)
  to   space 6144K, 0% used [0x00000000ec380000,0x00000000ec380000,0x00000000ec980000)
 ParOldGen       total 68608K, used 10698K [0x00000000c0000000, 0x00000000c4300000, 0x00000000eab00000)
  object space 68608K, 15% used [0x00000000c0000000,0x00000000c0a72bb0,0x00000000c4300000)
 Metaspace       used 20871K, committed 21504K, reserved 1114112K
  class space    used 1917K, committed 2176K, reserved 1048576K
}

Dll operation events (9 events):
Event: 0.010 Loaded shared library c:\Users\HP\.vscode\extensions\redhat.java-1.39.0-win32-x64\jre\21.0.5-win32-x86_64\bin\java.dll
Event: 0.080 Loaded shared library c:\Users\HP\.vscode\extensions\redhat.java-1.39.0-win32-x64\jre\21.0.5-win32-x86_64\bin\zip.dll
Event: 0.101 Loaded shared library C:\Users\HP\.vscode\extensions\redhat.java-1.39.0-win32-x64\jre\21.0.5-win32-x86_64\bin\instrument.dll
Event: 0.105 Loaded shared library C:\Users\HP\.vscode\extensions\redhat.java-1.39.0-win32-x64\jre\21.0.5-win32-x86_64\bin\net.dll
Event: 0.107 Loaded shared library C:\Users\HP\.vscode\extensions\redhat.java-1.39.0-win32-x64\jre\21.0.5-win32-x86_64\bin\nio.dll
Event: 0.111 Loaded shared library C:\Users\HP\.vscode\extensions\redhat.java-1.39.0-win32-x64\jre\21.0.5-win32-x86_64\bin\zip.dll
Event: 0.131 Loaded shared library C:\Users\HP\.vscode\extensions\redhat.java-1.39.0-win32-x64\jre\21.0.5-win32-x86_64\bin\jimage.dll
Event: 0.212 Loaded shared library c:\Users\HP\.vscode\extensions\redhat.java-1.39.0-win32-x64\jre\21.0.5-win32-x86_64\bin\verify.dll
Event: 1.110 Loaded shared library C:\Users\HP\AppData\Roaming\Code\User\globalStorage\redhat.java\1.39.0\config_ss_win\org.eclipse.equinox.launcher\org.eclipse.equinox.launcher.win32.win32.x86_64_1.2.1100.v20240722-2106\eclipse_11904.dll

Deoptimization events (20 events):
Event: 2.111 Thread 0x000001d2060c9b00 DEOPT PACKING pc=0x000001d233d57994 sp=0x0000005fdd5fda30
Event: 2.111 Thread 0x000001d2060c9b00 DEOPT UNPACKING pc=0x000001d233523aa2 sp=0x0000005fdd5fd8f8 mode 2
Event: 2.228 Thread 0x000001d2060c9b00 DEOPT PACKING pc=0x000001d22c1beca6 sp=0x0000005fdd5fd920
Event: 2.228 Thread 0x000001d2060c9b00 DEOPT UNPACKING pc=0x000001d233524242 sp=0x0000005fdd5fce18 mode 0
Event: 2.355 Thread 0x000001d2060c9b00 Uncommon trap: trap_request=0xffffff45 fr.pc=0x000001d233c63898 relative=0x00000000000000f8
Event: 2.355 Thread 0x000001d2060c9b00 Uncommon trap: reason=unstable_if action=reinterpret pc=0x000001d233c63898 method=java.lang.String.getBytes([BIB)V @ 5 c2
Event: 2.355 Thread 0x000001d2060c9b00 DEOPT PACKING pc=0x000001d233c63898 sp=0x0000005fdd5fe160
Event: 2.355 Thread 0x000001d2060c9b00 DEOPT UNPACKING pc=0x000001d233523aa2 sp=0x0000005fdd5fe108 mode 2
Event: 2.359 Thread 0x000001d2060c9b00 Uncommon trap: trap_request=0xffffffcc fr.pc=0x000001d233d693c4 relative=0x0000000000000384
Event: 2.359 Thread 0x000001d2060c9b00 Uncommon trap: reason=intrinsic_or_type_checked_inlining action=make_not_entrant pc=0x000001d233d693c4 method=java.util.Arrays.copyOf([Ljava/lang/Object;ILjava/lang/Class;)[Ljava/lang/Object; @ 35 c2
Event: 2.359 Thread 0x000001d2060c9b00 DEOPT PACKING pc=0x000001d233d693c4 sp=0x0000005fdd5fc500
Event: 2.359 Thread 0x000001d2060c9b00 DEOPT UNPACKING pc=0x000001d233523aa2 sp=0x0000005fdd5fc490 mode 2
Event: 2.387 Thread 0x000001d2060c9b00 Uncommon trap: trap_request=0xffffff45 fr.pc=0x000001d233d6acbc relative=0x0000000000000fbc
Event: 2.387 Thread 0x000001d2060c9b00 Uncommon trap: reason=unstable_if action=reinterpret pc=0x000001d233d6acbc method=java.util.Properties$LineReader.readLine()I @ 256 c2
Event: 2.387 Thread 0x000001d2060c9b00 DEOPT PACKING pc=0x000001d233d6acbc sp=0x0000005fdd5fb6b0
Event: 2.387 Thread 0x000001d2060c9b00 DEOPT UNPACKING pc=0x000001d233523aa2 sp=0x0000005fdd5fb648 mode 2
Event: 2.394 Thread 0x000001d2060c9b00 Uncommon trap: trap_request=0xffffff45 fr.pc=0x000001d233c58594 relative=0x00000000000006f4
Event: 2.394 Thread 0x000001d2060c9b00 Uncommon trap: reason=unstable_if action=reinterpret pc=0x000001d233c58594 method=java.lang.String.replace(Ljava/lang/CharSequence;Ljava/lang/CharSequence;)Ljava/lang/String; @ 42 c2
Event: 2.394 Thread 0x000001d2060c9b00 DEOPT PACKING pc=0x000001d233c58594 sp=0x0000005fdd5fbb90
Event: 2.394 Thread 0x000001d2060c9b00 DEOPT UNPACKING pc=0x000001d233523aa2 sp=0x0000005fdd5fbb10 mode 2

Classes loaded (20 events):
Event: 2.343 Loading class com/sun/org/apache/xerces/internal/dom/DeferredAttrImpl
Event: 2.344 Loading class com/sun/org/apache/xerces/internal/dom/DeferredAttrImpl done
Event: 2.345 Loading class com/sun/org/apache/xerces/internal/dom/DeferredTextImpl
Event: 2.345 Loading class com/sun/org/apache/xerces/internal/dom/DeferredTextImpl done
Event: 2.352 Loading class java/lang/StackTraceElement$HashedModules
Event: 2.352 Loading class java/lang/StackTraceElement$HashedModules done
Event: 2.353 Loading class sun/nio/cs/UTF_8$Encoder
Event: 2.353 Loading class sun/nio/cs/UTF_8$Encoder done
Event: 2.354 Loading class java/io/FileOutputStream$1
Event: 2.354 Loading class java/io/FileOutputStream$1 done
Event: 2.380 Loading class java/nio/charset/IllegalCharsetNameException
Event: 2.380 Loading class java/nio/charset/IllegalCharsetNameException done
Event: 2.389 Loading class jdk/internal/logger/LoggerFinderLoader
Event: 2.389 Loading class jdk/internal/logger/LoggerFinderLoader done
Event: 2.389 Loading class jdk/internal/logger/LoggerFinderLoader$TemporaryLoggerFinder
Event: 2.389 Loading class jdk/internal/logger/LoggerFinderLoader$TemporaryLoggerFinder done
Event: 2.390 Loading class sun/util/logging/internal/LoggingProviderImpl$JULWrapper
Event: 2.390 Loading class sun/util/logging/internal/LoggingProviderImpl$JULWrapper done
Event: 2.395 Loading class java/io/File$TempDirectory
Event: 2.395 Loading class java/io/File$TempDirectory done

Classes unloaded (7 events):
Event: 2.080 Thread 0x000001d228dee570 Unloading class 0x000001d23f17c000 'java/lang/invoke/LambdaForm$MH+0x000001d23f17c000'
Event: 2.080 Thread 0x000001d228dee570 Unloading class 0x000001d23f17bc00 'java/lang/invoke/LambdaForm$MH+0x000001d23f17bc00'
Event: 2.080 Thread 0x000001d228dee570 Unloading class 0x000001d23f17b800 'java/lang/invoke/LambdaForm$MH+0x000001d23f17b800'
Event: 2.080 Thread 0x000001d228dee570 Unloading class 0x000001d23f17b400 'java/lang/invoke/LambdaForm$MH+0x000001d23f17b400'
Event: 2.080 Thread 0x000001d228dee570 Unloading class 0x000001d23f17b000 'java/lang/invoke/LambdaForm$BMH+0x000001d23f17b000'
Event: 2.080 Thread 0x000001d228dee570 Unloading class 0x000001d23f17ac00 'java/lang/invoke/LambdaForm$DMH+0x000001d23f17ac00'
Event: 2.080 Thread 0x000001d228dee570 Unloading class 0x000001d23f179800 'java/lang/invoke/LambdaForm$DMH+0x000001d23f179800'

Classes redefined (0 events):
No events

Internal exceptions (20 events):
Event: 1.605 Thread 0x000001d2060c9b00 Exception <a 'java/lang/NoSuchMethodError'{0x00000000eb279b40}: 'java.lang.Object java.lang.invoke.DirectMethodHandle$Holder.invokeSpecial(java.lang.Object, java.lang.Object, java.lang.Object, long, java.lang.Object)'> (0x00000000eb279b40) 
thrown [s\src\hotspot\share\interpreter\linkResolver.cpp, line 773]
Event: 1.606 Thread 0x000001d2060c9b00 Exception <a 'java/lang/NoSuchMethodError'{0x00000000eb281630}: 'java.lang.Object java.lang.invoke.DirectMethodHandle$Holder.newInvokeSpecial(java.lang.Object, java.lang.Object, java.lang.Object, long)'> (0x00000000eb281630) 
thrown [s\src\hotspot\share\interpreter\linkResolver.cpp, line 773]
Event: 1.606 Thread 0x000001d2060c9b00 Exception <a 'java/lang/NoSuchMethodError'{0x00000000eb2852b0}: 'java.lang.Object java.lang.invoke.Invokers$Holder.linkToTargetMethod(java.lang.Object, java.lang.Object, long, java.lang.Object)'> (0x00000000eb2852b0) 
thrown [s\src\hotspot\share\interpreter\linkResolver.cpp, line 773]
Event: 1.634 Thread 0x000001d2060c9b00 Exception <a 'java/lang/IncompatibleClassChangeError'{0x00000000eb504f10}: Found class java.lang.Object, but interface was expected> (0x00000000eb504f10) 
thrown [s\src\hotspot\share\interpreter\linkResolver.cpp, line 840]
Event: 1.635 Thread 0x000001d2060c9b00 Exception <a 'java/lang/NoSuchMethodError'{0x00000000eb508b90}: 'java.lang.Object java.lang.invoke.DirectMethodHandle$Holder.invokeSpecial(java.lang.Object, java.lang.Object, java.lang.Object, int, java.lang.Object, java.lang.Object)'> (0x00000000eb508b90) 
thrown [s\src\hotspot\share\interpreter\linkResolver.cpp, line 773]
Event: 1.636 Thread 0x000001d2060c9b00 Exception <a 'java/lang/NoSuchMethodError'{0x00000000eb510428}: 'java.lang.Object java.lang.invoke.DirectMethodHandle$Holder.newInvokeSpecial(java.lang.Object, java.lang.Object, java.lang.Object, int, java.lang.Object)'> (0x00000000eb510428) 
thrown [s\src\hotspot\share\interpreter\linkResolver.cpp, line 773]
Event: 1.636 Thread 0x000001d2060c9b00 Exception <a 'java/lang/NoSuchMethodError'{0x00000000eb513f18}: 'java.lang.Object java.lang.invoke.Invokers$Holder.linkToTargetMethod(java.lang.Object, java.lang.Object, int, java.lang.Object, java.lang.Object)'> (0x00000000eb513f18) 
thrown [s\src\hotspot\share\interpreter\linkResolver.cpp, line 773]
Event: 1.636 Thread 0x000001d2067c7010 Exception <a 'java/lang/NoSuchMethodError'{0x00000000eb2b0f58}: 'java.lang.Object java.lang.invoke.DirectMethodHandle$Holder.invokeSpecial(java.lang.Object, java.lang.Object, int, java.lang.Object, java.lang.Object)'> (0x00000000eb2b0f58) 
thrown [s\src\hotspot\share\interpreter\linkResolver.cpp, line 773]
Event: 1.637 Thread 0x000001d2067c7010 Exception <a 'java/lang/NoSuchMethodError'{0x00000000eb2b7c90}: 'java.lang.Object java.lang.invoke.DirectMethodHandle$Holder.newInvokeSpecial(java.lang.Object, java.lang.Object, int, java.lang.Object)'> (0x00000000eb2b7c90) 
thrown [s\src\hotspot\share\interpreter\linkResolver.cpp, line 773]
Event: 1.649 Thread 0x000001d2060c9b00 Exception <a 'java/lang/NoSuchMethodError'{0x00000000eb6491c8}: 'void java.lang.invoke.DirectMethodHandle$Holder.invokeSpecial(java.lang.Object, java.lang.Object, java.lang.Object, java.lang.Object, java.lang.Object)'> (0x00000000eb6491c8) 
thrown [s\src\hotspot\share\interpreter\linkResolver.cpp, line 773]
Event: 1.660 Thread 0x000001d2060c9b00 Exception <a 'java/lang/NoSuchMethodError'{0x00000000eb768f30}: 'double java.lang.invoke.DirectMethodHandle$Holder.invokeStatic(java.lang.Object, java.lang.Object)'> (0x00000000eb768f30) 
thrown [s\src\hotspot\share\interpreter\linkResolver.cpp, line 773]
Event: 1.661 Thread 0x000001d2060c9b00 Exception <a 'java/lang/NoSuchMethodError'{0x00000000eb76c5f0}: 'double java.lang.invoke.DirectMethodHandle$Holder.invokeStaticInit(java.lang.Object, java.lang.Object)'> (0x00000000eb76c5f0) 
thrown [s\src\hotspot\share\interpreter\linkResolver.cpp, line 773]
Event: 1.835 Thread 0x000001d2060c9b00 Exception <a 'java/lang/NoSuchMethodError'{0x00000000eb7a2e78}: 'int java.lang.invoke.DirectMethodHandle$Holder.invokeStaticInit(java.lang.Object, java.lang.Object, java.lang.Object)'> (0x00000000eb7a2e78) 
thrown [s\src\hotspot\share\interpreter\linkResolver.cpp, line 773]
Event: 1.861 Thread 0x000001d2060c9b00 Implicit null exception at 0x000001d233d29cf5 to 0x000001d233d29de8
Event: 2.045 Thread 0x000001d2060c9b00 Exception <a 'java/lang/NoSuchMethodError'{0x00000000ebe56bd8}: 'java.lang.Object java.lang.invoke.DirectMethodHandle$Holder.newInvokeSpecial(java.lang.Object, int, java.lang.Object, java.lang.Object)'> (0x00000000ebe56bd8) 
thrown [s\src\hotspot\share\interpreter\linkResolver.cpp, line 773]
Event: 2.105 Thread 0x000001d2060c9b00 Exception <a 'sun/nio/fs/WindowsException'{0x00000000eab2cc68}> (0x00000000eab2cc68) 
thrown [s\src\hotspot\share\prims\jni.cpp, line 520]
Event: 2.139 Thread 0x000001d2060c9b00 Exception <a 'java/lang/NoSuchMethodError'{0x00000000ead09110}: 'java.lang.Object java.lang.invoke.DirectMethodHandle$Holder.invokeStaticInit(java.lang.Object, int, int, int, int)'> (0x00000000ead09110) 
thrown [s\src\hotspot\share\interpreter\linkResolver.cpp, line 773]
Event: 2.161 Thread 0x000001d2060c9b00 Exception <a 'java/lang/NoSuchMethodError'{0x00000000eadfda00}: 'java.lang.Object java.lang.invoke.DirectMethodHandle$Holder.invokeStaticInit(java.lang.Object, java.lang.Object, int, int, int, int)'> (0x00000000eadfda00) 
thrown [s\src\hotspot\share\interpreter\linkResolver.cpp, line 773]
Event: 2.271 Thread 0x000001d2060c9b00 Exception <a 'java/lang/ClassNotFoundException'{0x00000000eb3ce828}: com/sun/org/apache/xml/internal/serializer/spi/XMLEntitiesProvider> (0x00000000eb3ce828) 
thrown [s\src\hotspot\share\classfile\systemDictionary.cpp, line 312]
Event: 2.360 Thread 0x000001d2060c9b00 Exception <a 'java/io/FileNotFoundException'{0x00000000eb75dab0}> (0x00000000eb75dab0) 
thrown [s\src\hotspot\share\prims\jni.cpp, line 520]

ZGC Phase Switch (0 events):
No events

VM Operations (20 events):
Event: 1.736 Executing VM operation: ParallelGCFailedAllocation (Allocation Failure)
Event: 1.738 Executing VM operation: ParallelGCFailedAllocation (Allocation Failure) done
Event: 1.909 Executing VM operation: ParallelGCFailedAllocation (Allocation Failure)
Event: 1.912 Executing VM operation: ParallelGCFailedAllocation (Allocation Failure) done
Event: 2.005 Executing VM operation: HandshakeAllThreads (Deoptimize)
Event: 2.005 Executing VM operation: HandshakeAllThreads (Deoptimize) done
Event: 2.070 Executing VM operation: HandshakeAllThreads (Deoptimize)
Event: 2.070 Executing VM operation: HandshakeAllThreads (Deoptimize) done
Event: 2.072 Executing VM operation: HandshakeAllThreads (Deoptimize)
Event: 2.072 Executing VM operation: HandshakeAllThreads (Deoptimize) done
Event: 2.075 Executing VM operation: CollectForMetadataAllocation (Metadata GC Threshold)
Event: 2.099 Executing VM operation: CollectForMetadataAllocation (Metadata GC Threshold) done
Event: 2.172 Executing VM operation: HandshakeAllThreads (Deoptimize)
Event: 2.172 Executing VM operation: HandshakeAllThreads (Deoptimize) done
Event: 2.173 Executing VM operation: HandshakeAllThreads (Deoptimize)
Event: 2.173 Executing VM operation: HandshakeAllThreads (Deoptimize) done
Event: 2.303 Executing VM operation: HandshakeAllThreads (Deoptimize)
Event: 2.303 Executing VM operation: HandshakeAllThreads (Deoptimize) done
Event: 2.344 Executing VM operation: HandshakeAllThreads (Deoptimize)
Event: 2.344 Executing VM operation: HandshakeAllThreads (Deoptimize) done

Memory protections (0 events):
No events

Nmethod flushes (0 events):
No events

Events (20 events):
Event: 0.042 Thread 0x000001d228d2d1f0 Thread added: 0x000001d27fa07df0
Event: 0.043 Thread 0x000001d228d2d1f0 Thread added: 0x000001d27fa294e0
Event: 0.067 Thread 0x000001d228d2d1f0 Thread added: 0x000001d27fb19850
Event: 0.078 Thread 0x000001d27fa294e0 Thread added: 0x000001d27fb24da0
Event: 0.079 Thread 0x000001d27fb24da0 Thread added: 0x000001d27fb287d0
Event: 0.087 Thread 0x000001d27fa07df0 Thread added: 0x000001d27fb4dcd0
Event: 0.140 Thread 0x000001d27fa294e0 Thread added: 0x000001d27fc884d0
Event: 0.306 Thread 0x000001d228d2d1f0 Thread added: 0x000001d27fd60400
Event: 0.400 Thread 0x000001d27fc884d0 Thread added: 0x000001d20128eee0
Event: 0.607 Thread 0x000001d27fa294e0 Thread added: 0x000001d2063e7220
Event: 0.977 Thread 0x000001d228d2d1f0 Thread added: 0x000001d20624e270
Event: 1.102 Thread 0x000001d228d2d1f0 Thread added: 0x000001d2018347c0
Event: 1.105 Thread 0x000001d228d2d1f0 Thread added: 0x000001d2060c9b00
Event: 1.134 Thread 0x000001d2060c9b00 Thread added: 0x000001d2017ac1c0
Event: 1.211 Thread 0x000001d2060c9b00 Thread added: 0x000001d206297060
Event: 1.401 Thread 0x000001d2060c9b00 Thread added: 0x000001d20630f290
Event: 1.610 Thread 0x000001d2060c9b00 Thread added: 0x000001d2067c7010
Event: 1.637 Thread 0x000001d2060c9b00 Thread added: 0x000001d206671a80
Event: 2.025 Thread 0x000001d2060c9b00 Thread added: 0x000001d20749f140
Event: 2.127 Thread 0x000001d20749f140 Thread exited: 0x000001d20749f140


Dynamic libraries:
0x00007ff7658e0000 - 0x00007ff7658ee000 	c:\Users\HP\.vscode\extensions\redhat.java-1.39.0-win32-x64\jre\21.0.5-win32-x86_64\bin\java.exe
0x00007fff16c10000 - 0x00007fff16e27000 	C:\WINDOWS\SYSTEM32\ntdll.dll
0x00007fff150a0000 - 0x00007fff15164000 	C:\WINDOWS\System32\KERNEL32.DLL
0x00007fff14090000 - 0x00007fff1444a000 	C:\WINDOWS\System32\KERNELBASE.dll
0x00007fff13f70000 - 0x00007fff14081000 	C:\WINDOWS\System32\ucrtbase.dll
0x00007fff0f160000 - 0x00007fff0f178000 	c:\Users\HP\.vscode\extensions\redhat.java-1.39.0-win32-x64\jre\21.0.5-win32-x86_64\bin\jli.dll
0x00007fff0d840000 - 0x00007fff0d85e000 	c:\Users\HP\.vscode\extensions\redhat.java-1.39.0-win32-x64\jre\21.0.5-win32-x86_64\bin\VCRUNTIME140.dll
0x00007fff14ef0000 - 0x00007fff1509e000 	C:\WINDOWS\System32\USER32.dll
0x00007ffee9d10000 - 0x00007ffee9fa2000 	C:\WINDOWS\WinSxS\amd64_microsoft.windows.common-controls_6595b64144ccf1df_6.0.22621.4541_none_2710d1c57384c085\COMCTL32.dll
0x00007fff14450000 - 0x00007fff14476000 	C:\WINDOWS\System32\win32u.dll
0x00007fff15ef0000 - 0x00007fff15f97000 	C:\WINDOWS\System32\msvcrt.dll
0x00007fff160e0000 - 0x00007fff16109000 	C:\WINDOWS\System32\GDI32.dll
0x00007fff145c0000 - 0x00007fff146db000 	C:\WINDOWS\System32\gdi32full.dll
0x00007fff13ed0000 - 0x00007fff13f6a000 	C:\WINDOWS\System32\msvcp_win.dll
0x00007fff16110000 - 0x00007fff16141000 	C:\WINDOWS\System32\IMM32.DLL
0x00007fff0fc10000 - 0x00007fff0fc1c000 	c:\Users\HP\.vscode\extensions\redhat.java-1.39.0-win32-x64\jre\21.0.5-win32-x86_64\bin\vcruntime140_1.dll
0x00007ffed9e60000 - 0x00007ffed9eed000 	c:\Users\HP\.vscode\extensions\redhat.java-1.39.0-win32-x64\jre\21.0.5-win32-x86_64\bin\msvcp140.dll
0x00007ffecc1c0000 - 0x00007ffeccf4f000 	c:\Users\HP\.vscode\extensions\redhat.java-1.39.0-win32-x64\jre\21.0.5-win32-x86_64\bin\server\jvm.dll
0x00007fff16000000 - 0x00007fff160b2000 	C:\WINDOWS\System32\ADVAPI32.dll
0x00007fff16a70000 - 0x00007fff16b17000 	C:\WINDOWS\System32\sechost.dll
0x00007fff146e0000 - 0x00007fff14708000 	C:\WINDOWS\System32\bcrypt.dll
0x00007fff15170000 - 0x00007fff15284000 	C:\WINDOWS\System32\RPCRT4.dll
0x00007fff16170000 - 0x00007fff161e1000 	C:\WINDOWS\System32\WS2_32.dll
0x00007ffefe640000 - 0x00007ffefe674000 	C:\WINDOWS\SYSTEM32\WINMM.dll
0x00007fff0c0c0000 - 0x00007fff0c0ca000 	C:\WINDOWS\SYSTEM32\VERSION.dll
0x00007fff13bf0000 - 0x00007fff13c3d000 	C:\WINDOWS\SYSTEM32\POWRPROF.dll
0x00007fff13bd0000 - 0x00007fff13be3000 	C:\WINDOWS\SYSTEM32\UMPDC.dll
0x00007fff12ed0000 - 0x00007fff12ee8000 	C:\WINDOWS\SYSTEM32\kernel.appcore.dll
0x00007fff0fbf0000 - 0x00007fff0fbfa000 	c:\Users\HP\.vscode\extensions\redhat.java-1.39.0-win32-x64\jre\21.0.5-win32-x86_64\bin\jimage.dll
0x00007fff116d0000 - 0x00007fff11902000 	C:\WINDOWS\SYSTEM32\DBGHELP.DLL
0x00007fff15910000 - 0x00007fff15ca1000 	C:\WINDOWS\System32\combase.dll
0x00007fff15820000 - 0x00007fff158f7000 	C:\WINDOWS\System32\OLEAUT32.dll
0x00007ffeeaae0000 - 0x00007ffeeab12000 	C:\WINDOWS\SYSTEM32\dbgcore.DLL
0x00007fff14540000 - 0x00007fff145bb000 	C:\WINDOWS\System32\bcryptPrimitives.dll
0x00007fff0f2c0000 - 0x00007fff0f2cf000 	c:\Users\HP\.vscode\extensions\redhat.java-1.39.0-win32-x64\jre\21.0.5-win32-x86_64\bin\instrument.dll
0x00007fff0cb10000 - 0x00007fff0cb2f000 	c:\Users\HP\.vscode\extensions\redhat.java-1.39.0-win32-x64\jre\21.0.5-win32-x86_64\bin\java.dll
0x00007fff161f0000 - 0x00007fff16a69000 	C:\WINDOWS\System32\SHELL32.dll
0x00007fff11dc0000 - 0x00007fff126c9000 	C:\WINDOWS\SYSTEM32\windows.storage.dll
0x00007fff11c80000 - 0x00007fff11dbf000 	C:\WINDOWS\SYSTEM32\wintypes.dll
0x00007fff14d80000 - 0x00007fff14e7a000 	C:\WINDOWS\System32\SHCORE.dll
0x00007fff15fa0000 - 0x00007fff15ffe000 	C:\WINDOWS\System32\shlwapi.dll
0x00007fff13e00000 - 0x00007fff13e2b000 	C:\WINDOWS\SYSTEM32\profapi.dll
0x00007ffefadf0000 - 0x00007ffefae08000 	c:\Users\HP\.vscode\extensions\redhat.java-1.39.0-win32-x64\jre\21.0.5-win32-x86_64\bin\zip.dll
0x00007fff0f910000 - 0x00007fff0f920000 	C:\Users\HP\.vscode\extensions\redhat.java-1.39.0-win32-x64\jre\21.0.5-win32-x86_64\bin\net.dll
0x00007fff0f580000 - 0x00007fff0f6b6000 	C:\WINDOWS\SYSTEM32\WINHTTP.dll
0x00007fff13340000 - 0x00007fff133a9000 	C:\WINDOWS\system32\mswsock.dll
0x00007ffef8bf0000 - 0x00007ffef8c06000 	C:\Users\HP\.vscode\extensions\redhat.java-1.39.0-win32-x64\jre\21.0.5-win32-x86_64\bin\nio.dll
0x00007fff0d800000 - 0x00007fff0d810000 	c:\Users\HP\.vscode\extensions\redhat.java-1.39.0-win32-x64\jre\21.0.5-win32-x86_64\bin\verify.dll
0x00007ffef5400000 - 0x00007ffef5445000 	C:\Users\HP\AppData\Roaming\Code\User\globalStorage\redhat.java\1.39.0\config_ss_win\org.eclipse.equinox.launcher\org.eclipse.equinox.launcher.win32.win32.x86_64_1.2.1100.v20240722-2106\eclipse_11904.dll
0x00007fff14a50000 - 0x00007fff14bf5000 	C:\WINDOWS\System32\ole32.dll
0x00007fff13690000 - 0x00007fff136ab000 	C:\WINDOWS\SYSTEM32\CRYPTSP.dll
0x00007fff12e30000 - 0x00007fff12e65000 	C:\WINDOWS\system32\rsaenh.dll
0x00007fff133e0000 - 0x00007fff13408000 	C:\WINDOWS\SYSTEM32\USERENV.dll
0x00007fff13670000 - 0x00007fff1367c000 	C:\WINDOWS\SYSTEM32\CRYPTBASE.dll
0x00007fff12970000 - 0x00007fff1299d000 	C:\WINDOWS\SYSTEM32\IPHLPAPI.DLL
0x00007fff15900000 - 0x00007fff15909000 	C:\WINDOWS\System32\NSI.dll
0x00007ffef08f0000 - 0x00007ffef0939000 	C:\Users\HP\AppData\Local\Temp\jna-2312\jna1171951772869905950.dll
0x00007fff14c00000 - 0x00007fff14c08000 	C:\WINDOWS\System32\PSAPI.DLL

dbghelp: loaded successfully - version: 4.0.5 - missing functions: none
symbol engine: initialized successfully - sym options: 0x614 - pdb path: .;c:\Users\HP\.vscode\extensions\redhat.java-1.39.0-win32-x64\jre\21.0.5-win32-x86_64\bin;C:\WINDOWS\SYSTEM32;C:\WINDOWS\WinSxS\amd64_microsoft.windows.common-controls_6595b64144ccf1df_6.0.22621.4541_none_2710d1c57384c085;c:\Users\HP\.vscode\extensions\redhat.java-1.39.0-win32-x64\jre\21.0.5-win32-x86_64\bin\server;C:\Users\HP\AppData\Roaming\Code\User\globalStorage\redhat.java\1.39.0\config_ss_win\org.eclipse.equinox.launcher\org.eclipse.equinox.launcher.win32.win32.x86_64_1.2.1100.v20240722-2106;C:\Users\HP\AppData\Local\Temp\jna-2312

VM Arguments:
jvm_args: --add-modules=ALL-SYSTEM --add-opens=java.base/java.util=ALL-UNNAMED --add-opens=java.base/java.lang=ALL-UNNAMED --add-opens=java.base/sun.nio.fs=ALL-UNNAMED -Declipse.application=org.eclipse.jdt.ls.core.id1 -Dosgi.bundles.defaultStartLevel=4 -Declipse.product=org.eclipse.jdt.ls.core.product -Djava.import.generatesMetadataFilesAtProjectRoot=false -DDetectVMInstallationsJob.disabled=true -Dfile.encoding=utf8 -XX:+UseParallelGC -XX:GCTimeRatio=4 -XX:AdaptiveSizePolicyWeight=90 -Dsun.zip.disableMemoryMapping=true -Xmx1G -Xms100m -Xlog:disable -javaagent:c:\Users\HP\.vscode\extensions\redhat.java-1.39.0-win32-x64\lombok\lombok-1.18.34.jar 
java_command: c:\Users\HP\.vscode\extensions\redhat.java-1.39.0-win32-x64\server\plugins\org.eclipse.equinox.launcher_1.6.900.v20240613-2009.jar -configuration c:\Users\HP\AppData\Roaming\Code\User\globalStorage\redhat.java\1.39.0\config_ss_win -data c:\Users\HP\AppData\Roaming\Code\User\workspaceStorage\18e594e4b8ee66ca9d8ea60eef527bbe\redhat.java\ss_ws --pipe=\\.\pipe\lsp-4c074cebba87b004b6813d0c2f318e99-sock
java_class_path (initial): c:\Users\HP\.vscode\extensions\redhat.java-1.39.0-win32-x64\server\plugins\org.eclipse.equinox.launcher_1.6.900.v20240613-2009.jar
Launcher Type: SUN_STANDARD

[Global flags]
    uintx AdaptiveSizePolicyWeight                 = 90                                        {product} {command line}
     intx CICompilerCount                          = 12                                        {product} {ergonomic}
    uintx GCTimeRatio                              = 4                                         {product} {command line}
   size_t InitialHeapSize                          = 104857600                                 {product} {command line}
   size_t MaxHeapSize                              = 1073741824                                {product} {command line}
   size_t MaxNewSize                               = 357564416                                 {product} {ergonomic}
   size_t MinHeapDeltaBytes                        = 524288                                    {product} {ergonomic}
   size_t MinHeapSize                              = 104857600                                 {product} {command line}
   size_t NewSize                                  = 34603008                                  {product} {ergonomic}
    uintx NonNMethodCodeHeapSize                   = 7602480                                {pd product} {ergonomic}
    uintx NonProfiledCodeHeapSize                  = 122027880                              {pd product} {ergonomic}
   size_t OldSize                                  = 70254592                                  {product} {ergonomic}
    uintx ProfiledCodeHeapSize                     = 122027880                              {pd product} {ergonomic}
    uintx ReservedCodeCacheSize                    = 251658240                              {pd product} {ergonomic}
     bool SegmentedCodeCache                       = true                                      {product} {ergonomic}
   size_t SoftMaxHeapSize                          = 1073741824                             {manageable} {ergonomic}
     bool UseCompressedOops                        = true                           {product lp64_product} {ergonomic}
     bool UseLargePagesIndividualAllocation        = false                                  {pd product} {ergonomic}
     bool UseParallelGC                            = true                                      {product} {command line}

Logging:
Log output configuration:
 #0: stdout all=off uptime,level,tags foldmultilines=false
 #1: stderr all=off uptime,level,tags foldmultilines=false

Environment Variables:
JAVA_HOME=C:\Program Files\Microsoft\jdk-17.0.13.11-hotspot
PATH=C:\Program Files\Common Files\Oracle\Java\javapath;C:\Program Files (x86)\Common Files\Oracle\Java\java8path;C:\Program Files (x86)\Common Files\Oracle\Java\javapath;C:\Program Files\Microsoft\jdk-17.0.13.11-hotspot\bin;C:\WINDOWS\system32;C:\WINDOWS;C:\WINDOWS\System32\Wbem;C:\WINDOWS\System32\WindowsPowerShell\v1.0\;C:\WINDOWS\System32\OpenSSH\;C:\Program Files (x86)\Microsoft SQL Server\160\DTS\Binn\;C:\Program Files\Microsoft SQL Server\150\Tools\Binn\;C:\Program Files\Microsoft SQL Server\Client SDK\ODBC\170\Tools\Binn\;C:\Program Files\dotnet\;C:\ProgramData\chocolatey\bin;C:\Users\HP\AppData\Local\Android\Sdk\platform-tools;C:\Users\HP\AppData\Local\Android\Sdk\emulator;C:\Users\HP\AppData\Local\Android\Sdk\build-tools;C:\Users\HP\AppData\Local\Android\Sdk\platforms;C:\Program Files\Microsoft\jdk-17.0.13.11-hotspot\bin;C:\Program Files\nodejs\;C:\Program Files\Git\cmd;C:\Program Files\Git\bin;C:\Windows\System32;C:\Users\HP\AppData\Local\Microsoft\WindowsApps;C:\Users\HP\.dotnet\tools;C:\Users\HP\AppData\Local\Programs\Microsoft VS Code\bin;C:\Users\HP\AppData\Local\Android\Sdk\platform-tools;C:\Users\HP\AppData\Local\Android\Sdk\emulator;C:\Users\HP\AppData\Local\Android\Sdk\build-tools;C:\Users\HP\AppData\Local\Android\Sdk\platforms;C:\Program Files\Microsoft\jdk-17.0.13.11-hotspot\bin;C:\Program Files\Microsoft\jdk-17.0.13.11-hotspot\bin;C:\Users\HP\AppData\Roaming\npm;C:\Program Files\Git\cmd;C:\Program Files\Git\bin;
USERNAME=HP
OS=Windows_NT
PROCESSOR_IDENTIFIER=Intel64 Family 6 Model 165 Stepping 5, GenuineIntel
TMP=C:\Users\HP\AppData\Local\Temp
TEMP=C:\Users\HP\AppData\Local\Temp




Periodic native trim disabled

---------------  S Y S T E M  ---------------

OS:
 Windows 11 , 64 bit Build 22621 (10.0.22621.4391)
OS uptime: 0 days 5:01 hours
Hyper-V role detected

CPU: total 16 (initial active 16) (8 cores per cpu, 2 threads per core) family 6 model 165 stepping 5 microcode 0xfc, cx8, cmov, fxsr, ht, mmx, 3dnowpref, sse, sse2, sse3, ssse3, sse4.1, sse4.2, popcnt, lzcnt, tsc, tscinvbit, avx, avx2, aes, erms, clmul, bmi1, bmi2, adx, fma, vzeroupper, clflush, clflushopt, hv, rdtscp, f16c
Processor Information for all 16 processors :
  Max Mhz: 2904, Current Mhz: 2904, Mhz Limit: 2904

Memory: 4k page, system-wide physical 16160M (2286M free)
TotalPageFile size 46577M (AvailPageFile size 207M)
current process WorkingSet (physical memory assigned to process): 166M, peak: 174M
current process commit charge ("private bytes"): 281M, peak: 289M

vm_info: OpenJDK 64-Bit Server VM (21.0.5+11-LTS) for windows-amd64 JRE (21.0.5+11-LTS), built on 2024-10-15T00:00:00Z by "admin" with MS VC++ 17.7 (VS2022)

END.
