#
# There is insufficient memory for the Java Runtime Environment to continue.
# Native memory allocation (mmap) failed to map 65536 bytes. Error detail: Failed to commit metaspace.
# Possible reasons:
#   The system is out of physical RAM or swap space
#   This process is running with CompressedOops enabled, and the Java Heap may be blocking the growth of the native heap
# Possible solutions:
#   Reduce memory load on the system
#   Increase physical memory or swap space
#   Check if swap backing store is full
#   Decrease Java heap size (-Xmx/-Xms)
#   Decrease number of Java threads
#   Decrease Java thread stack sizes (-Xss)
#   Set larger code cache with -XX:ReservedCodeCacheSize=
#   JVM is running with Unscaled Compressed Oops mode in which the Java heap is
#     placed in the first 4GB address space. The Java Heap base address is the
#     maximum limit for the native heap growth. Please use -XX:HeapBaseMinAddress
#     to set the Java Heap base and to place the Java Heap above 4GB virtual address.
# This output file may be truncated or incomplete.
#
#  Out of Memory Error (virtualSpaceNode.cpp:113), pid=18516, tid=11604
#
# JRE version:  (21.0.5+11) (build )
# Java VM: OpenJDK 64-Bit Server VM (21.0.5+11-LTS, mixed mode, tiered, compressed oops, compressed class ptrs, parallel gc, windows-amd64)
# No core dump will be written. Minidumps are not enabled by default on client versions of Windows
#

---------------  S U M M A R Y ------------

Command Line: --add-modules=ALL-SYSTEM --add-opens=java.base/java.util=ALL-UNNAMED --add-opens=java.base/java.lang=ALL-UNNAMED --add-opens=java.base/sun.nio.fs=ALL-UNNAMED -Declipse.application=org.eclipse.jdt.ls.core.id1 -Dosgi.bundles.defaultStartLevel=4 -Declipse.product=org.eclipse.jdt.ls.core.product -Djava.import.generatesMetadataFilesAtProjectRoot=false -DDetectVMInstallationsJob.disabled=true -Dfile.encoding=utf8 -XX:+UseParallelGC -XX:GCTimeRatio=4 -XX:AdaptiveSizePolicyWeight=90 -Dsun.zip.disableMemoryMapping=true -Xmx1G -Xms100m -Xlog:disable -javaagent:c:\Users\HP\.vscode\extensions\redhat.java-1.39.0-win32-x64\lombok\lombok-1.18.34.jar -XX:+HeapDumpOnOutOfMemoryError -XX:HeapDumpPath=c:\Users\HP\AppData\Roaming\Code\User\workspaceStorage\18e594e4b8ee66ca9d8ea60eef527bbe\redhat.java -Daether.dependencyCollector.impl=bf c:\Users\HP\.vscode\extensions\redhat.java-1.39.0-win32-x64\server\plugins\org.eclipse.equinox.launcher_1.6.900.v20240613-2009.jar -configuration c:\Users\HP\AppData\Roaming\Code\User\globalStorage\redhat.java\1.39.0\config_win -data c:\Users\HP\AppData\Roaming\Code\User\workspaceStorage\18e594e4b8ee66ca9d8ea60eef527bbe\redhat.java\jdt_ws --pipe=\\.\pipe\lsp-2527aaf3c72602c13bd1265d3d534eda-sock

Host: Intel(R) Core(TM) i7-10700 CPU @ 2.90GHz, 16 cores, 15G,  Windows 11 , 64 bit Build 22621 (10.0.22621.4391)
Time: Fri Jan 31 16:16:01 2025 India Standard Time elapsed time: 0.054010 seconds (0d 0h 0m 0s)

---------------  T H R E A D  ---------------

Current thread (0x0000021a43b31750):  JavaThread "Unknown thread" [_thread_in_vm, id=11604, stack(0x000000f305900000,0x000000f305a00000) (1024K)]

Stack: [0x000000f305900000,0x000000f305a00000]
Native frames: (J=compiled Java code, j=interpreted, Vv=VM code, C=native code)
V  [jvm.dll+0x6cd4e9]
V  [jvm.dll+0x8a7941]
V  [jvm.dll+0x8a9e6e]
V  [jvm.dll+0x8aa543]
V  [jvm.dll+0x27f6d6]
V  [jvm.dll+0x8a368e]
V  [jvm.dll+0x6701c5]
V  [jvm.dll+0x67022a]
V  [jvm.dll+0x672a12]
V  [jvm.dll+0x6728e2]
V  [jvm.dll+0x670b9e]
V  [jvm.dll+0x2693ef]
V  [jvm.dll+0x67ae05]
V  [jvm.dll+0x2155fd]
V  [jvm.dll+0x215b7a]
V  [jvm.dll+0x2165a5]
V  [jvm.dll+0x20bb6e]
V  [jvm.dll+0x5ae1dc]
V  [jvm.dll+0x21d22a]
V  [jvm.dll+0x82030c]
V  [jvm.dll+0x821334]
V  [jvm.dll+0x821902]
V  [jvm.dll+0x821588]
V  [jvm.dll+0x8a5933]
V  [jvm.dll+0x8a5716]
V  [jvm.dll+0x86f1f9]
V  [jvm.dll+0x870acd]
V  [jvm.dll+0x3bc109]
V  [jvm.dll+0x859dd8]
V  [jvm.dll+0x4504ee]
V  [jvm.dll+0x452131]
C  [jli.dll+0x5278]
C  [ucrtbase.dll+0x29333]
C  [KERNEL32.DLL+0x1259d]
C  [ntdll.dll+0x5af38]


---------------  P R O C E S S  ---------------

Threads class SMR info:
_java_thread_list=0x0000021a43b99c10, length=1, elements={
0x0000021a43b31750
}

Java Threads: ( => current thread )
=>0x0000021a43b31750 JavaThread "Unknown thread"             [_thread_in_vm, id=11604, stack(0x000000f305900000,0x000000f305a00000) (1024K)]
Total: 1

Other Threads:
  0x0000021a000dca00 WatcherThread "VM Periodic Task Thread"        [id=13636, stack(0x000000f305b00000,0x000000f305c00000) (1024K)]
  0x0000021a41781020 WorkerThread "GC Thread#0"                     [id=20356, stack(0x000000f305a00000,0x000000f305b00000) (1024K)]
Total: 2

Threads with active compile tasks:
Total: 0

VM state: not at safepoint (not fully initialized)

VM Mutex/Monitor currently owned by a thread:  ([mutex/lock_event])
[0x00007ffecce6b300] Metaspace_lock - owner thread: 0x0000021a43b31750

Heap address: 0x00000000c0000000, size: 1024 MB, Compressed Oops mode: 32-bit

CDS archive(s) not mapped
Compressed class space mapped at: 0x0000000100000000-0x0000000140000000, reserved size: 1073741824
Narrow klass base: 0x0000000000000000, Narrow klass shift: 3, Narrow klass range: 0x140000000

GC Precious Log:
 CardTable entry size: 512
 CPUs: 16 total, 16 available
 Memory: 16160M
 Large Page Support: Disabled
 NUMA Support: Disabled
 Compressed Oops: Enabled (32-bit)
 Alignments: Space 512K, Generation 512K, Heap 2M
 Heap Min Capacity: 100M
 Heap Initial Capacity: 100M
 Heap Max Capacity: 1G
 Pre-touch: Disabled
 Parallel Workers: 13

Heap:
 PSYoungGen      total 29696K, used 512K [0x00000000eab00000, 0x00000000ecc00000, 0x0000000100000000)
  eden space 25600K, 2% used [0x00000000eab00000,0x00000000eab80070,0x00000000ec400000)
  from space 4096K, 0% used [0x00000000ec800000,0x00000000ec800000,0x00000000ecc00000)
  to   space 4096K, 0% used [0x00000000ec400000,0x00000000ec400000,0x00000000ec800000)
 ParOldGen       total 68608K, used 0K [0x00000000c0000000, 0x00000000c4300000, 0x00000000eab00000)
  object space 68608K, 0% used [0x00000000c0000000,0x00000000c0000000,0x00000000c4300000)
 Metaspace       used 1035K, committed 1088K, reserved 1114112K
  class space    used 76K, committed 128K, reserved 1048576K

Card table byte_map: [0x0000021a434d0000,0x0000021a436e0000] _byte_map_base: 0x0000021a42ed0000

Marking Bits: (ParMarkBitMap*) 0x00007ffecce72250
 Begin Bits: [0x0000021a55e80000, 0x0000021a56e80000)
 End Bits:   [0x0000021a56e80000, 0x0000021a57e80000)

GC Heap History (0 events):
No events

Dll operation events (2 events):
Event: 0.010 Loaded shared library c:\Users\HP\.vscode\extensions\redhat.java-1.39.0-win32-x64\jre\21.0.5-win32-x86_64\bin\java.dll
Event: 0.022 Loaded shared library c:\Users\HP\.vscode\extensions\redhat.java-1.39.0-win32-x64\jre\21.0.5-win32-x86_64\bin\zip.dll

Deoptimization events (0 events):
No events

Classes loaded (20 events):
Event: 0.043 Loading class jdk/internal/module/Modules done
Event: 0.043 Loading class java/io/ByteArrayInputStream
Event: 0.045 Loading class java/io/InputStream
Event: 0.045 Loading class java/io/Closeable
Event: 0.045 Loading class java/lang/AutoCloseable
Event: 0.045 Loading class java/lang/AutoCloseable done
Event: 0.045 Loading class java/io/Closeable done
Event: 0.045 Loading class java/io/InputStream done
Event: 0.045 Loading class java/io/ByteArrayInputStream done
Event: 0.045 Loading class java/net/URL
Event: 0.047 Loading class java/net/URL done
Event: 0.047 Loading class java/net/URLClassLoader
Event: 0.047 Loading class java/net/URLClassLoader done
Event: 0.047 Loading class java/lang/Enum
Event: 0.047 Loading class java/lang/Enum done
Event: 0.047 Loading class java/util/jar/Manifest
Event: 0.048 Loading class java/util/jar/Manifest done
Event: 0.048 Loading class jdk/internal/loader/BuiltinClassLoader
Event: 0.048 Loading class jdk/internal/loader/BuiltinClassLoader done
Event: 0.048 Loading class jdk/internal/loader/ClassLoaders

Classes unloaded (0 events):
No events

Classes redefined (0 events):
No events

Internal exceptions (0 events):
No events

ZGC Phase Switch (0 events):
No events

VM Operations (0 events):
No events

Memory protections (0 events):
No events

Nmethod flushes (0 events):
No events

Events (1 events):
Event: 0.020 Thread 0x0000021a43b31750 Thread added: 0x0000021a43b31750


Dynamic libraries:
0x00007ff7658e0000 - 0x00007ff7658ee000 	c:\Users\HP\.vscode\extensions\redhat.java-1.39.0-win32-x64\jre\21.0.5-win32-x86_64\bin\java.exe
0x00007fff16c10000 - 0x00007fff16e27000 	C:\WINDOWS\SYSTEM32\ntdll.dll
0x00007fff150a0000 - 0x00007fff15164000 	C:\WINDOWS\System32\KERNEL32.DLL
0x00007fff14090000 - 0x00007fff1444a000 	C:\WINDOWS\System32\KERNELBASE.dll
0x00007fff13f70000 - 0x00007fff14081000 	C:\WINDOWS\System32\ucrtbase.dll
0x00007fff0f160000 - 0x00007fff0f178000 	c:\Users\HP\.vscode\extensions\redhat.java-1.39.0-win32-x64\jre\21.0.5-win32-x86_64\bin\jli.dll
0x00007fff14ef0000 - 0x00007fff1509e000 	C:\WINDOWS\System32\USER32.dll
0x00007fff14450000 - 0x00007fff14476000 	C:\WINDOWS\System32\win32u.dll
0x00007fff160e0000 - 0x00007fff16109000 	C:\WINDOWS\System32\GDI32.dll
0x00007fff145c0000 - 0x00007fff146db000 	C:\WINDOWS\System32\gdi32full.dll
0x00007fff13ed0000 - 0x00007fff13f6a000 	C:\WINDOWS\System32\msvcp_win.dll
0x00007fff0d840000 - 0x00007fff0d85e000 	c:\Users\HP\.vscode\extensions\redhat.java-1.39.0-win32-x64\jre\21.0.5-win32-x86_64\bin\VCRUNTIME140.dll
0x00007ffee9d10000 - 0x00007ffee9fa2000 	C:\WINDOWS\WinSxS\amd64_microsoft.windows.common-controls_6595b64144ccf1df_6.0.22621.4541_none_2710d1c57384c085\COMCTL32.dll
0x00007fff15ef0000 - 0x00007fff15f97000 	C:\WINDOWS\System32\msvcrt.dll
0x00007fff16110000 - 0x00007fff16141000 	C:\WINDOWS\System32\IMM32.DLL
0x00007fff0fc10000 - 0x00007fff0fc1c000 	c:\Users\HP\.vscode\extensions\redhat.java-1.39.0-win32-x64\jre\21.0.5-win32-x86_64\bin\vcruntime140_1.dll
0x00007ffed9e60000 - 0x00007ffed9eed000 	c:\Users\HP\.vscode\extensions\redhat.java-1.39.0-win32-x64\jre\21.0.5-win32-x86_64\bin\msvcp140.dll
0x00007ffecc1c0000 - 0x00007ffeccf4f000 	c:\Users\HP\.vscode\extensions\redhat.java-1.39.0-win32-x64\jre\21.0.5-win32-x86_64\bin\server\jvm.dll
0x00007fff16000000 - 0x00007fff160b2000 	C:\WINDOWS\System32\ADVAPI32.dll
0x00007fff16a70000 - 0x00007fff16b17000 	C:\WINDOWS\System32\sechost.dll
0x00007fff146e0000 - 0x00007fff14708000 	C:\WINDOWS\System32\bcrypt.dll
0x00007fff15170000 - 0x00007fff15284000 	C:\WINDOWS\System32\RPCRT4.dll
0x00007fff16170000 - 0x00007fff161e1000 	C:\WINDOWS\System32\WS2_32.dll
0x00007fff13bf0000 - 0x00007fff13c3d000 	C:\WINDOWS\SYSTEM32\POWRPROF.dll
0x00007fff0c0c0000 - 0x00007fff0c0ca000 	C:\WINDOWS\SYSTEM32\VERSION.dll
0x00007ffefe640000 - 0x00007ffefe674000 	C:\WINDOWS\SYSTEM32\WINMM.dll
0x00007fff13bd0000 - 0x00007fff13be3000 	C:\WINDOWS\SYSTEM32\UMPDC.dll
0x00007fff12ed0000 - 0x00007fff12ee8000 	C:\WINDOWS\SYSTEM32\kernel.appcore.dll
0x00007fff0fbf0000 - 0x00007fff0fbfa000 	c:\Users\HP\.vscode\extensions\redhat.java-1.39.0-win32-x64\jre\21.0.5-win32-x86_64\bin\jimage.dll
0x00007fff116d0000 - 0x00007fff11902000 	C:\WINDOWS\SYSTEM32\DBGHELP.DLL
0x00007fff15910000 - 0x00007fff15ca1000 	C:\WINDOWS\System32\combase.dll
0x00007fff15820000 - 0x00007fff158f7000 	C:\WINDOWS\System32\OLEAUT32.dll
0x00007ffeeaae0000 - 0x00007ffeeab12000 	C:\WINDOWS\SYSTEM32\dbgcore.DLL
0x00007fff14540000 - 0x00007fff145bb000 	C:\WINDOWS\System32\bcryptPrimitives.dll
0x00007fff0f2c0000 - 0x00007fff0f2cf000 	c:\Users\HP\.vscode\extensions\redhat.java-1.39.0-win32-x64\jre\21.0.5-win32-x86_64\bin\instrument.dll
0x00007fff0cb10000 - 0x00007fff0cb2f000 	c:\Users\HP\.vscode\extensions\redhat.java-1.39.0-win32-x64\jre\21.0.5-win32-x86_64\bin\java.dll
0x00007ffefadf0000 - 0x00007ffefae08000 	c:\Users\HP\.vscode\extensions\redhat.java-1.39.0-win32-x64\jre\21.0.5-win32-x86_64\bin\zip.dll

dbghelp: loaded successfully - version: 4.0.5 - missing functions: none
symbol engine: initialized successfully - sym options: 0x614 - pdb path: .;c:\Users\HP\.vscode\extensions\redhat.java-1.39.0-win32-x64\jre\21.0.5-win32-x86_64\bin;C:\WINDOWS\SYSTEM32;C:\WINDOWS\WinSxS\amd64_microsoft.windows.common-controls_6595b64144ccf1df_6.0.22621.4541_none_2710d1c57384c085;c:\Users\HP\.vscode\extensions\redhat.java-1.39.0-win32-x64\jre\21.0.5-win32-x86_64\bin\server

VM Arguments:
jvm_args: --add-modules=ALL-SYSTEM --add-opens=java.base/java.util=ALL-UNNAMED --add-opens=java.base/java.lang=ALL-UNNAMED --add-opens=java.base/sun.nio.fs=ALL-UNNAMED -Declipse.application=org.eclipse.jdt.ls.core.id1 -Dosgi.bundles.defaultStartLevel=4 -Declipse.product=org.eclipse.jdt.ls.core.product -Djava.import.generatesMetadataFilesAtProjectRoot=false -DDetectVMInstallationsJob.disabled=true -Dfile.encoding=utf8 -XX:+UseParallelGC -XX:GCTimeRatio=4 -XX:AdaptiveSizePolicyWeight=90 -Dsun.zip.disableMemoryMapping=true -Xmx1G -Xms100m -Xlog:disable -javaagent:c:\Users\HP\.vscode\extensions\redhat.java-1.39.0-win32-x64\lombok\lombok-1.18.34.jar -XX:+HeapDumpOnOutOfMemoryError -XX:HeapDumpPath=c:\Users\HP\AppData\Roaming\Code\User\workspaceStorage\18e594e4b8ee66ca9d8ea60eef527bbe\redhat.java -Daether.dependencyCollector.impl=bf 
java_command: c:\Users\HP\.vscode\extensions\redhat.java-1.39.0-win32-x64\server\plugins\org.eclipse.equinox.launcher_1.6.900.v20240613-2009.jar -configuration c:\Users\HP\AppData\Roaming\Code\User\globalStorage\redhat.java\1.39.0\config_win -data c:\Users\HP\AppData\Roaming\Code\User\workspaceStorage\18e594e4b8ee66ca9d8ea60eef527bbe\redhat.java\jdt_ws --pipe=\\.\pipe\lsp-2527aaf3c72602c13bd1265d3d534eda-sock
java_class_path (initial): c:\Users\HP\.vscode\extensions\redhat.java-1.39.0-win32-x64\server\plugins\org.eclipse.equinox.launcher_1.6.900.v20240613-2009.jar
Launcher Type: SUN_STANDARD

[Global flags]
    uintx AdaptiveSizePolicyWeight                 = 90                                        {product} {command line}
     intx CICompilerCount                          = 12                                        {product} {ergonomic}
    uintx GCTimeRatio                              = 4                                         {product} {command line}
     bool HeapDumpOnOutOfMemoryError               = true                                   {manageable} {command line}
    ccstr HeapDumpPath                             = c:\Users\HP\AppData\Roaming\Code\User\workspaceStorage\18e594e4b8ee66ca9d8ea60eef527bbe\redhat.java         {manageable} {command line}
   size_t InitialHeapSize                          = 104857600                                 {product} {command line}
   size_t MaxHeapSize                              = 1073741824                                {product} {command line}
   size_t MaxNewSize                               = 357564416                                 {product} {ergonomic}
   size_t MinHeapDeltaBytes                        = 524288                                    {product} {ergonomic}
   size_t MinHeapSize                              = 104857600                                 {product} {command line}
   size_t NewSize                                  = 34603008                                  {product} {ergonomic}
    uintx NonNMethodCodeHeapSize                   = 7602480                                {pd product} {ergonomic}
    uintx NonProfiledCodeHeapSize                  = 122027880                              {pd product} {ergonomic}
   size_t OldSize                                  = 70254592                                  {product} {ergonomic}
    uintx ProfiledCodeHeapSize                     = 122027880                              {pd product} {ergonomic}
    uintx ReservedCodeCacheSize                    = 251658240                              {pd product} {ergonomic}
     bool SegmentedCodeCache                       = true                                      {product} {ergonomic}
   size_t SoftMaxHeapSize                          = 1073741824                             {manageable} {ergonomic}
     bool UseCompressedOops                        = true                           {product lp64_product} {ergonomic}
     bool UseLargePagesIndividualAllocation        = false                                  {pd product} {ergonomic}
     bool UseParallelGC                            = true                                      {product} {command line}

Logging:
Log output configuration:
 #0: stdout all=off uptime,level,tags foldmultilines=false
 #1: stderr all=off uptime,level,tags foldmultilines=false

Environment Variables:
JAVA_HOME=C:\Program Files\Microsoft\jdk-17.0.13.11-hotspot
PATH=C:\Program Files\Common Files\Oracle\Java\javapath;C:\Program Files (x86)\Common Files\Oracle\Java\java8path;C:\Program Files (x86)\Common Files\Oracle\Java\javapath;C:\Program Files\Microsoft\jdk-17.0.13.11-hotspot\bin;C:\WINDOWS\system32;C:\WINDOWS;C:\WINDOWS\System32\Wbem;C:\WINDOWS\System32\WindowsPowerShell\v1.0\;C:\WINDOWS\System32\OpenSSH\;C:\Program Files (x86)\Microsoft SQL Server\160\DTS\Binn\;C:\Program Files\Microsoft SQL Server\150\Tools\Binn\;C:\Program Files\Microsoft SQL Server\Client SDK\ODBC\170\Tools\Binn\;C:\Program Files\dotnet\;C:\ProgramData\chocolatey\bin;C:\Users\HP\AppData\Local\Android\Sdk\platform-tools;C:\Users\HP\AppData\Local\Android\Sdk\emulator;C:\Users\HP\AppData\Local\Android\Sdk\build-tools;C:\Users\HP\AppData\Local\Android\Sdk\platforms;C:\Program Files\Microsoft\jdk-17.0.13.11-hotspot\bin;C:\Program Files\nodejs\;C:\Program Files\Git\cmd;C:\Program Files\Git\bin;C:\Windows\System32;C:\Users\HP\AppData\Local\Microsoft\WindowsApps;C:\Users\HP\.dotnet\tools;C:\Users\HP\AppData\Local\Programs\Microsoft VS Code\bin;C:\Users\HP\AppData\Local\Android\Sdk\platform-tools;C:\Users\HP\AppData\Local\Android\Sdk\emulator;C:\Users\HP\AppData\Local\Android\Sdk\build-tools;C:\Users\HP\AppData\Local\Android\Sdk\platforms;C:\Program Files\Microsoft\jdk-17.0.13.11-hotspot\bin;C:\Program Files\Microsoft\jdk-17.0.13.11-hotspot\bin;C:\Users\HP\AppData\Roaming\npm;C:\Program Files\Git\cmd;C:\Program Files\Git\bin;
USERNAME=HP
OS=Windows_NT
PROCESSOR_IDENTIFIER=Intel64 Family 6 Model 165 Stepping 5, GenuineIntel
TMP=C:\Users\HP\AppData\Local\Temp
TEMP=C:\Users\HP\AppData\Local\Temp




Periodic native trim disabled

---------------  S Y S T E M  ---------------

OS:
 Windows 11 , 64 bit Build 22621 (10.0.22621.4391)
OS uptime: 0 days 5:01 hours
Hyper-V role detected

CPU: total 16 (initial active 16) (8 cores per cpu, 2 threads per core) family 6 model 165 stepping 5 microcode 0xfc, cx8, cmov, fxsr, ht, mmx, 3dnowpref, sse, sse2, sse3, ssse3, sse4.1, sse4.2, popcnt, lzcnt, tsc, tscinvbit, avx, avx2, aes, erms, clmul, bmi1, bmi2, adx, fma, vzeroupper, clflush, clflushopt, hv, rdtscp, f16c
Processor Information for all 16 processors :
  Max Mhz: 2904, Current Mhz: 2904, Mhz Limit: 2904

Memory: 4k page, system-wide physical 16160M (2361M free)
TotalPageFile size 46577M (AvailPageFile size 6M)
current process WorkingSet (physical memory assigned to process): 15M, peak: 15M
current process commit charge ("private bytes"): 148M, peak: 157M

vm_info: OpenJDK 64-Bit Server VM (21.0.5+11-LTS) for windows-amd64 JRE (21.0.5+11-LTS), built on 2024-10-15T00:00:00Z by "admin" with MS VC++ 17.7 (VS2022)

END.
