#
# There is insufficient memory for the Java Runtime Environment to continue.
# Native memory allocation (malloc) failed to allocate 436320 bytes. Error detail: Chunk::new
# Possible reasons:
#   The system is out of physical RAM or swap space
#   This process is running with CompressedOops enabled, and the Java Heap may be blocking the growth of the native heap
# Possible solutions:
#   Reduce memory load on the system
#   Increase physical memory or swap space
#   Check if swap backing store is full
#   Decrease Java heap size (-Xmx/-Xms)
#   Decrease number of Java threads
#   Decrease Java thread stack sizes (-Xss)
#   Set larger code cache with -XX:ReservedCodeCacheSize=
#   JVM is running with Unscaled Compressed Oops mode in which the Java heap is
#     placed in the first 4GB address space. The Java Heap base address is the
#     maximum limit for the native heap growth. Please use -XX:HeapBaseMinAddress
#     to set the Java Heap base and to place the Java Heap above 4GB virtual address.
# This output file may be truncated or incomplete.
#
#  Out of Memory Error (arena.cpp:168), pid=19832, tid=13932
#
# JRE version: OpenJDK Runtime Environment Temurin-21.0.5+11 (21.0.5+11) (build 21.0.5+11-LTS)
# Java VM: OpenJDK 64-Bit Server VM Temurin-21.0.5+11 (21.0.5+11-LTS, mixed mode, sharing, tiered, compressed oops, compressed class ptrs, parallel gc, windows-amd64)
# No core dump will be written. Minidumps are not enabled by default on client versions of Windows
#

---------------  S U M M A R Y ------------

Command Line: --add-modules=ALL-SYSTEM --add-opens=java.base/java.util=ALL-UNNAMED --add-opens=java.base/java.lang=ALL-UNNAMED --add-opens=java.base/sun.nio.fs=ALL-UNNAMED -Declipse.application=org.eclipse.jdt.ls.core.id1 -Dosgi.bundles.defaultStartLevel=4 -Declipse.product=org.eclipse.jdt.ls.core.product -Djava.import.generatesMetadataFilesAtProjectRoot=false -DDetectVMInstallationsJob.disabled=true -Dfile.encoding=utf8 -XX:+UseParallelGC -XX:GCTimeRatio=4 -XX:AdaptiveSizePolicyWeight=90 -Dsun.zip.disableMemoryMapping=true -Xmx1G -Xms100m -Xlog:disable -javaagent:c:\Users\HP\.vscode\extensions\redhat.java-1.39.0-win32-x64\lombok\lombok-1.18.34.jar -XX:+HeapDumpOnOutOfMemoryError -XX:HeapDumpPath=c:\Users\HP\AppData\Roaming\Code\User\workspaceStorage\18e594e4b8ee66ca9d8ea60eef527bbe\redhat.java -Daether.dependencyCollector.impl=bf c:\Users\HP\.vscode\extensions\redhat.java-1.39.0-win32-x64\server\plugins\org.eclipse.equinox.launcher_1.6.900.v20240613-2009.jar -configuration c:\Users\HP\AppData\Roaming\Code\User\globalStorage\redhat.java\1.39.0\config_win -data c:\Users\HP\AppData\Roaming\Code\User\workspaceStorage\18e594e4b8ee66ca9d8ea60eef527bbe\redhat.java\jdt_ws --pipe=\\.\pipe\lsp-1c1d5f22e1866d8512abd1d3bf045a75-sock

Host: Intel(R) Core(TM) i7-10700 CPU @ 2.90GHz, 16 cores, 15G,  Windows 11 , 64 bit Build 22621 (10.0.22621.4391)
Time: Fri Jan 31 16:10:49 2025 India Standard Time elapsed time: 13.510086 seconds (0d 0h 0m 13s)

---------------  T H R E A D  ---------------

Current thread (0x000002ace33c6fc0):  JavaThread "C2 CompilerThread0" daemon [_thread_in_native, id=13932, stack(0x000000e369400000,0x000000e369500000) (1024K)]


Current CompileTask:
C2:13510 11200       4       org.eclipse.core.runtime.Path::<init> (161 bytes)

Stack: [0x000000e369400000,0x000000e369500000]
Native frames: (J=compiled Java code, j=interpreted, Vv=VM code, C=native code)
V  [jvm.dll+0x6cd4e9]
V  [jvm.dll+0x8a7941]
V  [jvm.dll+0x8a9e6e]
V  [jvm.dll+0x8aa543]
V  [jvm.dll+0x27f6d6]
V  [jvm.dll+0xc500d]
V  [jvm.dll+0xc5543]
V  [jvm.dll+0x3b660c]
V  [jvm.dll+0x382835]
V  [jvm.dll+0x381c9a]
V  [jvm.dll+0x2479d0]
V  [jvm.dll+0x246faf]
V  [jvm.dll+0x1c75ce]
V  [jvm.dll+0x25682a]
V  [jvm.dll+0x254dca]
V  [jvm.dll+0x3f00d6]
V  [jvm.dll+0x8514fb]
V  [jvm.dll+0x6cbbed]
C  [ucrtbase.dll+0x29333]
C  [KERNEL32.DLL+0x1259d]
C  [ntdll.dll+0x5af38]


---------------  P R O C E S S  ---------------

Threads class SMR info:
_java_thread_list=0x000002aced8b16c0, length=80, elements={
0x000002ac8c70e0e0, 0x000002ace33b8400, 0x000002aca0c5d9e0, 0x000002ace33bcfe0,
0x000002ace33bec40, 0x000002ace33bfc90, 0x000002ace33c5d90, 0x000002ace33c6fc0,
0x000002ace33c7d50, 0x000002ace34c4b60, 0x000002ace34d4720, 0x000002ace34c5f10,
0x000002ace34c6c30, 0x000002ace34c72c0, 0x000002ace34c51f0, 0x000002ace34c7950,
0x000002ace34c5880, 0x000002ace34c65a0, 0x000002ace9da6ca0, 0x000002ace9da3820,
0x000002ace9da79c0, 0x000002ace9da0a30, 0x000002ace925bfd0, 0x000002ace345c770,
0x000002ace966aed0, 0x000002ace9da4540, 0x000002ace9da6610, 0x000002ace9da4bd0,
0x000002ace9da5f80, 0x000002ace9da10c0, 0x000002ace9da7330, 0x000002ace9da58f0,
0x000002ace9da8050, 0x000002ace9da1750, 0x000002ace9da5260, 0x000002ace9da1de0,
0x000002ace9da3190, 0x000002ace9da2470, 0x000002ace9da2b00, 0x000002ace9da3eb0,
0x000002aceb8ebfa0, 0x000002aceb8ec630, 0x000002aceb8eed90, 0x000002aceb8eb280,
0x000002aceb8eb910, 0x000002aceb8f1b80, 0x000002aceb8ef420, 0x000002aceb8efab0,
0x000002aceb8eccc0, 0x000002aceb8f28a0, 0x000002aceb8ed9e0, 0x000002aceb8f0140,
0x000002aceb8f07d0, 0x000002aceb8ee070, 0x000002aceb8ee700, 0x000002aceb8f0e60,
0x000002acecdb5070, 0x000002acecdb6ab0, 0x000002acecdb5700, 0x000002acecdb3630,
0x000002acecdb2910, 0x000002acecdb77d0, 0x000002acecdb5d90, 0x000002acecdb3cc0,
0x000002acecdb4350, 0x000002acecdb2fa0, 0x000002acecdb7140, 0x000002acecdb1bf0,
0x000002acecdb6420, 0x000002acecdb0ed0, 0x000002acecdb7e60, 0x000002acecdb84f0,
0x000002acecdb49e0, 0x000002acecdb1560, 0x000002acecdb2280, 0x000002ace34c44d0,
0x000002acfdfa0e10, 0x000002acfdfa3570, 0x000002acfdfa00f0, 0x000002acfe6fa860
}

Java Threads: ( => current thread )
  0x000002ac8c70e0e0 JavaThread "main"                              [_thread_blocked, id=16348, stack(0x000000e368a00000,0x000000e368b00000) (1024K)]
  0x000002ace33b8400 JavaThread "Reference Handler"          daemon [_thread_blocked, id=17680, stack(0x000000e368e00000,0x000000e368f00000) (1024K)]
  0x000002aca0c5d9e0 JavaThread "Finalizer"                  daemon [_thread_blocked, id=6328, stack(0x000000e368f00000,0x000000e369000000) (1024K)]
  0x000002ace33bcfe0 JavaThread "Signal Dispatcher"          daemon [_thread_blocked, id=3316, stack(0x000000e369000000,0x000000e369100000) (1024K)]
  0x000002ace33bec40 JavaThread "Attach Listener"            daemon [_thread_blocked, id=9496, stack(0x000000e369100000,0x000000e369200000) (1024K)]
  0x000002ace33bfc90 JavaThread "Service Thread"             daemon [_thread_blocked, id=16336, stack(0x000000e369200000,0x000000e369300000) (1024K)]
  0x000002ace33c5d90 JavaThread "Monitor Deflation Thread"   daemon [_thread_blocked, id=14500, stack(0x000000e369300000,0x000000e369400000) (1024K)]
=>0x000002ace33c6fc0 JavaThread "C2 CompilerThread0"         daemon [_thread_in_native, id=13932, stack(0x000000e369400000,0x000000e369500000) (1024K)]
  0x000002ace33c7d50 JavaThread "C1 CompilerThread0"         daemon [_thread_blocked, id=14120, stack(0x000000e369500000,0x000000e369600000) (1024K)]
  0x000002ace34c4b60 JavaThread "Common-Cleaner"             daemon [_thread_blocked, id=21456, stack(0x000000e369600000,0x000000e369700000) (1024K)]
  0x000002ace34d4720 JavaThread "C1 CompilerThread1"         daemon [_thread_blocked, id=13012, stack(0x000000e369700000,0x000000e369800000) (1024K)]
  0x000002ace34c5f10 JavaThread "Notification Thread"        daemon [_thread_blocked, id=14144, stack(0x000000e369b00000,0x000000e369c00000) (1024K)]
  0x000002ace34c6c30 JavaThread "Active Thread: Equinox Container: 1eb3bb8a-a2ee-4deb-aace-45686427479f"        [_thread_blocked, id=14416, stack(0x000000e369a00000,0x000000e369b00000) (1024K)]
  0x000002ace34c72c0 JavaThread "Refresh Thread: Equinox Container: 1eb3bb8a-a2ee-4deb-aace-45686427479f" daemon [_thread_blocked, id=13656, stack(0x000000e36a400000,0x000000e36a500000) (1024K)]
  0x000002ace34c51f0 JavaThread "Framework Event Dispatcher: Equinox Container: 1eb3bb8a-a2ee-4deb-aace-45686427479f" daemon [_thread_blocked, id=1204, stack(0x000000e36a500000,0x000000e36a600000) (1024K)]
  0x000002ace34c7950 JavaThread "Start Level: Equinox Container: 1eb3bb8a-a2ee-4deb-aace-45686427479f" daemon [_thread_blocked, id=11964, stack(0x000000e36a600000,0x000000e36a700000) (1024K)]
  0x000002ace34c5880 JavaThread "Bundle File Closer"         daemon [_thread_blocked, id=14204, stack(0x000000e36a700000,0x000000e36a800000) (1024K)]
  0x000002ace34c65a0 JavaThread "SCR Component Actor"        daemon [_thread_blocked, id=9844, stack(0x000000e36ab00000,0x000000e36ac00000) (1024K)]
  0x000002ace9da6ca0 JavaThread "Worker-JM"                         [_thread_blocked, id=4972, stack(0x000000e36af00000,0x000000e36b000000) (1024K)]
  0x000002ace9da3820 JavaThread "JNA Cleaner"                daemon [_thread_blocked, id=16636, stack(0x000000e36b000000,0x000000e36b100000) (1024K)]
  0x000002ace9da79c0 JavaThread "Worker-0: Updating workspace"        [_thread_in_vm, id=6952, stack(0x000000e36a100000,0x000000e36a200000) (1024K)]
  0x000002ace9da0a30 JavaThread "Worker-1: Java indexing... "        [_thread_in_Java, id=10496, stack(0x000000e369800000,0x000000e369900000) (1024K)]
  0x000002ace925bfd0 JavaThread "C2 CompilerThread1"         daemon [_thread_in_native, id=15080, stack(0x000000e369900000,0x000000e369a00000) (1024K)]
  0x000002ace345c770 JavaThread "C1 CompilerThread2"         daemon [_thread_blocked, id=16200, stack(0x000000e36b100000,0x000000e36b200000) (1024K)]
  0x000002ace966aed0 JavaThread "C1 CompilerThread3"         daemon [_thread_in_vm, id=6980, stack(0x000000e36b200000,0x000000e36b300000) (1024K)]
  0x000002ace9da4540 JavaThread "Java indexing"              daemon [_thread_in_Java, id=7160, stack(0x000000e36b300000,0x000000e36b400000) (1024K)]
  0x000002ace9da6610 JavaThread "Worker-2"                          [_thread_blocked, id=14424, stack(0x000000e36b600000,0x000000e36b700000) (1024K)]
  0x000002ace9da4bd0 JavaThread "Worker-3: Building"                [_thread_in_Java, id=16036, stack(0x000000e36b700000,0x000000e36b800000) (1024K)]
  0x000002ace9da5f80 JavaThread "Thread-2"                   daemon [_thread_in_native, id=17740, stack(0x000000e36b800000,0x000000e36b900000) (1024K)]
  0x000002ace9da10c0 JavaThread "Thread-3"                   daemon [_thread_in_native, id=8204, stack(0x000000e36b900000,0x000000e36ba00000) (1024K)]
  0x000002ace9da7330 JavaThread "Thread-4"                   daemon [_thread_in_native, id=17352, stack(0x000000e36ba00000,0x000000e36bb00000) (1024K)]
  0x000002ace9da58f0 JavaThread "Thread-5"                   daemon [_thread_in_native, id=13564, stack(0x000000e36bb00000,0x000000e36bc00000) (1024K)]
  0x000002ace9da8050 JavaThread "Thread-6"                   daemon [_thread_in_native, id=16744, stack(0x000000e36bc00000,0x000000e36bd00000) (1024K)]
  0x000002ace9da1750 JavaThread "Thread-7"                   daemon [_thread_in_native, id=13756, stack(0x000000e36bd00000,0x000000e36be00000) (1024K)]
  0x000002ace9da5260 JavaThread "Thread-8"                   daemon [_thread_in_native, id=12532, stack(0x000000e36be00000,0x000000e36bf00000) (1024K)]
  0x000002ace9da1de0 JavaThread "Thread-9"                   daemon [_thread_in_native, id=3808, stack(0x000000e36bf00000,0x000000e36c000000) (1024K)]
  0x000002ace9da3190 JavaThread "Thread-10"                  daemon [_thread_in_native, id=15804, stack(0x000000e36c000000,0x000000e36c100000) (1024K)]
  0x000002ace9da2470 JavaThread "Thread-11"                  daemon [_thread_in_native, id=14192, stack(0x000000e36c100000,0x000000e36c200000) (1024K)]
  0x000002ace9da2b00 JavaThread "Thread-12"                  daemon [_thread_in_native, id=21136, stack(0x000000e36c200000,0x000000e36c300000) (1024K)]
  0x000002ace9da3eb0 JavaThread "Thread-13"                  daemon [_thread_in_native, id=11496, stack(0x000000e36c300000,0x000000e36c400000) (1024K)]
  0x000002aceb8ebfa0 JavaThread "Thread-14"                  daemon [_thread_in_native, id=18564, stack(0x000000e36c400000,0x000000e36c500000) (1024K)]
  0x000002aceb8ec630 JavaThread "Thread-15"                  daemon [_thread_in_native, id=3928, stack(0x000000e36c500000,0x000000e36c600000) (1024K)]
  0x000002aceb8eed90 JavaThread "Thread-16"                  daemon [_thread_in_native, id=21420, stack(0x000000e36c600000,0x000000e36c700000) (1024K)]
  0x000002aceb8eb280 JavaThread "Thread-17"                  daemon [_thread_in_native, id=18356, stack(0x000000e36c700000,0x000000e36c800000) (1024K)]
  0x000002aceb8eb910 JavaThread "Thread-18"                  daemon [_thread_in_native, id=1824, stack(0x000000e36c800000,0x000000e36c900000) (1024K)]
  0x000002aceb8f1b80 JavaThread "pool-2-thread-1"                   [_thread_blocked, id=20028, stack(0x000000e36c900000,0x000000e36ca00000) (1024K)]
  0x000002aceb8ef420 JavaThread "WorkspaceEventsHandler"            [_thread_blocked, id=2840, stack(0x000000e36ca00000,0x000000e36cb00000) (1024K)]
  0x000002aceb8efab0 JavaThread "pool-1-thread-1"                   [_thread_in_Java, id=20220, stack(0x000000e36cb00000,0x000000e36cc00000) (1024K)]
  0x000002aceb8eccc0 JavaThread "Worker-4"                          [_thread_blocked, id=16184, stack(0x000000e36cc00000,0x000000e36cd00000) (1024K)]
  0x000002aceb8f28a0 JavaThread "LocalFile Deleter"          daemon [_thread_blocked, id=17016, stack(0x000000e36cd00000,0x000000e36ce00000) (1024K)]
  0x000002aceb8ed9e0 JavaThread "LocalFile Deleter"          daemon [_thread_blocked, id=10884, stack(0x000000e36ce00000,0x000000e36cf00000) (1024K)]
  0x000002aceb8f0140 JavaThread "LocalFile Deleter"          daemon [_thread_blocked, id=7832, stack(0x000000e36cf00000,0x000000e36d000000) (1024K)]
  0x000002aceb8f07d0 JavaThread "LocalFile Deleter"          daemon [_thread_blocked, id=13280, stack(0x000000e36d000000,0x000000e36d100000) (1024K)]
  0x000002aceb8ee070 JavaThread "LocalFile Deleter"          daemon [_thread_blocked, id=11312, stack(0x000000e36d100000,0x000000e36d200000) (1024K)]
  0x000002aceb8ee700 JavaThread "LocalFile Deleter"          daemon [_thread_blocked, id=15604, stack(0x000000e36d200000,0x000000e36d300000) (1024K)]
  0x000002aceb8f0e60 JavaThread "LocalFile Deleter"          daemon [_thread_blocked, id=1084, stack(0x000000e36d300000,0x000000e36d400000) (1024K)]
  0x000002acecdb5070 JavaThread "LocalFile Deleter"          daemon [_thread_blocked, id=992, stack(0x000000e36d400000,0x000000e36d500000) (1024K)]
  0x000002acecdb6ab0 JavaThread "LocalFile Deleter"          daemon [_thread_blocked, id=9992, stack(0x000000e36d500000,0x000000e36d600000) (1024K)]
  0x000002acecdb5700 JavaThread "LocalFile Deleter"          daemon [_thread_blocked, id=16192, stack(0x000000e36d600000,0x000000e36d700000) (1024K)]
  0x000002acecdb3630 JavaThread "LocalFile Deleter"          daemon [_thread_blocked, id=18832, stack(0x000000e36d700000,0x000000e36d800000) (1024K)]
  0x000002acecdb2910 JavaThread "LocalFile Deleter"          daemon [_thread_blocked, id=12664, stack(0x000000e36d800000,0x000000e36d900000) (1024K)]
  0x000002acecdb77d0 JavaThread "LocalFile Deleter"          daemon [_thread_blocked, id=10848, stack(0x000000e36d900000,0x000000e36da00000) (1024K)]
  0x000002acecdb5d90 JavaThread "LocalFile Deleter"          daemon [_thread_blocked, id=13908, stack(0x000000e36da00000,0x000000e36db00000) (1024K)]
  0x000002acecdb3cc0 JavaThread "LocalFile Deleter"          daemon [_thread_blocked, id=3624, stack(0x000000e36db00000,0x000000e36dc00000) (1024K)]
  0x000002acecdb4350 JavaThread "LocalFile Deleter"          daemon [_thread_blocked, id=6440, stack(0x000000e36dc00000,0x000000e36dd00000) (1024K)]
  0x000002acecdb2fa0 JavaThread "Compiler Source File Reader" daemon [_thread_in_native, id=18512, stack(0x000000e36ac00000,0x000000e36ad00000) (1024K)]
  0x000002acecdb7140 JavaThread "Compiler Source File Reader" daemon [_thread_in_native, id=19216, stack(0x000000e36dd00000,0x000000e36de00000) (1024K)]
  0x000002acecdb1bf0 JavaThread "Compiler Source File Reader" daemon [_thread_blocked, id=3820, stack(0x000000e36de00000,0x000000e36df00000) (1024K)]
  0x000002acecdb6420 JavaThread "Compiler Source File Reader" daemon [_thread_blocked, id=1896, stack(0x000000e36df00000,0x000000e36e000000) (1024K)]
  0x000002acecdb0ed0 JavaThread "Compiler Source File Reader" daemon [_thread_blocked, id=1412, stack(0x000000e36e000000,0x000000e36e100000) (1024K)]
  0x000002acecdb7e60 JavaThread "Compiler Source File Reader" daemon [_thread_blocked, id=6252, stack(0x000000e36e100000,0x000000e36e200000) (1024K)]
  0x000002acecdb84f0 JavaThread "Compiler Source File Reader" daemon [_thread_blocked, id=9220, stack(0x000000e36e200000,0x000000e36e300000) (1024K)]
  0x000002acecdb49e0 JavaThread "Compiler Source File Reader" daemon [_thread_blocked, id=4192, stack(0x000000e36e300000,0x000000e36e400000) (1024K)]
  0x000002acecdb1560 JavaThread "Compiler Source File Reader" daemon [_thread_blocked, id=18988, stack(0x000000e36e400000,0x000000e36e500000) (1024K)]
  0x000002acecdb2280 JavaThread "Compiler Source File Reader" daemon [_thread_in_native, id=11896, stack(0x000000e36e500000,0x000000e36e600000) (1024K)]
  0x000002ace34c44d0 JavaThread "Compiler Source File Reader" daemon [_thread_in_native, id=8316, stack(0x000000e36e600000,0x000000e36e700000) (1024K)]
  0x000002acfdfa0e10 JavaThread "Compiler Source File Reader" daemon [_thread_blocked, id=4144, stack(0x000000e36e700000,0x000000e36e800000) (1024K)]
  0x000002acfdfa3570 JavaThread "Compiler Source File Reader" daemon [_thread_blocked, id=10436, stack(0x000000e36e800000,0x000000e36e900000) (1024K)]
  0x000002acfdfa00f0 JavaThread "Compiler Source File Reader" daemon [_thread_blocked, id=9204, stack(0x000000e36e900000,0x000000e36ea00000) (1024K)]
  0x000002acfe6fa860 JavaThread "C2 CompilerThread2"         daemon [_thread_in_native, id=3220, stack(0x000000e36ea00000,0x000000e36eb00000) (1024K)]
Total: 80

Other Threads:
  0x000002ac8c7ce5d0 VMThread "VM Thread"                           [id=13200, stack(0x000000e368d00000,0x000000e368e00000) (1024K)]
  0x000002ac8c779230 WatcherThread "VM Periodic Task Thread"        [id=15460, stack(0x000000e368c00000,0x000000e368d00000) (1024K)]
  0x000002ac8c72e450 WorkerThread "GC Thread#0"                     [id=19272, stack(0x000000e368b00000,0x000000e368c00000) (1024K)]
  0x000002ace961f330 WorkerThread "GC Thread#1"                     [id=7592, stack(0x000000e369c00000,0x000000e369d00000) (1024K)]
  0x000002ace96339d0 WorkerThread "GC Thread#2"                     [id=18808, stack(0x000000e369d00000,0x000000e369e00000) (1024K)]
  0x000002ace9633d70 WorkerThread "GC Thread#3"                     [id=5564, stack(0x000000e369e00000,0x000000e369f00000) (1024K)]
  0x000002ace92cb900 WorkerThread "GC Thread#4"                     [id=13224, stack(0x000000e369f00000,0x000000e36a000000) (1024K)]
  0x000002ace92cbca0 WorkerThread "GC Thread#5"                     [id=5656, stack(0x000000e36a000000,0x000000e36a100000) (1024K)]
  0x000002ace98d5bb0 WorkerThread "GC Thread#6"                     [id=1604, stack(0x000000e36a200000,0x000000e36a300000) (1024K)]
  0x000002ace99fd690 WorkerThread "GC Thread#7"                     [id=8568, stack(0x000000e36a300000,0x000000e36a400000) (1024K)]
  0x000002acea0cf3a0 WorkerThread "GC Thread#8"                     [id=13360, stack(0x000000e36a800000,0x000000e36a900000) (1024K)]
  0x000002ace9d07500 WorkerThread "GC Thread#9"                     [id=14860, stack(0x000000e36a900000,0x000000e36aa00000) (1024K)]
  0x000002ace9d06dc0 WorkerThread "GC Thread#10"                    [id=9800, stack(0x000000e36aa00000,0x000000e36ab00000) (1024K)]
  0x000002ace9d05f40 WorkerThread "GC Thread#11"                    [id=20976, stack(0x000000e36ad00000,0x000000e36ae00000) (1024K)]
  0x000002ace9d07160 WorkerThread "GC Thread#12"                    [id=17900, stack(0x000000e36ae00000,0x000000e36af00000) (1024K)]
Total: 15

Threads with active compile tasks:
C2 CompilerThread0  13561 11200       4       org.eclipse.core.runtime.Path::<init> (161 bytes)
C1 CompilerThread0  13561 11444       3       org.eclipse.jdt.internal.compiler.parser.Parser::consumeMethodHeaderName (384 bytes)
C2 CompilerThread1  13561 11413       4       org.eclipse.jdt.internal.compiler.parser.Parser::consumeRule (7871 bytes)
C1 CompilerThread3  13561 11437 % !   2       org.eclipse.jdt.internal.compiler.parser.AbstractCommentParser::commentParse @ 413 (2204 bytes)
C2 CompilerThread2  13561 11347       4       org.eclipse.jdt.internal.compiler.parser.Scanner::internalScanIdentifierOrKeyword (4943 bytes)
Total: 5

VM state: at safepoint (normal execution)

VM Mutex/Monitor currently owned by a thread:  ([mutex/lock_event])
[0x00007ffecce6d380] Threads_lock - owner thread: 0x000002ac8c7ce5d0
[0x00007ffecce6d480] Heap_lock - owner thread: 0x000002ace9da4bd0

Heap address: 0x00000000c0000000, size: 1024 MB, Compressed Oops mode: 32-bit

CDS archive(s) mapped at: [0x000002aca1000000-0x000002aca1ba0000-0x000002aca1ba0000), size 12189696, SharedBaseAddress: 0x000002aca1000000, ArchiveRelocationMode: 1.
Compressed class space mapped at: 0x000002aca2000000-0x000002ace2000000, reserved size: 1073741824
Narrow klass base: 0x000002aca1000000, Narrow klass shift: 0, Narrow klass range: 0x100000000

GC Precious Log:
 CardTable entry size: 512
 CPUs: 16 total, 16 available
 Memory: 16160M
 Large Page Support: Disabled
 NUMA Support: Disabled
 Compressed Oops: Enabled (32-bit)
 Alignments: Space 512K, Generation 512K, Heap 2M
 Heap Min Capacity: 100M
 Heap Initial Capacity: 100M
 Heap Max Capacity: 1G
 Pre-touch: Disabled
 Parallel Workers: 13

Heap:
 PSYoungGen      total 2560K, used 2114K [0x00000000eab00000, 0x00000000eae80000, 0x0000000100000000)
  eden space 1536K, 100% used [0x00000000eab00000,0x00000000eac80000,0x00000000eac80000)
  from space 1024K, 56% used [0x00000000eac80000,0x00000000ead10900,0x00000000ead80000)
  to   space 1024K, 53% used [0x00000000ead80000,0x00000000eae08000,0x00000000eae80000)
 ParOldGen       total 377856K, used 377750K [0x00000000c0000000, 0x00000000d7100000, 0x00000000eab00000)
  object space 377856K, 99% used [0x00000000c0000000,0x00000000d70e58a0,0x00000000d7100000)
 Metaspace       used 57267K, committed 58496K, reserved 1114112K
  class space    used 5769K, committed 6272K, reserved 1048576K

Card table byte_map: [0x000002ac8c0b0000,0x000002ac8c2c0000] _byte_map_base: 0x000002ac8bab0000

Marking Bits: (ParMarkBitMap*) 0x00007ffecce72250
 Begin Bits: [0x000002ac9ea60000, 0x000002ac9fa60000)
 End Bits:   [0x000002ac9fa60000, 0x000002aca0a60000)

Polling page: 0x000002ac8a690000

Metaspace:

Usage:
  Non-class:     50.29 MB used.
      Class:      5.63 MB used.
       Both:     55.93 MB used.

Virtual space:
  Non-class space:       64.00 MB reserved,      51.00 MB ( 80%) committed,  1 nodes.
      Class space:        1.00 GB reserved,       6.12 MB ( <1%) committed,  1 nodes.
             Both:        1.06 GB reserved,      57.12 MB (  5%) committed. 

Chunk freelists:
   Non-Class:  12.45 MB
       Class:  9.89 MB
        Both:  22.34 MB

MaxMetaspaceSize: unlimited
CompressedClassSpaceSize: 1.00 GB
Initial GC threshold: 21.00 MB
Current GC threshold: 58.38 MB
CDS: on
 - commit_granule_bytes: 65536.
 - commit_granule_words: 8192.
 - virtual_space_node_default_size: 8388608.
 - enlarge_chunks_in_place: 1.
 - use_allocation_guard: 0.


Internal statistics:

num_allocs_failed_limit: 6.
num_arena_births: 882.
num_arena_deaths: 14.
num_vsnodes_births: 2.
num_vsnodes_deaths: 0.
num_space_committed: 914.
num_space_uncommitted: 0.
num_chunks_returned_to_freelist: 20.
num_chunks_taken_from_freelist: 3384.
num_chunk_merges: 12.
num_chunk_splits: 2139.
num_chunks_enlarged: 1331.
num_inconsistent_stats: 0.

CodeHeap 'non-profiled nmethods': size=119168Kb used=6298Kb max_used=6298Kb free=112869Kb
 bounds [0x000002ac97600000, 0x000002ac97c30000, 0x000002ac9ea60000]
CodeHeap 'profiled nmethods': size=119104Kb used=24908Kb max_used=24908Kb free=94195Kb
 bounds [0x000002ac8fa60000, 0x000002ac912c0000, 0x000002ac96eb0000]
CodeHeap 'non-nmethods': size=7488Kb used=3096Kb max_used=3221Kb free=4391Kb
 bounds [0x000002ac96eb0000, 0x000002ac971e0000, 0x000002ac97600000]
 total_blobs=11406 nmethods=10689 adapters=619
 compilation: enabled
              stopped_count=0, restarted_count=0
 full_count=0

Compilation events (20 events):
Event: 13.444 Thread 0x000002ace345c770 nmethod 11355 0x000002ac97c18d90 code [0x000002ac97c18f20, 0x000002ac97c18fe8]
Event: 13.444 Thread 0x000002ace33c7d50 nmethod 11357 0x000002ac91253f10 code [0x000002ac912540c0, 0x000002ac912542a8]
Event: 13.444 Thread 0x000002ace34d4720 nmethod 11356 0x000002ac91254410 code [0x000002ac91254620, 0x000002ac91254cc0]
Event: 13.445 Thread 0x000002ace33c7d50 11358       1       org.eclipse.core.internal.events.ResourceDelta::setStatus (6 bytes)
Event: 13.445 Thread 0x000002ace345c770 11359       1       org.eclipse.core.internal.events.ResourceDelta::setOldInfo (6 bytes)
Event: 13.445 Thread 0x000002ace34d4720 11360       1       org.eclipse.core.internal.events.ResourceDelta::setNewInfo (6 bytes)
Event: 13.445 Thread 0x000002ace33c7d50 nmethod 11358 0x000002ac97c19090 code [0x000002ac97c19220, 0x000002ac97c192e8]
Event: 13.445 Thread 0x000002ace34d4720 nmethod 11360 0x000002ac97c19390 code [0x000002ac97c19520, 0x000002ac97c19600]
Event: 13.445 Thread 0x000002ace345c770 nmethod 11359 0x000002ac97c19690 code [0x000002ac97c19820, 0x000002ac97c19900]
Event: 13.445 Thread 0x000002ace33c7d50 11361       1       org.eclipse.core.internal.events.ResourceDelta::setChildren (6 bytes)
Event: 13.445 Thread 0x000002ace34d4720 11362       1       org.eclipse.core.internal.dtree.NodeComparison::getOldData (5 bytes)
Event: 13.445 Thread 0x000002ace345c770 11363       1       org.eclipse.core.internal.dtree.NodeComparison::getNewData (5 bytes)
Event: 13.445 Thread 0x000002ace33c7d50 nmethod 11361 0x000002ac97c19990 code [0x000002ac97c19b20, 0x000002ac97c19c00]
Event: 13.445 Thread 0x000002ace33c7d50 11366   !   3       lombok.eclipse.EclipseAST::$SWITCH_TABLE$lombok$core$AST$Kind (157 bytes)
Event: 13.445 Thread 0x000002ace34d4720 nmethod 11362 0x000002ac97c19c90 code [0x000002ac97c19e20, 0x000002ac97c19ee8]
Event: 13.445 Thread 0x000002ace345c770 nmethod 11363 0x000002ac97c19f90 code [0x000002ac97c1a120, 0x000002ac97c1a1e8]
Event: 13.445 Thread 0x000002ace34d4720 11364       2       org.eclipse.core.internal.events.ResourceDeltaFactory::createDelta (249 bytes)
Event: 13.445 Thread 0x000002ace345c770 11365       2       org.eclipse.core.internal.events.ResourceDelta::<init> (15 bytes)
Event: 13.445 Thread 0x000002ace345c770 nmethod 11365 0x000002ac91255090 code [0x000002ac91255220, 0x000002ac91255350]
Event: 13.447 Thread 0x000002ace33c7d50 nmethod 11366 0x000002ac91255410 code [0x000002ac91255620, 0x000002ac91255cc0]

GC Heap History (20 events):
Event: 13.365 GC heap before
{Heap before GC invocations=640 (full 2):
 PSYoungGen      total 3584K, used 3420K [0x00000000eab00000, 0x00000000eaf80000, 0x0000000100000000)
  eden space 2560K, 99% used [0x00000000eab00000,0x00000000ead7ff48,0x00000000ead80000)
  from space 1024K, 84% used [0x00000000ead80000,0x00000000eae57170,0x00000000eae80000)
  to   space 1024K, 0% used [0x00000000eae80000,0x00000000eae80000,0x00000000eaf80000)
 ParOldGen       total 369152K, used 368860K [0x00000000c0000000, 0x00000000d6880000, 0x00000000eab00000)
  object space 369152K, 99% used [0x00000000c0000000,0x00000000d6837398,0x00000000d6880000)
 Metaspace       used 57092K, committed 58368K, reserved 1114112K
  class space    used 5751K, committed 6272K, reserved 1048576K
}
Event: 13.367 GC heap after
{Heap after GC invocations=640 (full 2):
 PSYoungGen      total 2560K, used 1008K [0x00000000eab00000, 0x00000000eb180000, 0x0000000100000000)
  eden space 1536K, 0% used [0x00000000eab00000,0x00000000eab00000,0x00000000eac80000)
  from space 1024K, 98% used [0x00000000eae80000,0x00000000eaf7c148,0x00000000eaf80000)
  to   space 2048K, 0% used [0x00000000eac80000,0x00000000eac80000,0x00000000eae80000)
 ParOldGen       total 369664K, used 369501K [0x00000000c0000000, 0x00000000d6900000, 0x00000000eab00000)
  object space 369664K, 99% used [0x00000000c0000000,0x00000000d68d7480,0x00000000d6900000)
 Metaspace       used 57092K, committed 58368K, reserved 1114112K
  class space    used 5751K, committed 6272K, reserved 1048576K
}
Event: 13.374 GC heap before
{Heap before GC invocations=641 (full 2):
 PSYoungGen      total 2560K, used 2544K [0x00000000eab00000, 0x00000000eb180000, 0x0000000100000000)
  eden space 1536K, 100% used [0x00000000eab00000,0x00000000eac80000,0x00000000eac80000)
  from space 1024K, 98% used [0x00000000eae80000,0x00000000eaf7c148,0x00000000eaf80000)
  to   space 2048K, 0% used [0x00000000eac80000,0x00000000eac80000,0x00000000eae80000)
 ParOldGen       total 369664K, used 369501K [0x00000000c0000000, 0x00000000d6900000, 0x00000000eab00000)
  object space 369664K, 99% used [0x00000000c0000000,0x00000000d68d7480,0x00000000d6900000)
 Metaspace       used 57093K, committed 58368K, reserved 1114112K
  class space    used 5751K, committed 6272K, reserved 1048576K
}
Event: 13.376 GC heap after
{Heap after GC invocations=641 (full 2):
 PSYoungGen      total 2560K, used 672K [0x00000000eab00000, 0x00000000eaf80000, 0x0000000100000000)
  eden space 1536K, 0% used [0x00000000eab00000,0x00000000eab00000,0x00000000eac80000)
  from space 1024K, 65% used [0x00000000eac80000,0x00000000ead28000,0x00000000ead80000)
  to   space 1536K, 0% used [0x00000000eae00000,0x00000000eae00000,0x00000000eaf80000)
 ParOldGen       total 370688K, used 370424K [0x00000000c0000000, 0x00000000d6a00000, 0x00000000eab00000)
  object space 370688K, 99% used [0x00000000c0000000,0x00000000d69be170,0x00000000d6a00000)
 Metaspace       used 57093K, committed 58368K, reserved 1114112K
  class space    used 5751K, committed 6272K, reserved 1048576K
}
Event: 13.384 GC heap before
{Heap before GC invocations=642 (full 2):
 PSYoungGen      total 2560K, used 2208K [0x00000000eab00000, 0x00000000eaf80000, 0x0000000100000000)
  eden space 1536K, 100% used [0x00000000eab00000,0x00000000eac80000,0x00000000eac80000)
  from space 1024K, 65% used [0x00000000eac80000,0x00000000ead28000,0x00000000ead80000)
  to   space 1536K, 0% used [0x00000000eae00000,0x00000000eae00000,0x00000000eaf80000)
 ParOldGen       total 370688K, used 370424K [0x00000000c0000000, 0x00000000d6a00000, 0x00000000eab00000)
  object space 370688K, 99% used [0x00000000c0000000,0x00000000d69be170,0x00000000d6a00000)
 Metaspace       used 57094K, committed 58368K, reserved 1114112K
  class space    used 5751K, committed 6272K, reserved 1048576K
}
Event: 13.387 GC heap after
{Heap after GC invocations=642 (full 2):
 PSYoungGen      total 2560K, used 704K [0x00000000eab00000, 0x00000000eaf00000, 0x0000000100000000)
  eden space 1536K, 0% used [0x00000000eab00000,0x00000000eab00000,0x00000000eac80000)
  from space 1024K, 68% used [0x00000000eae00000,0x00000000eaeb0000,0x00000000eaf00000)
  to   space 1024K, 0% used [0x00000000eac80000,0x00000000eac80000,0x00000000ead80000)
 ParOldGen       total 371200K, used 370913K [0x00000000c0000000, 0x00000000d6a80000, 0x00000000eab00000)
  object space 371200K, 99% used [0x00000000c0000000,0x00000000d6a38600,0x00000000d6a80000)
 Metaspace       used 57094K, committed 58368K, reserved 1114112K
  class space    used 5751K, committed 6272K, reserved 1048576K
}
Event: 13.393 GC heap before
{Heap before GC invocations=643 (full 2):
 PSYoungGen      total 2560K, used 2239K [0x00000000eab00000, 0x00000000eaf00000, 0x0000000100000000)
  eden space 1536K, 99% used [0x00000000eab00000,0x00000000eac7ffc0,0x00000000eac80000)
  from space 1024K, 68% used [0x00000000eae00000,0x00000000eaeb0000,0x00000000eaf00000)
  to   space 1024K, 0% used [0x00000000eac80000,0x00000000eac80000,0x00000000ead80000)
 ParOldGen       total 371200K, used 370913K [0x00000000c0000000, 0x00000000d6a80000, 0x00000000eab00000)
  object space 371200K, 99% used [0x00000000c0000000,0x00000000d6a38600,0x00000000d6a80000)
 Metaspace       used 57094K, committed 58368K, reserved 1114112K
  class space    used 5751K, committed 6272K, reserved 1048576K
}
Event: 13.394 GC heap after
{Heap after GC invocations=643 (full 2):
 PSYoungGen      total 2560K, used 576K [0x00000000eab00000, 0x00000000eae80000, 0x0000000100000000)
  eden space 1536K, 0% used [0x00000000eab00000,0x00000000eab00000,0x00000000eac80000)
  from space 1024K, 56% used [0x00000000eac80000,0x00000000ead10000,0x00000000ead80000)
  to   space 1024K, 0% used [0x00000000ead80000,0x00000000ead80000,0x00000000eae80000)
 ParOldGen       total 371712K, used 371390K [0x00000000c0000000, 0x00000000d6b00000, 0x00000000eab00000)
  object space 371712K, 99% used [0x00000000c0000000,0x00000000d6aafb10,0x00000000d6b00000)
 Metaspace       used 57094K, committed 58368K, reserved 1114112K
  class space    used 5751K, committed 6272K, reserved 1048576K
}
Event: 13.398 GC heap before
{Heap before GC invocations=644 (full 2):
 PSYoungGen      total 2560K, used 2112K [0x00000000eab00000, 0x00000000eae80000, 0x0000000100000000)
  eden space 1536K, 100% used [0x00000000eab00000,0x00000000eac80000,0x00000000eac80000)
  from space 1024K, 56% used [0x00000000eac80000,0x00000000ead10000,0x00000000ead80000)
  to   space 1024K, 0% used [0x00000000ead80000,0x00000000ead80000,0x00000000eae80000)
 ParOldGen       total 371712K, used 371390K [0x00000000c0000000, 0x00000000d6b00000, 0x00000000eab00000)
  object space 371712K, 99% used [0x00000000c0000000,0x00000000d6aafb10,0x00000000d6b00000)
 Metaspace       used 57094K, committed 58368K, reserved 1114112K
  class space    used 5751K, committed 6272K, reserved 1048576K
}
Event: 13.400 GC heap after
{Heap after GC invocations=644 (full 2):
 PSYoungGen      total 2560K, used 529K [0x00000000eab00000, 0x00000000eae80000, 0x0000000100000000)
  eden space 1536K, 0% used [0x00000000eab00000,0x00000000eab00000,0x00000000eac80000)
  from space 1024K, 51% used [0x00000000ead80000,0x00000000eae04608,0x00000000eae80000)
  to   space 1024K, 0% used [0x00000000eac80000,0x00000000eac80000,0x00000000ead80000)
 ParOldGen       total 372224K, used 371774K [0x00000000c0000000, 0x00000000d6b80000, 0x00000000eab00000)
  object space 372224K, 99% used [0x00000000c0000000,0x00000000d6b0f848,0x00000000d6b80000)
 Metaspace       used 57094K, committed 58368K, reserved 1114112K
  class space    used 5751K, committed 6272K, reserved 1048576K
}
Event: 13.405 GC heap before
{Heap before GC invocations=645 (full 2):
 PSYoungGen      total 2560K, used 2065K [0x00000000eab00000, 0x00000000eae80000, 0x0000000100000000)
  eden space 1536K, 100% used [0x00000000eab00000,0x00000000eac80000,0x00000000eac80000)
  from space 1024K, 51% used [0x00000000ead80000,0x00000000eae04608,0x00000000eae80000)
  to   space 1024K, 0% used [0x00000000eac80000,0x00000000eac80000,0x00000000ead80000)
 ParOldGen       total 372224K, used 371774K [0x00000000c0000000, 0x00000000d6b80000, 0x00000000eab00000)
  object space 372224K, 99% used [0x00000000c0000000,0x00000000d6b0f848,0x00000000d6b80000)
 Metaspace       used 57094K, committed 58368K, reserved 1114112K
  class space    used 5751K, committed 6272K, reserved 1048576K
}
Event: 13.406 GC heap after
{Heap after GC invocations=645 (full 2):
 PSYoungGen      total 2560K, used 512K [0x00000000eab00000, 0x00000000eae80000, 0x0000000100000000)
  eden space 1536K, 0% used [0x00000000eab00000,0x00000000eab00000,0x00000000eac80000)
  from space 1024K, 50% used [0x00000000eac80000,0x00000000ead00000,0x00000000ead80000)
  to   space 1024K, 0% used [0x00000000ead80000,0x00000000ead80000,0x00000000eae80000)
 ParOldGen       total 372736K, used 372243K [0x00000000c0000000, 0x00000000d6c00000, 0x00000000eab00000)
  object space 372736K, 99% used [0x00000000c0000000,0x00000000d6b84ec8,0x00000000d6c00000)
 Metaspace       used 57094K, committed 58368K, reserved 1114112K
  class space    used 5751K, committed 6272K, reserved 1048576K
}
Event: 13.412 GC heap before
{Heap before GC invocations=646 (full 2):
 PSYoungGen      total 2560K, used 2047K [0x00000000eab00000, 0x00000000eae80000, 0x0000000100000000)
  eden space 1536K, 99% used [0x00000000eab00000,0x00000000eac7fff0,0x00000000eac80000)
  from space 1024K, 50% used [0x00000000eac80000,0x00000000ead00000,0x00000000ead80000)
  to   space 1024K, 0% used [0x00000000ead80000,0x00000000ead80000,0x00000000eae80000)
 ParOldGen       total 372736K, used 372243K [0x00000000c0000000, 0x00000000d6c00000, 0x00000000eab00000)
  object space 372736K, 99% used [0x00000000c0000000,0x00000000d6b84ec8,0x00000000d6c00000)
 Metaspace       used 57095K, committed 58368K, reserved 1114112K
  class space    used 5752K, committed 6272K, reserved 1048576K
}
Event: 13.413 GC heap after
{Heap after GC invocations=646 (full 2):
 PSYoungGen      total 2560K, used 593K [0x00000000eab00000, 0x00000000eae80000, 0x0000000100000000)
  eden space 1536K, 0% used [0x00000000eab00000,0x00000000eab00000,0x00000000eac80000)
  from space 1024K, 57% used [0x00000000ead80000,0x00000000eae14480,0x00000000eae80000)
  to   space 1024K, 0% used [0x00000000eac80000,0x00000000eac80000,0x00000000ead80000)
 ParOldGen       total 372736K, used 372622K [0x00000000c0000000, 0x00000000d6c00000, 0x00000000eab00000)
  object space 372736K, 99% used [0x00000000c0000000,0x00000000d6be3a08,0x00000000d6c00000)
 Metaspace       used 57095K, committed 58368K, reserved 1114112K
  class space    used 5752K, committed 6272K, reserved 1048576K
}
Event: 13.424 GC heap before
{Heap before GC invocations=647 (full 2):
 PSYoungGen      total 2560K, used 2129K [0x00000000eab00000, 0x00000000eae80000, 0x0000000100000000)
  eden space 1536K, 100% used [0x00000000eab00000,0x00000000eac80000,0x00000000eac80000)
  from space 1024K, 57% used [0x00000000ead80000,0x00000000eae14480,0x00000000eae80000)
  to   space 1024K, 0% used [0x00000000eac80000,0x00000000eac80000,0x00000000ead80000)
 ParOldGen       total 372736K, used 372622K [0x00000000c0000000, 0x00000000d6c00000, 0x00000000eab00000)
  object space 372736K, 99% used [0x00000000c0000000,0x00000000d6be3a08,0x00000000d6c00000)
 Metaspace       used 57126K, committed 58368K, reserved 1114112K
  class space    used 5753K, committed 6272K, reserved 1048576K
}
Event: 13.425 GC heap after
{Heap after GC invocations=647 (full 2):
 PSYoungGen      total 2560K, used 575K [0x00000000eab00000, 0x00000000eae80000, 0x0000000100000000)
  eden space 1536K, 0% used [0x00000000eab00000,0x00000000eab00000,0x00000000eac80000)
  from space 1024K, 56% used [0x00000000eac80000,0x00000000ead0fed8,0x00000000ead80000)
  to   space 1024K, 0% used [0x00000000ead80000,0x00000000ead80000,0x00000000eae80000)
 ParOldGen       total 373248K, used 373052K [0x00000000c0000000, 0x00000000d6c80000, 0x00000000eab00000)
  object space 373248K, 99% used [0x00000000c0000000,0x00000000d6c4f190,0x00000000d6c80000)
 Metaspace       used 57126K, committed 58368K, reserved 1114112K
  class space    used 5753K, committed 6272K, reserved 1048576K
}
Event: 13.436 GC heap before
{Heap before GC invocations=648 (full 2):
 PSYoungGen      total 2560K, used 2111K [0x00000000eab00000, 0x00000000eae80000, 0x0000000100000000)
  eden space 1536K, 100% used [0x00000000eab00000,0x00000000eac80000,0x00000000eac80000)
  from space 1024K, 56% used [0x00000000eac80000,0x00000000ead0fed8,0x00000000ead80000)
  to   space 1024K, 0% used [0x00000000ead80000,0x00000000ead80000,0x00000000eae80000)
 ParOldGen       total 373248K, used 373052K [0x00000000c0000000, 0x00000000d6c80000, 0x00000000eab00000)
  object space 373248K, 99% used [0x00000000c0000000,0x00000000d6c4f190,0x00000000d6c80000)
 Metaspace       used 57130K, committed 58368K, reserved 1114112K
  class space    used 5753K, committed 6272K, reserved 1048576K
}
Event: 13.439 GC heap after
{Heap after GC invocations=648 (full 2):
 PSYoungGen      total 2560K, used 681K [0x00000000eab00000, 0x00000000eae80000, 0x0000000100000000)
  eden space 1536K, 0% used [0x00000000eab00000,0x00000000eab00000,0x00000000eac80000)
  from space 1024K, 66% used [0x00000000ead80000,0x00000000eae2a520,0x00000000eae80000)
  to   space 1024K, 0% used [0x00000000eac80000,0x00000000eac80000,0x00000000ead80000)
 ParOldGen       total 373760K, used 373462K [0x00000000c0000000, 0x00000000d6d00000, 0x00000000eab00000)
  object space 373760K, 99% used [0x00000000c0000000,0x00000000d6cb5a70,0x00000000d6d00000)
 Metaspace       used 57130K, committed 58368K, reserved 1114112K
  class space    used 5753K, committed 6272K, reserved 1048576K
}
Event: 13.445 GC heap before
{Heap before GC invocations=649 (full 2):
 PSYoungGen      total 2560K, used 2217K [0x00000000eab00000, 0x00000000eae80000, 0x0000000100000000)
  eden space 1536K, 100% used [0x00000000eab00000,0x00000000eac80000,0x00000000eac80000)
  from space 1024K, 66% used [0x00000000ead80000,0x00000000eae2a520,0x00000000eae80000)
  to   space 1024K, 0% used [0x00000000eac80000,0x00000000eac80000,0x00000000ead80000)
 ParOldGen       total 373760K, used 373462K [0x00000000c0000000, 0x00000000d6d00000, 0x00000000eab00000)
  object space 373760K, 99% used [0x00000000c0000000,0x00000000d6cb5a70,0x00000000d6d00000)
 Metaspace       used 57134K, committed 58368K, reserved 1114112K
  class space    used 5753K, committed 6272K, reserved 1048576K
}
Event: 13.447 GC heap after
{Heap after GC invocations=649 (full 2):
 PSYoungGen      total 2560K, used 752K [0x00000000eab00000, 0x00000000eae80000, 0x0000000100000000)
  eden space 1536K, 0% used [0x00000000eab00000,0x00000000eab00000,0x00000000eac80000)
  from space 1024K, 73% used [0x00000000eac80000,0x00000000ead3c2c0,0x00000000ead80000)
  to   space 1024K, 0% used [0x00000000ead80000,0x00000000ead80000,0x00000000eae80000)
 ParOldGen       total 374272K, used 373880K [0x00000000c0000000, 0x00000000d6d80000, 0x00000000eab00000)
  object space 374272K, 99% used [0x00000000c0000000,0x00000000d6d1e0a0,0x00000000d6d80000)
 Metaspace       used 57134K, committed 58368K, reserved 1114112K
  class space    used 5753K, committed 6272K, reserved 1048576K
}

Dll operation events (10 events):
Event: 0.007 Loaded shared library c:\Users\HP\.vscode\extensions\redhat.java-1.39.0-win32-x64\jre\21.0.5-win32-x86_64\bin\java.dll
Event: 0.061 Loaded shared library c:\Users\HP\.vscode\extensions\redhat.java-1.39.0-win32-x64\jre\21.0.5-win32-x86_64\bin\zip.dll
Event: 0.076 Loaded shared library C:\Users\HP\.vscode\extensions\redhat.java-1.39.0-win32-x64\jre\21.0.5-win32-x86_64\bin\instrument.dll
Event: 0.079 Loaded shared library C:\Users\HP\.vscode\extensions\redhat.java-1.39.0-win32-x64\jre\21.0.5-win32-x86_64\bin\net.dll
Event: 0.080 Loaded shared library C:\Users\HP\.vscode\extensions\redhat.java-1.39.0-win32-x64\jre\21.0.5-win32-x86_64\bin\nio.dll
Event: 0.083 Loaded shared library C:\Users\HP\.vscode\extensions\redhat.java-1.39.0-win32-x64\jre\21.0.5-win32-x86_64\bin\zip.dll
Event: 0.095 Loaded shared library C:\Users\HP\.vscode\extensions\redhat.java-1.39.0-win32-x64\jre\21.0.5-win32-x86_64\bin\jimage.dll
Event: 0.157 Loaded shared library c:\Users\HP\.vscode\extensions\redhat.java-1.39.0-win32-x64\jre\21.0.5-win32-x86_64\bin\verify.dll
Event: 0.922 Loaded shared library C:\Users\HP\AppData\Roaming\Code\User\globalStorage\redhat.java\1.39.0\config_win\org.eclipse.equinox.launcher\org.eclipse.equinox.launcher.win32.win32.x86_64_1.2.1100.v20240722-2106\eclipse_11904.dll
Event: 2.259 Loaded shared library C:\Users\HP\AppData\Local\Temp\jna-2312\jna13768016997479331423.dll

Deoptimization events (20 events):
Event: 13.383 Thread 0x000002ace9da4bd0 DEOPT PACKING pc=0x000002ac90f8d7ee sp=0x000000e36b7fe560
Event: 13.383 Thread 0x000002ace9da4bd0 DEOPT UNPACKING pc=0x000002ac96f04242 sp=0x000000e36b7fda70 mode 0
Event: 13.397 Thread 0x000002ace9da4bd0 DEOPT PACKING pc=0x000002ac90f8d7ee sp=0x000000e36b7fe630
Event: 13.397 Thread 0x000002ace9da4bd0 DEOPT UNPACKING pc=0x000002ac96f04242 sp=0x000000e36b7fdb40 mode 0
Event: 13.403 Thread 0x000002ace9da4bd0 DEOPT PACKING pc=0x000002ac90f8d67a sp=0x000000e36b7fe630
Event: 13.404 Thread 0x000002ace9da4bd0 DEOPT UNPACKING pc=0x000002ac96f04242 sp=0x000000e36b7fdb48 mode 0
Event: 13.423 Thread 0x000002ace9da4bd0 Uncommon trap: trap_request=0xffffff45 fr.pc=0x000002ac97beefb0 relative=0x00000000000027d0
Event: 13.423 Thread 0x000002ace9da4bd0 Uncommon trap: reason=unstable_if action=reinterpret pc=0x000002ac97beefb0 method=org.eclipse.jdt.internal.compiler.parser.Scanner.getNextToken0()I @ 489 c2
Event: 13.423 Thread 0x000002ace9da4bd0 DEOPT PACKING pc=0x000002ac97beefb0 sp=0x000000e36b7fe740
Event: 13.423 Thread 0x000002ace9da4bd0 DEOPT UNPACKING pc=0x000002ac96f03aa2 sp=0x000000e36b7fe688 mode 2
Event: 13.423 Thread 0x000002ace9da4bd0 Uncommon trap: trap_request=0xffffffad fr.pc=0x000002ac97bb39e0 relative=0x00000000000017a0
Event: 13.423 Thread 0x000002ace9da4bd0 Uncommon trap: reason=uninitialized action=reinterpret pc=0x000002ac97bb39e0 method=org.eclipse.jdt.internal.compiler.parser.Parser.consumeToken(I)V @ 1414 c2
Event: 13.423 Thread 0x000002ace9da4bd0 DEOPT PACKING pc=0x000002ac97bb39e0 sp=0x000000e36b7fe740
Event: 13.423 Thread 0x000002ace9da4bd0 DEOPT UNPACKING pc=0x000002ac96f03aa2 sp=0x000000e36b7fe6d8 mode 2
Event: 13.427 Thread 0x000002ace9da4bd0 DEOPT PACKING pc=0x000002ac90f8d67a sp=0x000000e36b7fe5a0
Event: 13.427 Thread 0x000002ace9da4bd0 DEOPT UNPACKING pc=0x000002ac96f04242 sp=0x000000e36b7fdac0 mode 0
Event: 13.434 Thread 0x000002ace9da4bd0 DEOPT PACKING pc=0x000002ac90f8d7ee sp=0x000000e36b7fe5a0
Event: 13.434 Thread 0x000002ace9da4bd0 DEOPT UNPACKING pc=0x000002ac96f04242 sp=0x000000e36b7fdab8 mode 0
Event: 13.443 Thread 0x000002ace9da4bd0 DEOPT PACKING pc=0x000002ac90f8d779 sp=0x000000e36b7fe5a0
Event: 13.443 Thread 0x000002ace9da4bd0 DEOPT UNPACKING pc=0x000002ac96f04242 sp=0x000000e36b7fdac0 mode 0

Classes loaded (20 events):
Event: 11.333 Loading class java/util/regex/Pattern$Caret
Event: 11.334 Loading class java/util/regex/Pattern$Caret done
Event: 12.363 Loading class java/util/stream/ReferencePipeline$4
Event: 12.363 Loading class java/util/stream/IntPipeline$StatelessOp
Event: 12.364 Loading class java/util/stream/IntPipeline
Event: 12.364 Loading class java/util/stream/IntStream
Event: 12.364 Loading class java/util/stream/IntStream done
Event: 12.365 Loading class java/util/stream/IntPipeline done
Event: 12.365 Loading class java/util/stream/IntPipeline$StatelessOp done
Event: 12.365 Loading class java/util/stream/ReferencePipeline$4 done
Event: 12.365 Loading class java/util/stream/Nodes$IntFixedNodeBuilder
Event: 12.366 Loading class java/util/stream/Node$Builder$OfInt
Event: 12.366 Loading class java/util/stream/Sink$OfInt
Event: 12.366 Loading class java/util/stream/Sink$OfInt done
Event: 12.366 Loading class java/util/stream/Node$Builder$OfInt done
Event: 12.366 Loading class java/util/stream/Nodes$IntArrayNode
Event: 12.366 Loading class java/util/stream/Nodes$IntArrayNode done
Event: 12.366 Loading class java/util/stream/Nodes$IntFixedNodeBuilder done
Event: 12.366 Loading class java/util/stream/ReferencePipeline$4$1
Event: 12.366 Loading class java/util/stream/ReferencePipeline$4$1 done

Classes unloaded (7 events):
Event: 5.757 Thread 0x000002ac8c7ce5d0 Unloading class 0x000002aca2198c00 'java/lang/invoke/LambdaForm$MH+0x000002aca2198c00'
Event: 5.757 Thread 0x000002ac8c7ce5d0 Unloading class 0x000002aca2198800 'java/lang/invoke/LambdaForm$MH+0x000002aca2198800'
Event: 5.757 Thread 0x000002ac8c7ce5d0 Unloading class 0x000002aca2198400 'java/lang/invoke/LambdaForm$MH+0x000002aca2198400'
Event: 5.757 Thread 0x000002ac8c7ce5d0 Unloading class 0x000002aca2198000 'java/lang/invoke/LambdaForm$MH+0x000002aca2198000'
Event: 5.757 Thread 0x000002ac8c7ce5d0 Unloading class 0x000002aca2197c00 'java/lang/invoke/LambdaForm$BMH+0x000002aca2197c00'
Event: 5.757 Thread 0x000002ac8c7ce5d0 Unloading class 0x000002aca2197800 'java/lang/invoke/LambdaForm$DMH+0x000002aca2197800'
Event: 5.757 Thread 0x000002ac8c7ce5d0 Unloading class 0x000002aca2196400 'java/lang/invoke/LambdaForm$DMH+0x000002aca2196400'

Classes redefined (0 events):
No events

Internal exceptions (20 events):
Event: 10.139 Thread 0x000002acecdb5070 Exception <a 'sun/nio/fs/WindowsException'{0x00000000eac66ea0}> (0x00000000eac66ea0) 
thrown [s\src\hotspot\share\prims\jni.cpp, line 520]
Event: 10.142 Thread 0x000002aceb8ee700 Exception <a 'sun/nio/fs/WindowsException'{0x00000000eab3b8e8}> (0x00000000eab3b8e8) 
thrown [s\src\hotspot\share\prims\jni.cpp, line 520]
Event: 10.142 Thread 0x000002acecdb5070 Exception <a 'sun/nio/fs/WindowsException'{0x00000000eab41560}> (0x00000000eab41560) 
thrown [s\src\hotspot\share\prims\jni.cpp, line 520]
Event: 10.142 Thread 0x000002acecdb3cc0 Exception <a 'sun/nio/fs/WindowsException'{0x00000000eab4cf00}> (0x00000000eab4cf00) 
thrown [s\src\hotspot\share\prims\jni.cpp, line 520]
Event: 10.143 Thread 0x000002acecdb5700 Exception <a 'sun/nio/fs/WindowsException'{0x00000000eab66f78}> (0x00000000eab66f78) 
thrown [s\src\hotspot\share\prims\jni.cpp, line 520]
Event: 10.144 Thread 0x000002acecdb3cc0 Exception <a 'sun/nio/fs/WindowsException'{0x00000000eaba1fa8}> (0x00000000eaba1fa8) 
thrown [s\src\hotspot\share\prims\jni.cpp, line 520]
Event: 10.144 Thread 0x000002acecdb5700 Exception <a 'sun/nio/fs/WindowsException'{0x00000000eaba2968}> (0x00000000eaba2968) 
thrown [s\src\hotspot\share\prims\jni.cpp, line 520]
Event: 10.144 Thread 0x000002acecdb5070 Exception <a 'sun/nio/fs/WindowsException'{0x00000000eab9d978}> (0x00000000eab9d978) 
thrown [s\src\hotspot\share\prims\jni.cpp, line 520]
Event: 10.144 Thread 0x000002aceb8ee700 Exception <a 'sun/nio/fs/WindowsException'{0x00000000eab6ea88}> (0x00000000eab6ea88) 
thrown [s\src\hotspot\share\prims\jni.cpp, line 520]
Event: 10.146 Thread 0x000002aceb8ed9e0 Exception <a 'sun/nio/fs/WindowsException'{0x00000000eabe7518}> (0x00000000eabe7518) 
thrown [s\src\hotspot\share\prims\jni.cpp, line 520]
Event: 10.146 Thread 0x000002acecdb3cc0 Exception <a 'sun/nio/fs/WindowsException'{0x00000000eac05028}> (0x00000000eac05028) 
thrown [s\src\hotspot\share\prims\jni.cpp, line 520]
Event: 10.149 Thread 0x000002acecdb5d90 Exception <a 'sun/nio/fs/WindowsException'{0x00000000eab0c570}> (0x00000000eab0c570) 
thrown [s\src\hotspot\share\prims\jni.cpp, line 520]
Event: 10.599 Thread 0x000002ace9da4bd0 Exception <a 'sun/nio/fs/WindowsException'{0x00000000eac51e70}> (0x00000000eac51e70) 
thrown [s\src\hotspot\share\prims\jni.cpp, line 520]
Event: 10.599 Thread 0x000002aceb8f0140 Exception <a 'sun/nio/fs/WindowsException'{0x00000000eac54038}> (0x00000000eac54038) 
thrown [s\src\hotspot\share\prims\jni.cpp, line 520]
Event: 10.599 Thread 0x000002acecdb77d0 Exception <a 'sun/nio/fs/WindowsException'{0x00000000eac562f0}> (0x00000000eac562f0) 
thrown [s\src\hotspot\share\prims\jni.cpp, line 520]
Event: 10.606 Thread 0x000002ace9da4bd0 Exception <a 'sun/nio/fs/WindowsException'{0x00000000eab791d0}> (0x00000000eab791d0) 
thrown [s\src\hotspot\share\prims\jni.cpp, line 520]
Event: 10.606 Thread 0x000002aceb8f0140 Exception <a 'sun/nio/fs/WindowsException'{0x00000000eab816c0}> (0x00000000eab816c0) 
thrown [s\src\hotspot\share\prims\jni.cpp, line 520]
Event: 10.606 Thread 0x000002acecdb77d0 Exception <a 'sun/nio/fs/WindowsException'{0x00000000eab89f28}> (0x00000000eab89f28) 
thrown [s\src\hotspot\share\prims\jni.cpp, line 520]
Event: 10.607 Thread 0x000002aceb8ee700 Exception <a 'sun/nio/fs/WindowsException'{0x00000000eab99900}> (0x00000000eab99900) 
thrown [s\src\hotspot\share\prims\jni.cpp, line 520]
Event: 10.930 Thread 0x000002ace9da4540 Implicit null exception at 0x000002ac97a5e6e8 to 0x000002ac97a63ba0

ZGC Phase Switch (0 events):
No events

VM Operations (20 events):
Event: 13.365 Executing VM operation: ParallelGCFailedAllocation (Allocation Failure)
Event: 13.367 Executing VM operation: ParallelGCFailedAllocation (Allocation Failure) done
Event: 13.374 Executing VM operation: ParallelGCFailedAllocation (Allocation Failure)
Event: 13.376 Executing VM operation: ParallelGCFailedAllocation (Allocation Failure) done
Event: 13.384 Executing VM operation: ParallelGCFailedAllocation (Allocation Failure)
Event: 13.387 Executing VM operation: ParallelGCFailedAllocation (Allocation Failure) done
Event: 13.393 Executing VM operation: ParallelGCFailedAllocation (Allocation Failure)
Event: 13.394 Executing VM operation: ParallelGCFailedAllocation (Allocation Failure) done
Event: 13.398 Executing VM operation: ParallelGCFailedAllocation (Allocation Failure)
Event: 13.400 Executing VM operation: ParallelGCFailedAllocation (Allocation Failure) done
Event: 13.405 Executing VM operation: ParallelGCFailedAllocation (Allocation Failure)
Event: 13.407 Executing VM operation: ParallelGCFailedAllocation (Allocation Failure) done
Event: 13.412 Executing VM operation: ParallelGCFailedAllocation (Allocation Failure)
Event: 13.413 Executing VM operation: ParallelGCFailedAllocation (Allocation Failure) done
Event: 13.424 Executing VM operation: ParallelGCFailedAllocation (Allocation Failure)
Event: 13.425 Executing VM operation: ParallelGCFailedAllocation (Allocation Failure) done
Event: 13.436 Executing VM operation: ParallelGCFailedAllocation (Allocation Failure)
Event: 13.440 Executing VM operation: ParallelGCFailedAllocation (Allocation Failure) done
Event: 13.445 Executing VM operation: ParallelGCFailedAllocation (Allocation Failure)
Event: 13.447 Executing VM operation: ParallelGCFailedAllocation (Allocation Failure) done

Memory protections (0 events):
No events

Nmethod flushes (20 events):
Event: 6.614 Thread 0x000002ac8c7ce5d0 flushing  nmethod 0x000002ac901ae610
Event: 6.614 Thread 0x000002ac8c7ce5d0 flushing  nmethod 0x000002ac901c2790
Event: 6.614 Thread 0x000002ac8c7ce5d0 flushing  nmethod 0x000002ac901c5890
Event: 6.614 Thread 0x000002ac8c7ce5d0 flushing  nmethod 0x000002ac901dc110
Event: 6.614 Thread 0x000002ac8c7ce5d0 flushing  nmethod 0x000002ac90205110
Event: 6.614 Thread 0x000002ac8c7ce5d0 flushing  nmethod 0x000002ac90205510
Event: 6.614 Thread 0x000002ac8c7ce5d0 flushing  nmethod 0x000002ac90205e10
Event: 6.614 Thread 0x000002ac8c7ce5d0 flushing  nmethod 0x000002ac90207810
Event: 6.614 Thread 0x000002ac8c7ce5d0 flushing  nmethod 0x000002ac90207d10
Event: 6.614 Thread 0x000002ac8c7ce5d0 flushing  nmethod 0x000002ac90209510
Event: 6.614 Thread 0x000002ac8c7ce5d0 flushing  nmethod 0x000002ac90209e10
Event: 6.614 Thread 0x000002ac8c7ce5d0 flushing  nmethod 0x000002ac9020ab90
Event: 6.614 Thread 0x000002ac8c7ce5d0 flushing  nmethod 0x000002ac9020b710
Event: 6.614 Thread 0x000002ac8c7ce5d0 flushing  nmethod 0x000002ac9020cc10
Event: 6.614 Thread 0x000002ac8c7ce5d0 flushing  nmethod 0x000002ac9020ec10
Event: 6.614 Thread 0x000002ac8c7ce5d0 flushing  nmethod 0x000002ac90250610
Event: 6.614 Thread 0x000002ac8c7ce5d0 flushing  nmethod 0x000002ac90256790
Event: 6.614 Thread 0x000002ac8c7ce5d0 flushing  nmethod 0x000002ac90260d90
Event: 6.614 Thread 0x000002ac8c7ce5d0 flushing  nmethod 0x000002ac902f3e90
Event: 6.614 Thread 0x000002ac8c7ce5d0 flushing  nmethod 0x000002ac90322890

Events (20 events):
Event: 10.080 Thread 0x000002aceb8ee070 Thread added: 0x000002acecdb77d0
Event: 10.080 Thread 0x000002aceb8f28a0 Thread added: 0x000002acecdb5d90
Event: 10.080 Thread 0x000002acecdb6ab0 Thread added: 0x000002acecdb3cc0
Event: 10.081 Thread 0x000002aceb8f07d0 Thread added: 0x000002acecdb4350
Event: 10.744 Thread 0x000002ace34c44d0 Thread exited: 0x000002ace34c44d0
Event: 10.791 Thread 0x000002ace9da4bd0 Thread added: 0x000002acecdb2fa0
Event: 10.791 Thread 0x000002ace9da4bd0 Thread added: 0x000002acecdb7140
Event: 10.791 Thread 0x000002ace9da4bd0 Thread added: 0x000002acecdb1bf0
Event: 10.791 Thread 0x000002ace9da4bd0 Thread added: 0x000002acecdb6420
Event: 10.792 Thread 0x000002ace9da4bd0 Thread added: 0x000002acecdb0ed0
Event: 10.792 Thread 0x000002ace9da4bd0 Thread added: 0x000002acecdb7e60
Event: 10.792 Thread 0x000002acecdb6420 Thread added: 0x000002acecdb84f0
Event: 10.792 Thread 0x000002acecdb0ed0 Thread added: 0x000002acecdb49e0
Event: 10.792 Thread 0x000002acecdb84f0 Thread added: 0x000002acecdb1560
Event: 10.792 Thread 0x000002acecdb7140 Thread added: 0x000002acecdb2280
Event: 10.792 Thread 0x000002acecdb1560 Thread added: 0x000002ace34c44d0
Event: 10.793 Thread 0x000002acecdb2280 Thread added: 0x000002acfdfa0e10
Event: 10.793 Thread 0x000002acecdb2fa0 Thread added: 0x000002acfdfa3570
Event: 10.794 Thread 0x000002acfdfa0e10 Thread added: 0x000002acfdfa00f0
Event: 12.106 Thread 0x000002ace345c770 Thread added: 0x000002acfe6fa860


Dynamic libraries:
0x00007ff7658e0000 - 0x00007ff7658ee000 	c:\Users\HP\.vscode\extensions\redhat.java-1.39.0-win32-x64\jre\21.0.5-win32-x86_64\bin\java.exe
0x00007fff16c10000 - 0x00007fff16e27000 	C:\WINDOWS\SYSTEM32\ntdll.dll
0x00007fff150a0000 - 0x00007fff15164000 	C:\WINDOWS\System32\KERNEL32.DLL
0x00007fff14090000 - 0x00007fff1444a000 	C:\WINDOWS\System32\KERNELBASE.dll
0x00007fff13f70000 - 0x00007fff14081000 	C:\WINDOWS\System32\ucrtbase.dll
0x00007fff0cb10000 - 0x00007fff0cb28000 	c:\Users\HP\.vscode\extensions\redhat.java-1.39.0-win32-x64\jre\21.0.5-win32-x86_64\bin\jli.dll
0x00007ffefcf60000 - 0x00007ffefcf7e000 	c:\Users\HP\.vscode\extensions\redhat.java-1.39.0-win32-x64\jre\21.0.5-win32-x86_64\bin\VCRUNTIME140.dll
0x00007fff14ef0000 - 0x00007fff1509e000 	C:\WINDOWS\System32\USER32.dll
0x00007ffee9d10000 - 0x00007ffee9fa2000 	C:\WINDOWS\WinSxS\amd64_microsoft.windows.common-controls_6595b64144ccf1df_6.0.22621.4541_none_2710d1c57384c085\COMCTL32.dll
0x00007fff14450000 - 0x00007fff14476000 	C:\WINDOWS\System32\win32u.dll
0x00007fff15ef0000 - 0x00007fff15f97000 	C:\WINDOWS\System32\msvcrt.dll
0x00007fff160e0000 - 0x00007fff16109000 	C:\WINDOWS\System32\GDI32.dll
0x00007fff145c0000 - 0x00007fff146db000 	C:\WINDOWS\System32\gdi32full.dll
0x00007fff13ed0000 - 0x00007fff13f6a000 	C:\WINDOWS\System32\msvcp_win.dll
0x00007fff16110000 - 0x00007fff16141000 	C:\WINDOWS\System32\IMM32.DLL
0x00007fff0f910000 - 0x00007fff0f91c000 	c:\Users\HP\.vscode\extensions\redhat.java-1.39.0-win32-x64\jre\21.0.5-win32-x86_64\bin\vcruntime140_1.dll
0x00007ffed9e60000 - 0x00007ffed9eed000 	c:\Users\HP\.vscode\extensions\redhat.java-1.39.0-win32-x64\jre\21.0.5-win32-x86_64\bin\msvcp140.dll
0x00007ffecc1c0000 - 0x00007ffeccf4f000 	c:\Users\HP\.vscode\extensions\redhat.java-1.39.0-win32-x64\jre\21.0.5-win32-x86_64\bin\server\jvm.dll
0x00007fff16000000 - 0x00007fff160b2000 	C:\WINDOWS\System32\ADVAPI32.dll
0x00007fff16a70000 - 0x00007fff16b17000 	C:\WINDOWS\System32\sechost.dll
0x00007fff146e0000 - 0x00007fff14708000 	C:\WINDOWS\System32\bcrypt.dll
0x00007fff15170000 - 0x00007fff15284000 	C:\WINDOWS\System32\RPCRT4.dll
0x00007fff16170000 - 0x00007fff161e1000 	C:\WINDOWS\System32\WS2_32.dll
0x00007fff13bf0000 - 0x00007fff13c3d000 	C:\WINDOWS\SYSTEM32\POWRPROF.dll
0x00007fff0c0c0000 - 0x00007fff0c0ca000 	C:\WINDOWS\SYSTEM32\VERSION.dll
0x00007ffefe640000 - 0x00007ffefe674000 	C:\WINDOWS\SYSTEM32\WINMM.dll
0x00007fff13bd0000 - 0x00007fff13be3000 	C:\WINDOWS\SYSTEM32\UMPDC.dll
0x00007fff12ed0000 - 0x00007fff12ee8000 	C:\WINDOWS\SYSTEM32\kernel.appcore.dll
0x00007fff0f2c0000 - 0x00007fff0f2ca000 	c:\Users\HP\.vscode\extensions\redhat.java-1.39.0-win32-x64\jre\21.0.5-win32-x86_64\bin\jimage.dll
0x00007fff116d0000 - 0x00007fff11902000 	C:\WINDOWS\SYSTEM32\DBGHELP.DLL
0x00007fff15910000 - 0x00007fff15ca1000 	C:\WINDOWS\System32\combase.dll
0x00007fff15820000 - 0x00007fff158f7000 	C:\WINDOWS\System32\OLEAUT32.dll
0x00007ffeeaae0000 - 0x00007ffeeab12000 	C:\WINDOWS\SYSTEM32\dbgcore.DLL
0x00007fff14540000 - 0x00007fff145bb000 	C:\WINDOWS\System32\bcryptPrimitives.dll
0x00007fff0f010000 - 0x00007fff0f01f000 	c:\Users\HP\.vscode\extensions\redhat.java-1.39.0-win32-x64\jre\21.0.5-win32-x86_64\bin\instrument.dll
0x00007ffefb330000 - 0x00007ffefb34f000 	c:\Users\HP\.vscode\extensions\redhat.java-1.39.0-win32-x64\jre\21.0.5-win32-x86_64\bin\java.dll
0x00007fff161f0000 - 0x00007fff16a69000 	C:\WINDOWS\System32\SHELL32.dll
0x00007fff11dc0000 - 0x00007fff126c9000 	C:\WINDOWS\SYSTEM32\windows.storage.dll
0x00007fff11c80000 - 0x00007fff11dbf000 	C:\WINDOWS\SYSTEM32\wintypes.dll
0x00007fff14d80000 - 0x00007fff14e7a000 	C:\WINDOWS\System32\SHCORE.dll
0x00007fff15fa0000 - 0x00007fff15ffe000 	C:\WINDOWS\System32\shlwapi.dll
0x00007fff13e00000 - 0x00007fff13e2b000 	C:\WINDOWS\SYSTEM32\profapi.dll
0x00007fff0f160000 - 0x00007fff0f178000 	c:\Users\HP\.vscode\extensions\redhat.java-1.39.0-win32-x64\jre\21.0.5-win32-x86_64\bin\zip.dll
0x00007fff0d850000 - 0x00007fff0d860000 	C:\Users\HP\.vscode\extensions\redhat.java-1.39.0-win32-x64\jre\21.0.5-win32-x86_64\bin\net.dll
0x00007fff0f580000 - 0x00007fff0f6b6000 	C:\WINDOWS\SYSTEM32\WINHTTP.dll
0x00007fff13340000 - 0x00007fff133a9000 	C:\WINDOWS\system32\mswsock.dll
0x00007fff0d830000 - 0x00007fff0d846000 	C:\Users\HP\.vscode\extensions\redhat.java-1.39.0-win32-x64\jre\21.0.5-win32-x86_64\bin\nio.dll
0x00007fff0d800000 - 0x00007fff0d810000 	c:\Users\HP\.vscode\extensions\redhat.java-1.39.0-win32-x64\jre\21.0.5-win32-x86_64\bin\verify.dll
0x00007ffef4d40000 - 0x00007ffef4d85000 	C:\Users\HP\AppData\Roaming\Code\User\globalStorage\redhat.java\1.39.0\config_win\org.eclipse.equinox.launcher\org.eclipse.equinox.launcher.win32.win32.x86_64_1.2.1100.v20240722-2106\eclipse_11904.dll
0x00007fff14a50000 - 0x00007fff14bf5000 	C:\WINDOWS\System32\ole32.dll
0x00007fff13690000 - 0x00007fff136ab000 	C:\WINDOWS\SYSTEM32\CRYPTSP.dll
0x00007fff12e30000 - 0x00007fff12e65000 	C:\WINDOWS\system32\rsaenh.dll
0x00007fff133e0000 - 0x00007fff13408000 	C:\WINDOWS\SYSTEM32\USERENV.dll
0x00007fff13670000 - 0x00007fff1367c000 	C:\WINDOWS\SYSTEM32\CRYPTBASE.dll
0x00007fff12970000 - 0x00007fff1299d000 	C:\WINDOWS\SYSTEM32\IPHLPAPI.DLL
0x00007fff15900000 - 0x00007fff15909000 	C:\WINDOWS\System32\NSI.dll
0x00007ffef08f0000 - 0x00007ffef0939000 	C:\Users\HP\AppData\Local\Temp\jna-2312\jna13768016997479331423.dll
0x00007fff14c00000 - 0x00007fff14c08000 	C:\WINDOWS\System32\PSAPI.DLL
0x00007fff0ea30000 - 0x00007fff0ea49000 	C:\WINDOWS\SYSTEM32\dhcpcsvc6.DLL
0x00007fff0e760000 - 0x00007fff0e77f000 	C:\WINDOWS\SYSTEM32\dhcpcsvc.DLL

dbghelp: loaded successfully - version: 4.0.5 - missing functions: none
symbol engine: initialized successfully - sym options: 0x614 - pdb path: .;c:\Users\HP\.vscode\extensions\redhat.java-1.39.0-win32-x64\jre\21.0.5-win32-x86_64\bin;C:\WINDOWS\SYSTEM32;C:\WINDOWS\WinSxS\amd64_microsoft.windows.common-controls_6595b64144ccf1df_6.0.22621.4541_none_2710d1c57384c085;c:\Users\HP\.vscode\extensions\redhat.java-1.39.0-win32-x64\jre\21.0.5-win32-x86_64\bin\server;C:\Users\HP\AppData\Roaming\Code\User\globalStorage\redhat.java\1.39.0\config_win\org.eclipse.equinox.launcher\org.eclipse.equinox.launcher.win32.win32.x86_64_1.2.1100.v20240722-2106;C:\Users\HP\AppData\Local\Temp\jna-2312

VM Arguments:
jvm_args: --add-modules=ALL-SYSTEM --add-opens=java.base/java.util=ALL-UNNAMED --add-opens=java.base/java.lang=ALL-UNNAMED --add-opens=java.base/sun.nio.fs=ALL-UNNAMED -Declipse.application=org.eclipse.jdt.ls.core.id1 -Dosgi.bundles.defaultStartLevel=4 -Declipse.product=org.eclipse.jdt.ls.core.product -Djava.import.generatesMetadataFilesAtProjectRoot=false -DDetectVMInstallationsJob.disabled=true -Dfile.encoding=utf8 -XX:+UseParallelGC -XX:GCTimeRatio=4 -XX:AdaptiveSizePolicyWeight=90 -Dsun.zip.disableMemoryMapping=true -Xmx1G -Xms100m -Xlog:disable -javaagent:c:\Users\HP\.vscode\extensions\redhat.java-1.39.0-win32-x64\lombok\lombok-1.18.34.jar -XX:+HeapDumpOnOutOfMemoryError -XX:HeapDumpPath=c:\Users\HP\AppData\Roaming\Code\User\workspaceStorage\18e594e4b8ee66ca9d8ea60eef527bbe\redhat.java -Daether.dependencyCollector.impl=bf 
java_command: c:\Users\HP\.vscode\extensions\redhat.java-1.39.0-win32-x64\server\plugins\org.eclipse.equinox.launcher_1.6.900.v20240613-2009.jar -configuration c:\Users\HP\AppData\Roaming\Code\User\globalStorage\redhat.java\1.39.0\config_win -data c:\Users\HP\AppData\Roaming\Code\User\workspaceStorage\18e594e4b8ee66ca9d8ea60eef527bbe\redhat.java\jdt_ws --pipe=\\.\pipe\lsp-1c1d5f22e1866d8512abd1d3bf045a75-sock
java_class_path (initial): c:\Users\HP\.vscode\extensions\redhat.java-1.39.0-win32-x64\server\plugins\org.eclipse.equinox.launcher_1.6.900.v20240613-2009.jar
Launcher Type: SUN_STANDARD

[Global flags]
    uintx AdaptiveSizePolicyWeight                 = 90                                        {product} {command line}
     intx CICompilerCount                          = 12                                        {product} {ergonomic}
    uintx GCTimeRatio                              = 4                                         {product} {command line}
     bool HeapDumpOnOutOfMemoryError               = true                                   {manageable} {command line}
    ccstr HeapDumpPath                             = c:\Users\HP\AppData\Roaming\Code\User\workspaceStorage\18e594e4b8ee66ca9d8ea60eef527bbe\redhat.java         {manageable} {command line}
   size_t InitialHeapSize                          = 104857600                                 {product} {command line}
   size_t MaxHeapSize                              = 1073741824                                {product} {command line}
   size_t MaxNewSize                               = 357564416                                 {product} {ergonomic}
   size_t MinHeapDeltaBytes                        = 524288                                    {product} {ergonomic}
   size_t MinHeapSize                              = 104857600                                 {product} {command line}
   size_t NewSize                                  = 34603008                                  {product} {ergonomic}
    uintx NonNMethodCodeHeapSize                   = 7602480                                {pd product} {ergonomic}
    uintx NonProfiledCodeHeapSize                  = 122027880                              {pd product} {ergonomic}
   size_t OldSize                                  = 70254592                                  {product} {ergonomic}
    uintx ProfiledCodeHeapSize                     = 122027880                              {pd product} {ergonomic}
    uintx ReservedCodeCacheSize                    = 251658240                              {pd product} {ergonomic}
     bool SegmentedCodeCache                       = true                                      {product} {ergonomic}
   size_t SoftMaxHeapSize                          = 1073741824                             {manageable} {ergonomic}
     bool UseCompressedOops                        = true                           {product lp64_product} {ergonomic}
     bool UseLargePagesIndividualAllocation        = false                                  {pd product} {ergonomic}
     bool UseParallelGC                            = true                                      {product} {command line}

Logging:
Log output configuration:
 #0: stdout all=off uptime,level,tags foldmultilines=false
 #1: stderr all=off uptime,level,tags foldmultilines=false

Environment Variables:
JAVA_HOME=C:\Program Files\Microsoft\jdk-17.0.13.11-hotspot
PATH=C:\Program Files\Common Files\Oracle\Java\javapath;C:\Program Files (x86)\Common Files\Oracle\Java\java8path;C:\Program Files (x86)\Common Files\Oracle\Java\javapath;C:\Program Files\Microsoft\jdk-17.0.13.11-hotspot\bin;C:\WINDOWS\system32;C:\WINDOWS;C:\WINDOWS\System32\Wbem;C:\WINDOWS\System32\WindowsPowerShell\v1.0\;C:\WINDOWS\System32\OpenSSH\;C:\Program Files (x86)\Microsoft SQL Server\160\DTS\Binn\;C:\Program Files\Microsoft SQL Server\150\Tools\Binn\;C:\Program Files\Microsoft SQL Server\Client SDK\ODBC\170\Tools\Binn\;C:\Program Files\dotnet\;C:\ProgramData\chocolatey\bin;C:\Users\HP\AppData\Local\Android\Sdk\platform-tools;C:\Users\HP\AppData\Local\Android\Sdk\emulator;C:\Users\HP\AppData\Local\Android\Sdk\build-tools;C:\Users\HP\AppData\Local\Android\Sdk\platforms;C:\Program Files\Microsoft\jdk-17.0.13.11-hotspot\bin;C:\Program Files\nodejs\;C:\Program Files\Git\cmd;C:\Program Files\Git\bin;C:\Windows\System32;C:\Users\HP\AppData\Local\Microsoft\WindowsApps;C:\Users\HP\.dotnet\tools;C:\Users\HP\AppData\Local\Programs\Microsoft VS Code\bin;C:\Users\HP\AppData\Local\Android\Sdk\platform-tools;C:\Users\HP\AppData\Local\Android\Sdk\emulator;C:\Users\HP\AppData\Local\Android\Sdk\build-tools;C:\Users\HP\AppData\Local\Android\Sdk\platforms;C:\Program Files\Microsoft\jdk-17.0.13.11-hotspot\bin;C:\Program Files\Microsoft\jdk-17.0.13.11-hotspot\bin;C:\Users\HP\AppData\Roaming\npm;C:\Program Files\Git\cmd;C:\Program Files\Git\bin;
USERNAME=HP
OS=Windows_NT
PROCESSOR_IDENTIFIER=Intel64 Family 6 Model 165 Stepping 5, GenuineIntel
TMP=C:\Users\HP\AppData\Local\Temp
TEMP=C:\Users\HP\AppData\Local\Temp




Periodic native trim disabled

---------------  S Y S T E M  ---------------

OS:
 Windows 11 , 64 bit Build 22621 (10.0.22621.4391)
OS uptime: 0 days 4:56 hours
Hyper-V role detected

CPU: total 16 (initial active 16) (8 cores per cpu, 2 threads per core) family 6 model 165 stepping 5 microcode 0xfc, cx8, cmov, fxsr, ht, mmx, 3dnowpref, sse, sse2, sse3, ssse3, sse4.1, sse4.2, popcnt, lzcnt, tsc, tscinvbit, avx, avx2, aes, erms, clmul, bmi1, bmi2, adx, fma, vzeroupper, clflush, clflushopt, hv, rdtscp, f16c
Processor Information for all 16 processors :
  Max Mhz: 2904, Current Mhz: 2904, Mhz Limit: 2904

Memory: 4k page, system-wide physical 16160M (451M free)
TotalPageFile size 46577M (AvailPageFile size 112M)
current process WorkingSet (physical memory assigned to process): 688M, peak: 688M
current process commit charge ("private bytes"): 659M, peak: 659M

vm_info: OpenJDK 64-Bit Server VM (21.0.5+11-LTS) for windows-amd64 JRE (21.0.5+11-LTS), built on 2024-10-15T00:00:00Z by "admin" with MS VC++ 17.7 (VS2022)

END.
