#
# There is insufficient memory for the Java Runtime Environment to continue.
# Native memory allocation (malloc) failed to allocate 6884784 bytes. Error detail: Chunk::new
# Possible reasons:
#   The system is out of physical RAM or swap space
#   This process is running with CompressedOops enabled, and the Java Heap may be blocking the growth of the native heap
# Possible solutions:
#   Reduce memory load on the system
#   Increase physical memory or swap space
#   Check if swap backing store is full
#   Decrease Java heap size (-Xmx/-Xms)
#   Decrease number of Java threads
#   Decrease Java thread stack sizes (-Xss)
#   Set larger code cache with -XX:ReservedCodeCacheSize=
#   JVM is running with Unscaled Compressed Oops mode in which the Java heap is
#     placed in the first 4GB address space. The Java Heap base address is the
#     maximum limit for the native heap growth. Please use -XX:HeapBaseMinAddress
#     to set the Java Heap base and to place the Java Heap above 4GB virtual address.
# This output file may be truncated or incomplete.
#
#  Out of Memory Error (arena.cpp:168), pid=12236, tid=20608
#
# JRE version: OpenJDK Runtime Environment Temurin-21.0.5+11 (21.0.5+11) (build 21.0.5+11-LTS)
# Java VM: OpenJDK 64-Bit Server VM Temurin-21.0.5+11 (21.0.5+11-LTS, mixed mode, sharing, tiered, compressed oops, compressed class ptrs, parallel gc, windows-amd64)
# No core dump will be written. Minidumps are not enabled by default on client versions of Windows
#

---------------  S U M M A R Y ------------

Command Line: --add-modules=ALL-SYSTEM --add-opens=java.base/java.util=ALL-UNNAMED --add-opens=java.base/java.lang=ALL-UNNAMED --add-opens=java.base/sun.nio.fs=ALL-UNNAMED -Declipse.application=org.eclipse.jdt.ls.core.id1 -Dosgi.bundles.defaultStartLevel=4 -Declipse.product=org.eclipse.jdt.ls.core.product -Djava.import.generatesMetadataFilesAtProjectRoot=false -DDetectVMInstallationsJob.disabled=true -Dfile.encoding=utf8 -XX:+UseParallelGC -XX:GCTimeRatio=4 -XX:AdaptiveSizePolicyWeight=90 -Dsun.zip.disableMemoryMapping=true -Xmx1G -Xms100m -Xlog:disable -javaagent:c:\Users\HP\.vscode\extensions\redhat.java-1.39.0-win32-x64\lombok\lombok-1.18.34.jar -XX:+HeapDumpOnOutOfMemoryError -XX:HeapDumpPath=c:\Users\HP\AppData\Roaming\Code\User\workspaceStorage\18e594e4b8ee66ca9d8ea60eef527bbe\redhat.java -Daether.dependencyCollector.impl=bf c:\Users\HP\.vscode\extensions\redhat.java-1.39.0-win32-x64\server\plugins\org.eclipse.equinox.launcher_1.6.900.v20240613-2009.jar -configuration c:\Users\HP\AppData\Roaming\Code\User\globalStorage\redhat.java\1.39.0\config_win -data c:\Users\HP\AppData\Roaming\Code\User\workspaceStorage\18e594e4b8ee66ca9d8ea60eef527bbe\redhat.java\jdt_ws --pipe=\\.\pipe\lsp-4dada1139f80f5bc9641eb9933b828ba-sock

Host: Intel(R) Core(TM) i7-10700 CPU @ 2.90GHz, 16 cores, 15G,  Windows 11 , 64 bit Build 22621 (10.0.22621.4391)
Time: Fri Jan 31 13:06:53 2025 India Standard Time elapsed time: 21.220186 seconds (0d 0h 0m 21s)

---------------  T H R E A D  ---------------

Current thread (0x0000025be50901a0):  JavaThread "C2 CompilerThread2" daemon [_thread_in_native, id=20608, stack(0x000000baab300000,0x000000baab400000) (1024K)]


Current CompileTask:
C2:21220 15799   !   4       lombok.eclipse.agent.PatchExtensionMethod::resolveType (870 bytes)

Stack: [0x000000baab300000,0x000000baab400000]
Native frames: (J=compiled Java code, j=interpreted, Vv=VM code, C=native code)
V  [jvm.dll+0x6cd4e9]
V  [jvm.dll+0x8a7941]
V  [jvm.dll+0x8a9e6e]
V  [jvm.dll+0x8aa543]
V  [jvm.dll+0x27f6d6]
V  [jvm.dll+0xc500d]
V  [jvm.dll+0xc5543]
V  [jvm.dll+0x3b660c]
V  [jvm.dll+0x1dffe9]
V  [jvm.dll+0x247b22]
V  [jvm.dll+0x246faf]
V  [jvm.dll+0x1c75ce]
V  [jvm.dll+0x25682a]
V  [jvm.dll+0x254dca]
V  [jvm.dll+0x3f00d6]
V  [jvm.dll+0x8514fb]
V  [jvm.dll+0x6cbbed]
C  [ucrtbase.dll+0x29333]
C  [KERNEL32.DLL+0x1259d]
C  [ntdll.dll+0x5af38]


---------------  P R O C E S S  ---------------

Threads class SMR info:
_java_thread_list=0x0000025be8044b60, length=97, elements={
0x0000025b8492e4b0, 0x0000025bdd4a8400, 0x0000025b9adcd070, 0x0000025bdd4b01a0,
0x0000025bdd4a9860, 0x0000025bdd4aa9e0, 0x0000025bdd4b8740, 0x0000025bdd4baf70,
0x0000025bdd4bb760, 0x0000025bdd5b2a20, 0x0000025bdd5dd050, 0x0000025bdd5e8ef0,
0x0000025bdd5b5180, 0x0000025bdd5b5810, 0x0000025bdd5b30b0, 0x0000025bdd5b5ea0,
0x0000025bdd5b3740, 0x0000025bdd5b4460, 0x0000025bdd5b3dd0, 0x0000025be3a15d50,
0x0000025be3a149a0, 0x0000025be3a17100, 0x0000025be3a14310, 0x0000025be4fb8bb0,
0x0000025be543ba20, 0x0000025be3a13c80, 0x0000025be50901a0, 0x0000025be3a16a70,
0x0000025be3a15030, 0x0000025be3a163e0, 0x0000025be3a17790, 0x0000025be3a156c0,
0x0000025be3a17e20, 0x0000025be3a184b0, 0x0000025be3a18b40, 0x0000025be3a191d0,
0x0000025be3a19ef0, 0x0000025be3a1a580, 0x0000025be3a19860, 0x0000025be3a135f0,
0x0000025be3a1ac10, 0x0000025be6191b80, 0x0000025be6194970, 0x0000025be6190140,
0x0000025be6195000, 0x0000025be61914f0, 0x0000025be6192210, 0x0000025be618fab0,
0x0000025be6193c50, 0x0000025be61942e0, 0x0000025be61907d0, 0x0000025be61935c0,
0x0000025be618ed90, 0x0000025be618f420, 0x0000025bdd5b4af0, 0x0000025be4efad50,
0x0000025be4efe1d0, 0x0000025be4ef8c80, 0x0000025be4ef7f60, 0x0000025be4efc790,
0x0000025be4ef9310, 0x0000025be4efeef0, 0x0000025be4efc100, 0x0000025be4ef85f0,
0x0000025be4ef99a0, 0x0000025be4efa030, 0x0000025be4efdb40, 0x0000025be4eff580,
0x0000025be4efba70, 0x0000025be4efd4b0, 0x0000025be4efa6c0, 0x0000025be4efb3e0,
0x0000025be4efce20, 0x0000025be9020120, 0x0000025be9022880, 0x0000025be901fa90,
0x0000025be901bf80, 0x0000025be901e050, 0x0000025be901c610, 0x0000025be9020e40,
0x0000025be901e6e0, 0x0000025be90207b0, 0x0000025be9022f10, 0x0000025be901cca0,
0x0000025be9021b60, 0x0000025be90214d0, 0x0000025be901d330, 0x0000025be901f400,
0x0000025be901d9c0, 0x0000025be98531d0, 0x0000025be9850a70, 0x0000025be9851e20,
0x0000025be9853860, 0x0000025be98524b0, 0x0000025be9853ef0, 0x0000025be9851100,
0x0000025be9851790
}

Java Threads: ( => current thread )
  0x0000025b8492e4b0 JavaThread "main"                              [_thread_blocked, id=19792, stack(0x000000baa8900000,0x000000baa8a00000) (1024K)]
  0x0000025bdd4a8400 JavaThread "Reference Handler"          daemon [_thread_blocked, id=15508, stack(0x000000baa8d00000,0x000000baa8e00000) (1024K)]
  0x0000025b9adcd070 JavaThread "Finalizer"                  daemon [_thread_blocked, id=2344, stack(0x000000baa8e00000,0x000000baa8f00000) (1024K)]
  0x0000025bdd4b01a0 JavaThread "Signal Dispatcher"          daemon [_thread_blocked, id=9328, stack(0x000000baa8f00000,0x000000baa9000000) (1024K)]
  0x0000025bdd4a9860 JavaThread "Attach Listener"            daemon [_thread_blocked, id=4400, stack(0x000000baa9000000,0x000000baa9100000) (1024K)]
  0x0000025bdd4aa9e0 JavaThread "Service Thread"             daemon [_thread_blocked, id=11604, stack(0x000000baa9100000,0x000000baa9200000) (1024K)]
  0x0000025bdd4b8740 JavaThread "Monitor Deflation Thread"   daemon [_thread_blocked, id=8872, stack(0x000000baa9200000,0x000000baa9300000) (1024K)]
  0x0000025bdd4baf70 JavaThread "C2 CompilerThread0"         daemon [_thread_blocked, id=20296, stack(0x000000baa9300000,0x000000baa9400000) (1024K)]
  0x0000025bdd4bb760 JavaThread "C1 CompilerThread0"         daemon [_thread_blocked, id=20528, stack(0x000000baa9400000,0x000000baa9500000) (1024K)]
  0x0000025bdd5b2a20 JavaThread "Common-Cleaner"             daemon [_thread_blocked, id=13528, stack(0x000000baa9500000,0x000000baa9600000) (1024K)]
  0x0000025bdd5dd050 JavaThread "C1 CompilerThread1"         daemon [_thread_blocked, id=20384, stack(0x000000baa9600000,0x000000baa9700000) (1024K)]
  0x0000025bdd5e8ef0 JavaThread "C1 CompilerThread2"         daemon [_thread_blocked, id=19188, stack(0x000000baa9700000,0x000000baa9800000) (1024K)]
  0x0000025bdd5b5180 JavaThread "Notification Thread"        daemon [_thread_blocked, id=12500, stack(0x000000baa9a00000,0x000000baa9b00000) (1024K)]
  0x0000025bdd5b5810 JavaThread "Active Thread: Equinox Container: 6d581075-bb3d-4031-90d5-246948cf017c"        [_thread_blocked, id=20964, stack(0x000000baaa200000,0x000000baaa300000) (1024K)]
  0x0000025bdd5b30b0 JavaThread "Refresh Thread: Equinox Container: 6d581075-bb3d-4031-90d5-246948cf017c" daemon [_thread_blocked, id=11476, stack(0x000000baaa500000,0x000000baaa600000) (1024K)]
  0x0000025bdd5b5ea0 JavaThread "Framework Event Dispatcher: Equinox Container: 6d581075-bb3d-4031-90d5-246948cf017c" daemon [_thread_blocked, id=11508, stack(0x000000baaa600000,0x000000baaa700000) (1024K)]
  0x0000025bdd5b3740 JavaThread "Start Level: Equinox Container: 6d581075-bb3d-4031-90d5-246948cf017c" daemon [_thread_blocked, id=20280, stack(0x000000baaa700000,0x000000baaa800000) (1024K)]
  0x0000025bdd5b4460 JavaThread "Bundle File Closer"         daemon [_thread_blocked, id=1104, stack(0x000000baaa800000,0x000000baaa900000) (1024K)]
  0x0000025bdd5b3dd0 JavaThread "SCR Component Actor"        daemon [_thread_blocked, id=15604, stack(0x000000baaac00000,0x000000baaad00000) (1024K)]
  0x0000025be3a15d50 JavaThread "Worker-JM"                         [_thread_blocked, id=19768, stack(0x000000baab000000,0x000000baab100000) (1024K)]
  0x0000025be3a149a0 JavaThread "JNA Cleaner"                daemon [_thread_blocked, id=10088, stack(0x000000baa9b00000,0x000000baa9c00000) (1024K)]
  0x0000025be3a17100 JavaThread "Worker-0"                          [_thread_blocked, id=1124, stack(0x000000baab200000,0x000000baab300000) (1024K)]
  0x0000025be3a14310 JavaThread "Worker-1"                          [_thread_blocked, id=12396, stack(0x000000baa9800000,0x000000baa9900000) (1024K)]
  0x0000025be4fb8bb0 JavaThread "C2 CompilerThread1"         daemon [_thread_blocked, id=4576, stack(0x000000baa9900000,0x000000baa9a00000) (1024K)]
  0x0000025be543ba20 JavaThread "C1 CompilerThread3"         daemon [_thread_blocked, id=18448, stack(0x000000baaa100000,0x000000baaa200000) (1024K)]
  0x0000025be3a13c80 JavaThread "Java indexing"              daemon [_thread_blocked, id=17640, stack(0x000000baab100000,0x000000baab200000) (1024K)]
=>0x0000025be50901a0 JavaThread "C2 CompilerThread2"         daemon [_thread_in_native, id=20608, stack(0x000000baab300000,0x000000baab400000) (1024K)]
  0x0000025be3a16a70 JavaThread "Worker-2"                          [_thread_blocked, id=16392, stack(0x000000baab700000,0x000000baab800000) (1024K)]
  0x0000025be3a15030 JavaThread "Worker-3"                          [_thread_blocked, id=18684, stack(0x000000baab800000,0x000000baab900000) (1024K)]
  0x0000025be3a163e0 JavaThread "Thread-2"                   daemon [_thread_in_native, id=20152, stack(0x000000baab900000,0x000000baaba00000) (1024K)]
  0x0000025be3a17790 JavaThread "Thread-3"                   daemon [_thread_in_native, id=11292, stack(0x000000baaba00000,0x000000baabb00000) (1024K)]
  0x0000025be3a156c0 JavaThread "Thread-4"                   daemon [_thread_in_native, id=940, stack(0x000000baabb00000,0x000000baabc00000) (1024K)]
  0x0000025be3a17e20 JavaThread "Thread-5"                   daemon [_thread_in_native, id=21036, stack(0x000000baabc00000,0x000000baabd00000) (1024K)]
  0x0000025be3a184b0 JavaThread "Thread-6"                   daemon [_thread_in_native, id=7448, stack(0x000000baabd00000,0x000000baabe00000) (1024K)]
  0x0000025be3a18b40 JavaThread "Thread-7"                   daemon [_thread_in_native, id=19044, stack(0x000000baabe00000,0x000000baabf00000) (1024K)]
  0x0000025be3a191d0 JavaThread "Thread-8"                   daemon [_thread_in_native, id=20584, stack(0x000000baabf00000,0x000000baac000000) (1024K)]
  0x0000025be3a19ef0 JavaThread "Thread-9"                   daemon [_thread_in_native, id=2732, stack(0x000000baac000000,0x000000baac100000) (1024K)]
  0x0000025be3a1a580 JavaThread "Thread-10"                  daemon [_thread_in_native, id=21424, stack(0x000000baac100000,0x000000baac200000) (1024K)]
  0x0000025be3a19860 JavaThread "Thread-11"                  daemon [_thread_in_native, id=6232, stack(0x000000baac200000,0x000000baac300000) (1024K)]
  0x0000025be3a135f0 JavaThread "Thread-12"                  daemon [_thread_in_native, id=5180, stack(0x000000baac300000,0x000000baac400000) (1024K)]
  0x0000025be3a1ac10 JavaThread "Thread-13"                  daemon [_thread_in_native, id=11708, stack(0x000000baac400000,0x000000baac500000) (1024K)]
  0x0000025be6191b80 JavaThread "Thread-14"                  daemon [_thread_in_native, id=12372, stack(0x000000baac500000,0x000000baac600000) (1024K)]
  0x0000025be6194970 JavaThread "Thread-15"                  daemon [_thread_in_native, id=8376, stack(0x000000baac600000,0x000000baac700000) (1024K)]
  0x0000025be6190140 JavaThread "Thread-16"                  daemon [_thread_in_native, id=5964, stack(0x000000baac700000,0x000000baac800000) (1024K)]
  0x0000025be6195000 JavaThread "Thread-17"                  daemon [_thread_in_native, id=9120, stack(0x000000baac800000,0x000000baac900000) (1024K)]
  0x0000025be61914f0 JavaThread "Thread-18"                  daemon [_thread_in_native, id=7544, stack(0x000000baac900000,0x000000baaca00000) (1024K)]
  0x0000025be6192210 JavaThread "pool-2-thread-1"                   [_thread_blocked, id=12436, stack(0x000000baaca00000,0x000000baacb00000) (1024K)]
  0x0000025be618fab0 JavaThread "Worker-4: Java indexing... "        [_thread_blocked, id=2948, stack(0x000000baacb00000,0x000000baacc00000) (1024K)]
  0x0000025be6193c50 JavaThread "Worker-5: Initialize Workspace"        [_thread_blocked, id=7232, stack(0x000000baacc00000,0x000000baacd00000) (1024K)]
  0x0000025be61942e0 JavaThread "WorkspaceEventsHandler"            [_thread_blocked, id=6328, stack(0x000000baace00000,0x000000baacf00000) (1024K)]
  0x0000025be61907d0 JavaThread "pool-1-thread-1"                   [_thread_blocked, id=1072, stack(0x000000baacf00000,0x000000baad000000) (1024K)]
  0x0000025be61935c0 JavaThread "Keep-Alive-Timer"           daemon [_thread_blocked, id=836, stack(0x000000baad000000,0x000000baad100000) (1024K)]
  0x0000025be618ed90 JavaThread "LocalFile Deleter"          daemon [_thread_blocked, id=19212, stack(0x000000baaad00000,0x000000baaae00000) (1024K)]
  0x0000025be618f420 JavaThread "LocalFile Deleter"          daemon [_thread_blocked, id=20352, stack(0x000000baad100000,0x000000baad200000) (1024K)]
  0x0000025bdd5b4af0 JavaThread "LocalFile Deleter"          daemon [_thread_blocked, id=20408, stack(0x000000baad200000,0x000000baad300000) (1024K)]
  0x0000025be4efad50 JavaThread "LocalFile Deleter"          daemon [_thread_blocked, id=19488, stack(0x000000baad300000,0x000000baad400000) (1024K)]
  0x0000025be4efe1d0 JavaThread "LocalFile Deleter"          daemon [_thread_blocked, id=1092, stack(0x000000baad400000,0x000000baad500000) (1024K)]
  0x0000025be4ef8c80 JavaThread "LocalFile Deleter"          daemon [_thread_blocked, id=752, stack(0x000000baad500000,0x000000baad600000) (1024K)]
  0x0000025be4ef7f60 JavaThread "LocalFile Deleter"          daemon [_thread_blocked, id=14412, stack(0x000000baad600000,0x000000baad700000) (1024K)]
  0x0000025be4efc790 JavaThread "LocalFile Deleter"          daemon [_thread_blocked, id=19504, stack(0x000000baad700000,0x000000baad800000) (1024K)]
  0x0000025be4ef9310 JavaThread "LocalFile Deleter"          daemon [_thread_blocked, id=20496, stack(0x000000baad800000,0x000000baad900000) (1024K)]
  0x0000025be4efeef0 JavaThread "LocalFile Deleter"          daemon [_thread_blocked, id=10624, stack(0x000000baad900000,0x000000baada00000) (1024K)]
  0x0000025be4efc100 JavaThread "LocalFile Deleter"          daemon [_thread_blocked, id=21044, stack(0x000000baada00000,0x000000baadb00000) (1024K)]
  0x0000025be4ef85f0 JavaThread "LocalFile Deleter"          daemon [_thread_blocked, id=9984, stack(0x000000baadb00000,0x000000baadc00000) (1024K)]
  0x0000025be4ef99a0 JavaThread "LocalFile Deleter"          daemon [_thread_blocked, id=4336, stack(0x000000baadc00000,0x000000baadd00000) (1024K)]
  0x0000025be4efa030 JavaThread "LocalFile Deleter"          daemon [_thread_blocked, id=21352, stack(0x000000baadd00000,0x000000baade00000) (1024K)]
  0x0000025be4efdb40 JavaThread "LocalFile Deleter"          daemon [_thread_blocked, id=6556, stack(0x000000baade00000,0x000000baadf00000) (1024K)]
  0x0000025be4eff580 JavaThread "LocalFile Deleter"          daemon [_thread_blocked, id=18088, stack(0x000000baadf00000,0x000000baae000000) (1024K)]
  0x0000025be4efba70 JavaThread "Compiler Source File Reader" daemon [_thread_blocked, id=9384, stack(0x000000baae000000,0x000000baae100000) (1024K)]
  0x0000025be4efd4b0 JavaThread "Compiler Source File Reader" daemon [_thread_blocked, id=3648, stack(0x000000baae100000,0x000000baae200000) (1024K)]
  0x0000025be4efa6c0 JavaThread "Compiler Source File Reader" daemon [_thread_blocked, id=21452, stack(0x000000baae200000,0x000000baae300000) (1024K)]
  0x0000025be4efb3e0 JavaThread "Compiler Source File Reader" daemon [_thread_blocked, id=1896, stack(0x000000baae300000,0x000000baae400000) (1024K)]
  0x0000025be4efce20 JavaThread "Compiler Source File Reader" daemon [_thread_blocked, id=6800, stack(0x000000baae400000,0x000000baae500000) (1024K)]
  0x0000025be9020120 JavaThread "Compiler Source File Reader" daemon [_thread_blocked, id=11456, stack(0x000000baae500000,0x000000baae600000) (1024K)]
  0x0000025be9022880 JavaThread "Compiler Source File Reader" daemon [_thread_blocked, id=7416, stack(0x000000baae600000,0x000000baae700000) (1024K)]
  0x0000025be901fa90 JavaThread "Compiler Source File Reader" daemon [_thread_blocked, id=7420, stack(0x000000baae700000,0x000000baae800000) (1024K)]
  0x0000025be901bf80 JavaThread "Compiler Source File Reader" daemon [_thread_blocked, id=7504, stack(0x000000baae800000,0x000000baae900000) (1024K)]
  0x0000025be901e050 JavaThread "Compiler Source File Reader" daemon [_thread_blocked, id=4948, stack(0x000000baae900000,0x000000baaea00000) (1024K)]
  0x0000025be901c610 JavaThread "Compiler Source File Reader" daemon [_thread_blocked, id=17672, stack(0x000000baaea00000,0x000000baaeb00000) (1024K)]
  0x0000025be9020e40 JavaThread "Compiler Source File Reader" daemon [_thread_blocked, id=9132, stack(0x000000baaeb00000,0x000000baaec00000) (1024K)]
  0x0000025be901e6e0 JavaThread "Compiler Source File Reader" daemon [_thread_blocked, id=11728, stack(0x000000baaec00000,0x000000baaed00000) (1024K)]
  0x0000025be90207b0 JavaThread "Compiler Source File Reader" daemon [_thread_blocked, id=9824, stack(0x000000baaed00000,0x000000baaee00000) (1024K)]
  0x0000025be9022f10 JavaThread "Compiler Processing Task"   daemon [_thread_blocked, id=1976, stack(0x000000baab400000,0x000000baab500000) (1024K)]
  0x0000025be901cca0 JavaThread "Compiler Class File Writer" daemon [_thread_blocked, id=21368, stack(0x000000baaee00000,0x000000baaef00000) (1024K)]
  0x0000025be9021b60 JavaThread "Compiler Class File Writer" daemon [_thread_blocked, id=3440, stack(0x000000baaef00000,0x000000baaf000000) (1024K)]
  0x0000025be90214d0 JavaThread "Compiler Class File Writer" daemon [_thread_blocked, id=19204, stack(0x000000baaf000000,0x000000baaf100000) (1024K)]
  0x0000025be901d330 JavaThread "Compiler Class File Writer" daemon [_thread_blocked, id=19708, stack(0x000000baaf100000,0x000000baaf200000) (1024K)]
  0x0000025be901f400 JavaThread "Compiler Class File Writer" daemon [_thread_blocked, id=16512, stack(0x000000baaf200000,0x000000baaf300000) (1024K)]
  0x0000025be901d9c0 JavaThread "Compiler Class File Writer" daemon [_thread_blocked, id=18984, stack(0x000000baaf300000,0x000000baaf400000) (1024K)]
  0x0000025be98531d0 JavaThread "Compiler Class File Writer" daemon [_thread_blocked, id=18456, stack(0x000000baaf400000,0x000000baaf500000) (1024K)]
  0x0000025be9850a70 JavaThread "Compiler Class File Writer" daemon [_thread_blocked, id=244, stack(0x000000baaf500000,0x000000baaf600000) (1024K)]
  0x0000025be9851e20 JavaThread "Compiler Class File Writer" daemon [_thread_blocked, id=18700, stack(0x000000baaf600000,0x000000baaf700000) (1024K)]
  0x0000025be9853860 JavaThread "Compiler Class File Writer" daemon [_thread_blocked, id=2104, stack(0x000000baaf700000,0x000000baaf800000) (1024K)]
  0x0000025be98524b0 JavaThread "Compiler Class File Writer" daemon [_thread_blocked, id=14732, stack(0x000000baaf800000,0x000000baaf900000) (1024K)]
  0x0000025be9853ef0 JavaThread "Compiler Class File Writer" daemon [_thread_blocked, id=1532, stack(0x000000baaf900000,0x000000baafa00000) (1024K)]
  0x0000025be9851100 JavaThread "Compiler Class File Writer" daemon [_thread_blocked, id=15048, stack(0x000000baafa00000,0x000000baafb00000) (1024K)]
  0x0000025be9851790 JavaThread "Compiler Class File Writer" daemon [_thread_blocked, id=8632, stack(0x000000baafb00000,0x000000baafc00000) (1024K)]
Total: 97

Other Threads:
  0x0000025bdd4a2220 VMThread "VM Thread"                           [id=20036, stack(0x000000baa8c00000,0x000000baa8d00000) (1024K)]
  0x0000025b84997770 WatcherThread "VM Periodic Task Thread"        [id=8708, stack(0x000000baa8b00000,0x000000baa8c00000) (1024K)]
  0x0000025b8494c990 WorkerThread "GC Thread#0"                     [id=8548, stack(0x000000baa8a00000,0x000000baa8b00000) (1024K)]
  0x0000025be3721f40 WorkerThread "GC Thread#1"                     [id=7196, stack(0x000000baa9c00000,0x000000baa9d00000) (1024K)]
  0x0000025be37222e0 WorkerThread "GC Thread#2"                     [id=1408, stack(0x000000baa9d00000,0x000000baa9e00000) (1024K)]
  0x0000025be3853e20 WorkerThread "GC Thread#3"                     [id=3016, stack(0x000000baa9e00000,0x000000baa9f00000) (1024K)]
  0x0000025be38541c0 WorkerThread "GC Thread#4"                     [id=17112, stack(0x000000baa9f00000,0x000000baaa000000) (1024K)]
  0x0000025be3854560 WorkerThread "GC Thread#5"                     [id=15724, stack(0x000000baaa000000,0x000000baaa100000) (1024K)]
  0x0000025be38498e0 WorkerThread "GC Thread#6"                     [id=14680, stack(0x000000baaa300000,0x000000baaa400000) (1024K)]
  0x0000025be38edce0 WorkerThread "GC Thread#7"                     [id=14432, stack(0x000000baaa400000,0x000000baaa500000) (1024K)]
  0x0000025be37684f0 WorkerThread "GC Thread#8"                     [id=20564, stack(0x000000baaa900000,0x000000baaaa00000) (1024K)]
  0x0000025be403ae50 WorkerThread "GC Thread#9"                     [id=7152, stack(0x000000baaaa00000,0x000000baaab00000) (1024K)]
  0x0000025be3835990 WorkerThread "GC Thread#10"                    [id=14660, stack(0x000000baaab00000,0x000000baaac00000) (1024K)]
  0x0000025be3836bb0 WorkerThread "GC Thread#11"                    [id=8044, stack(0x000000baaae00000,0x000000baaaf00000) (1024K)]
  0x0000025be38360d0 WorkerThread "GC Thread#12"                    [id=19500, stack(0x000000baaaf00000,0x000000baab000000) (1024K)]
Total: 15

Threads with active compile tasks:
C2 CompilerThread0  21251 16293       4       java.util.UUID::randomUUID (63 bytes)
C2 CompilerThread1  21251 16350       4       org.eclipse.core.internal.events.ResourceDelta::getMarkerDeltas (95 bytes)
C2 CompilerThread2  21251 15799   !   4       lombok.eclipse.agent.PatchExtensionMethod::resolveType (870 bytes)
Total: 3

VM state: at safepoint (normal execution)

VM Mutex/Monitor currently owned by a thread:  ([mutex/lock_event])
[0x00007ffecfc0d380] Threads_lock - owner thread: 0x0000025bdd4a2220
[0x00007ffecfc0d480] Heap_lock - owner thread: 0x0000025be3a13c80

Heap address: 0x00000000c0000000, size: 1024 MB, Compressed Oops mode: 32-bit

CDS archive(s) mapped at: [0x0000025b9b000000-0x0000025b9bba0000-0x0000025b9bba0000), size 12189696, SharedBaseAddress: 0x0000025b9b000000, ArchiveRelocationMode: 1.
Compressed class space mapped at: 0x0000025b9c000000-0x0000025bdc000000, reserved size: 1073741824
Narrow klass base: 0x0000025b9b000000, Narrow klass shift: 0, Narrow klass range: 0x100000000

GC Precious Log:
 CardTable entry size: 512
 CPUs: 16 total, 16 available
 Memory: 16160M
 Large Page Support: Disabled
 NUMA Support: Disabled
 Compressed Oops: Enabled (32-bit)
 Alignments: Space 512K, Generation 512K, Heap 2M
 Heap Min Capacity: 100M
 Heap Initial Capacity: 100M
 Heap Max Capacity: 1G
 Pre-touch: Disabled
 Parallel Workers: 13

Heap:
 PSYoungGen      total 5120K, used 5116K [0x00000000eab00000, 0x00000000eb200000, 0x0000000100000000)
  eden space 4096K, 100% used [0x00000000eab00000,0x00000000eaf00000,0x00000000eaf00000)
  from space 1024K, 99% used [0x00000000eb100000,0x00000000eb1ff1e0,0x00000000eb200000)
  to   space 1536K, 0% used [0x00000000eaf00000,0x00000000eaf00000,0x00000000eb080000)
 ParOldGen       total 698368K, used 698214K [0x00000000c0000000, 0x00000000eaa00000, 0x00000000eab00000)
  object space 698368K, 99% used [0x00000000c0000000,0x00000000ea9d99a0,0x00000000eaa00000)
 Metaspace       used 67295K, committed 68672K, reserved 1114112K
  class space    used 6584K, committed 7168K, reserved 1048576K

Card table byte_map: [0x0000025b98660000,0x0000025b98870000] _byte_map_base: 0x0000025b98060000

Marking Bits: (ParMarkBitMap*) 0x00007ffecfc12250
 Begin Bits: [0x0000025b989d0000, 0x0000025b999d0000)
 End Bits:   [0x0000025b999d0000, 0x0000025b9a9d0000)

Polling page: 0x0000025b849f0000

Metaspace:

Usage:
  Non-class:     59.29 MB used.
      Class:      6.43 MB used.
       Both:     65.72 MB used.

Virtual space:
  Non-class space:       64.00 MB reserved,      60.06 MB ( 94%) committed,  1 nodes.
      Class space:        1.00 GB reserved,       7.00 MB ( <1%) committed,  1 nodes.
             Both:        1.06 GB reserved,      67.06 MB (  6%) committed. 

Chunk freelists:
   Non-Class:  3.77 MB
       Class:  9.02 MB
        Both:  12.78 MB

MaxMetaspaceSize: unlimited
CompressedClassSpaceSize: 1.00 GB
Initial GC threshold: 21.00 MB
Current GC threshold: 97.31 MB
CDS: on
 - commit_granule_bytes: 65536.
 - commit_granule_words: 8192.
 - virtual_space_node_default_size: 8388608.
 - enlarge_chunks_in_place: 1.
 - use_allocation_guard: 0.


Internal statistics:

num_allocs_failed_limit: 9.
num_arena_births: 1128.
num_arena_deaths: 14.
num_vsnodes_births: 2.
num_vsnodes_deaths: 0.
num_space_committed: 1073.
num_space_uncommitted: 0.
num_chunks_returned_to_freelist: 23.
num_chunks_taken_from_freelist: 4056.
num_chunk_merges: 15.
num_chunk_splits: 2516.
num_chunks_enlarged: 1506.
num_inconsistent_stats: 0.

CodeHeap 'non-profiled nmethods': size=119168Kb used=11976Kb max_used=11976Kb free=107191Kb
 bounds [0x0000025b91020000, 0x0000025b91be0000, 0x0000025b98480000]
CodeHeap 'profiled nmethods': size=119104Kb used=38816Kb max_used=38816Kb free=80287Kb
 bounds [0x0000025b89480000, 0x0000025b8ba70000, 0x0000025b908d0000]
CodeHeap 'non-nmethods': size=7488Kb used=3151Kb max_used=3277Kb free=4336Kb
 bounds [0x0000025b908d0000, 0x0000025b90c20000, 0x0000025b91020000]
 total_blobs=16118 nmethods=15344 adapters=674
 compilation: enabled
              stopped_count=0, restarted_count=0
 full_count=0

Compilation events (20 events):
Event: 21.130 Thread 0x0000025be4fb8bb0 nmethod 16340 0x0000025b91bcd310 code [0x0000025b91bcd5c0, 0x0000025b91bce968]
Event: 21.130 Thread 0x0000025be4fb8bb0 16295       4       org.eclipse.core.internal.jobs.OrderedLock::acquire (83 bytes)
Event: 21.131 Thread 0x0000025bdd4baf70 nmethod 16294 0x0000025b91bcf290 code [0x0000025b91bcf440, 0x0000025b91bcf8a8]
Event: 21.131 Thread 0x0000025bdd4baf70 16296       4       org.eclipse.core.internal.jobs.OrderedLock::release (60 bytes)
Event: 21.133 Thread 0x0000025bdd4bb760 16345       3       org.eclipse.core.internal.events.NodeIDMap::putNewPath (8 bytes)
Event: 21.133 Thread 0x0000025bdd4bb760 nmethod 16345 0x0000025b8ba66c10 code [0x0000025b8ba66dc0, 0x0000025b8ba66f08]
Event: 21.137 Thread 0x0000025bdd4baf70 nmethod 16296 0x0000025b91bcfa10 code [0x0000025b91bcfbe0, 0x0000025b91bd0080]
Event: 21.137 Thread 0x0000025be4fb8bb0 nmethod 16295 0x0000025b91bd0390 code [0x0000025b91bd0580, 0x0000025b91bd0b70]
Event: 21.137 Thread 0x0000025bdd4baf70 16344       4       org.eclipse.core.internal.events.NodeIDMap::hashFor (13 bytes)
Event: 21.137 Thread 0x0000025bdd4bb760 16346       2       org.eclipse.core.internal.dtree.DeltaDataTree::<init> (20 bytes)
Event: 21.137 Thread 0x0000025be4fb8bb0 16307   !   4       org.eclipse.core.internal.jobs.OrderedLock::acquire (32 bytes)
Event: 21.137 Thread 0x0000025bdd4bb760 nmethod 16346 0x0000025b8ba67010 code [0x0000025b8ba671c0, 0x0000025b8ba673c8]
Event: 21.137 Thread 0x0000025bdd4baf70 nmethod 16344 0x0000025b91bd0f90 code [0x0000025b91bd1120, 0x0000025b91bd11f8]
Event: 21.137 Thread 0x0000025bdd4baf70 16293       4       java.util.UUID::randomUUID (63 bytes)
Event: 21.138 Thread 0x0000025bdd4bb760 16349       2       org.eclipse.core.internal.events.BuildCommand::getArguments (33 bytes)
Event: 21.138 Thread 0x0000025bdd4bb760 nmethod 16349 0x0000025b8ba67510 code [0x0000025b8ba676e0, 0x0000025b8ba678d8]
Event: 21.142 Thread 0x0000025be4fb8bb0 nmethod 16307 0x0000025b91bd1290 code [0x0000025b91bd14a0, 0x0000025b91bd1b48]
Event: 21.142 Thread 0x0000025be4fb8bb0 16350       4       org.eclipse.core.internal.events.ResourceDelta::getMarkerDeltas (95 bytes)
Event: 21.156 Thread 0x0000025bdd5dd050 16351       2       com.google.gson.stream.JsonWriter::beforeName (49 bytes)
Event: 21.157 Thread 0x0000025bdd5dd050 nmethod 16351 0x0000025b8ba67a10 code [0x0000025b8ba67c00, 0x0000025b8ba67f80]

GC Heap History (20 events):
Event: 20.980 GC heap after
{Heap after GC invocations=1040 (full 3):
 PSYoungGen      total 8192K, used 1547K [0x00000000eab00000, 0x00000000eb500000, 0x0000000100000000)
  eden space 6144K, 0% used [0x00000000eab00000,0x00000000eab00000,0x00000000eb100000)
  from space 2048K, 75% used [0x00000000eb100000,0x00000000eb282d10,0x00000000eb300000)
  to   space 2048K, 0% used [0x00000000eb300000,0x00000000eb300000,0x00000000eb500000)
 ParOldGen       total 687616K, used 687133K [0x00000000c0000000, 0x00000000e9f80000, 0x00000000eab00000)
  object space 687616K, 99% used [0x00000000c0000000,0x00000000e9f07470,0x00000000e9f80000)
 Metaspace       used 67272K, committed 68672K, reserved 1114112K
  class space    used 6582K, committed 7168K, reserved 1048576K
}
Event: 21.000 GC heap before
{Heap before GC invocations=1041 (full 3):
 PSYoungGen      total 8192K, used 7691K [0x00000000eab00000, 0x00000000eb500000, 0x0000000100000000)
  eden space 6144K, 100% used [0x00000000eab00000,0x00000000eb100000,0x00000000eb100000)
  from space 2048K, 75% used [0x00000000eb100000,0x00000000eb282d10,0x00000000eb300000)
  to   space 2048K, 0% used [0x00000000eb300000,0x00000000eb300000,0x00000000eb500000)
 ParOldGen       total 687616K, used 687133K [0x00000000c0000000, 0x00000000e9f80000, 0x00000000eab00000)
  object space 687616K, 99% used [0x00000000c0000000,0x00000000e9f07470,0x00000000e9f80000)
 Metaspace       used 67274K, committed 68672K, reserved 1114112K
  class space    used 6582K, committed 7168K, reserved 1048576K
}
Event: 21.003 GC heap after
{Heap after GC invocations=1041 (full 3):
 PSYoungGen      total 7680K, used 1439K [0x00000000eab00000, 0x00000000eb480000, 0x0000000100000000)
  eden space 6144K, 0% used [0x00000000eab00000,0x00000000eab00000,0x00000000eb100000)
  from space 1536K, 93% used [0x00000000eb300000,0x00000000eb467d00,0x00000000eb480000)
  to   space 1536K, 0% used [0x00000000eb180000,0x00000000eb180000,0x00000000eb300000)
 ParOldGen       total 688640K, used 688421K [0x00000000c0000000, 0x00000000ea080000, 0x00000000eab00000)
  object space 688640K, 99% used [0x00000000c0000000,0x00000000ea049648,0x00000000ea080000)
 Metaspace       used 67274K, committed 68672K, reserved 1114112K
  class space    used 6582K, committed 7168K, reserved 1048576K
}
Event: 21.020 GC heap before
{Heap before GC invocations=1042 (full 3):
 PSYoungGen      total 7680K, used 7583K [0x00000000eab00000, 0x00000000eb480000, 0x0000000100000000)
  eden space 6144K, 100% used [0x00000000eab00000,0x00000000eb100000,0x00000000eb100000)
  from space 1536K, 93% used [0x00000000eb300000,0x00000000eb467d00,0x00000000eb480000)
  to   space 1536K, 0% used [0x00000000eb180000,0x00000000eb180000,0x00000000eb300000)
 ParOldGen       total 688640K, used 688421K [0x00000000c0000000, 0x00000000ea080000, 0x00000000eab00000)
  object space 688640K, 99% used [0x00000000c0000000,0x00000000ea049648,0x00000000ea080000)
 Metaspace       used 67277K, committed 68672K, reserved 1114112K
  class space    used 6582K, committed 7168K, reserved 1048576K
}
Event: 21.025 GC heap after
{Heap after GC invocations=1042 (full 3):
 PSYoungGen      total 7680K, used 1280K [0x00000000eab00000, 0x00000000eb400000, 0x0000000100000000)
  eden space 6144K, 0% used [0x00000000eab00000,0x00000000eab00000,0x00000000eb100000)
  from space 1536K, 83% used [0x00000000eb180000,0x00000000eb2c0000,0x00000000eb300000)
  to   space 1024K, 0% used [0x00000000eb300000,0x00000000eb300000,0x00000000eb400000)
 ParOldGen       total 689664K, used 689645K [0x00000000c0000000, 0x00000000ea180000, 0x00000000eab00000)
  object space 689664K, 99% used [0x00000000c0000000,0x00000000ea17b5a0,0x00000000ea180000)
 Metaspace       used 67277K, committed 68672K, reserved 1114112K
  class space    used 6582K, committed 7168K, reserved 1048576K
}
Event: 21.043 GC heap before
{Heap before GC invocations=1043 (full 3):
 PSYoungGen      total 7680K, used 7424K [0x00000000eab00000, 0x00000000eb400000, 0x0000000100000000)
  eden space 6144K, 100% used [0x00000000eab00000,0x00000000eb100000,0x00000000eb100000)
  from space 1536K, 83% used [0x00000000eb180000,0x00000000eb2c0000,0x00000000eb300000)
  to   space 1024K, 0% used [0x00000000eb300000,0x00000000eb300000,0x00000000eb400000)
 ParOldGen       total 689664K, used 689645K [0x00000000c0000000, 0x00000000ea180000, 0x00000000eab00000)
  object space 689664K, 99% used [0x00000000c0000000,0x00000000ea17b5a0,0x00000000ea180000)
 Metaspace       used 67278K, committed 68672K, reserved 1114112K
  class space    used 6582K, committed 7168K, reserved 1048576K
}
Event: 21.045 GC heap after
{Heap after GC invocations=1043 (full 3):
 PSYoungGen      total 6656K, used 1008K [0x00000000eab00000, 0x00000000eb600000, 0x0000000100000000)
  eden space 5632K, 0% used [0x00000000eab00000,0x00000000eab00000,0x00000000eb080000)
  from space 1024K, 98% used [0x00000000eb300000,0x00000000eb3fc220,0x00000000eb400000)
  to   space 2560K, 0% used [0x00000000eb080000,0x00000000eb080000,0x00000000eb300000)
 ParOldGen       total 691200K, used 690919K [0x00000000c0000000, 0x00000000ea300000, 0x00000000eab00000)
  object space 691200K, 99% used [0x00000000c0000000,0x00000000ea2b9fd0,0x00000000ea300000)
 Metaspace       used 67278K, committed 68672K, reserved 1114112K
  class space    used 6582K, committed 7168K, reserved 1048576K
}
Event: 21.060 GC heap before
{Heap before GC invocations=1044 (full 3):
 PSYoungGen      total 6656K, used 6640K [0x00000000eab00000, 0x00000000eb600000, 0x0000000100000000)
  eden space 5632K, 100% used [0x00000000eab00000,0x00000000eb080000,0x00000000eb080000)
  from space 1024K, 98% used [0x00000000eb300000,0x00000000eb3fc220,0x00000000eb400000)
  to   space 2560K, 0% used [0x00000000eb080000,0x00000000eb080000,0x00000000eb300000)
 ParOldGen       total 691200K, used 690919K [0x00000000c0000000, 0x00000000ea300000, 0x00000000eab00000)
  object space 691200K, 99% used [0x00000000c0000000,0x00000000ea2b9fd0,0x00000000ea300000)
 Metaspace       used 67284K, committed 68672K, reserved 1114112K
  class space    used 6582K, committed 7168K, reserved 1048576K
}
Event: 21.063 GC heap after
{Heap after GC invocations=1044 (full 3):
 PSYoungGen      total 7168K, used 1347K [0x00000000eab00000, 0x00000000eb480000, 0x0000000100000000)
  eden space 5632K, 0% used [0x00000000eab00000,0x00000000eab00000,0x00000000eb080000)
  from space 1536K, 87% used [0x00000000eb080000,0x00000000eb1d0d18,0x00000000eb200000)
  to   space 2048K, 0% used [0x00000000eb280000,0x00000000eb280000,0x00000000eb480000)
 ParOldGen       total 692224K, used 691867K [0x00000000c0000000, 0x00000000ea400000, 0x00000000eab00000)
  object space 692224K, 99% used [0x00000000c0000000,0x00000000ea3a6c90,0x00000000ea400000)
 Metaspace       used 67284K, committed 68672K, reserved 1114112K
  class space    used 6582K, committed 7168K, reserved 1048576K
}
Event: 21.080 GC heap before
{Heap before GC invocations=1045 (full 3):
 PSYoungGen      total 7168K, used 6979K [0x00000000eab00000, 0x00000000eb480000, 0x0000000100000000)
  eden space 5632K, 100% used [0x00000000eab00000,0x00000000eb080000,0x00000000eb080000)
  from space 1536K, 87% used [0x00000000eb080000,0x00000000eb1d0d18,0x00000000eb200000)
  to   space 2048K, 0% used [0x00000000eb280000,0x00000000eb280000,0x00000000eb480000)
 ParOldGen       total 692224K, used 691867K [0x00000000c0000000, 0x00000000ea400000, 0x00000000eab00000)
  object space 692224K, 99% used [0x00000000c0000000,0x00000000ea3a6c90,0x00000000ea400000)
 Metaspace       used 67284K, committed 68672K, reserved 1114112K
  class space    used 6582K, committed 7168K, reserved 1048576K
}
Event: 21.083 GC heap after
{Heap after GC invocations=1045 (full 3):
 PSYoungGen      total 7168K, used 1483K [0x00000000eab00000, 0x00000000eb400000, 0x0000000100000000)
  eden space 5632K, 0% used [0x00000000eab00000,0x00000000eab00000,0x00000000eb080000)
  from space 1536K, 96% used [0x00000000eb280000,0x00000000eb3f2de8,0x00000000eb400000)
  to   space 1536K, 0% used [0x00000000eb080000,0x00000000eb080000,0x00000000eb200000)
 ParOldGen       total 693248K, used 693085K [0x00000000c0000000, 0x00000000ea500000, 0x00000000eab00000)
  object space 693248K, 99% used [0x00000000c0000000,0x00000000ea4d7430,0x00000000ea500000)
 Metaspace       used 67284K, committed 68672K, reserved 1114112K
  class space    used 6582K, committed 7168K, reserved 1048576K
}
Event: 21.099 GC heap before
{Heap before GC invocations=1046 (full 3):
 PSYoungGen      total 7168K, used 7115K [0x00000000eab00000, 0x00000000eb400000, 0x0000000100000000)
  eden space 5632K, 100% used [0x00000000eab00000,0x00000000eb080000,0x00000000eb080000)
  from space 1536K, 96% used [0x00000000eb280000,0x00000000eb3f2de8,0x00000000eb400000)
  to   space 1536K, 0% used [0x00000000eb080000,0x00000000eb080000,0x00000000eb200000)
 ParOldGen       total 693248K, used 693085K [0x00000000c0000000, 0x00000000ea500000, 0x00000000eab00000)
  object space 693248K, 99% used [0x00000000c0000000,0x00000000ea4d7430,0x00000000ea500000)
 Metaspace       used 67284K, committed 68672K, reserved 1114112K
  class space    used 6582K, committed 7168K, reserved 1048576K
}
Event: 21.101 GC heap after
{Heap after GC invocations=1046 (full 3):
 PSYoungGen      total 7168K, used 1479K [0x00000000eab00000, 0x00000000eb380000, 0x0000000100000000)
  eden space 5632K, 0% used [0x00000000eab00000,0x00000000eab00000,0x00000000eb080000)
  from space 1536K, 96% used [0x00000000eb080000,0x00000000eb1f1fe0,0x00000000eb200000)
  to   space 1536K, 0% used [0x00000000eb200000,0x00000000eb200000,0x00000000eb380000)
 ParOldGen       total 694784K, used 694442K [0x00000000c0000000, 0x00000000ea680000, 0x00000000eab00000)
  object space 694784K, 99% used [0x00000000c0000000,0x00000000ea62aa28,0x00000000ea680000)
 Metaspace       used 67284K, committed 68672K, reserved 1114112K
  class space    used 6582K, committed 7168K, reserved 1048576K
}
Event: 21.117 GC heap before
{Heap before GC invocations=1047 (full 3):
 PSYoungGen      total 7168K, used 7111K [0x00000000eab00000, 0x00000000eb380000, 0x0000000100000000)
  eden space 5632K, 100% used [0x00000000eab00000,0x00000000eb080000,0x00000000eb080000)
  from space 1536K, 96% used [0x00000000eb080000,0x00000000eb1f1fe0,0x00000000eb200000)
  to   space 1536K, 0% used [0x00000000eb200000,0x00000000eb200000,0x00000000eb380000)
 ParOldGen       total 694784K, used 694442K [0x00000000c0000000, 0x00000000ea680000, 0x00000000eab00000)
  object space 694784K, 99% used [0x00000000c0000000,0x00000000ea62aa28,0x00000000ea680000)
 Metaspace       used 67284K, committed 68672K, reserved 1114112K
  class space    used 6582K, committed 7168K, reserved 1048576K
}
Event: 21.119 GC heap after
{Heap after GC invocations=1047 (full 3):
 PSYoungGen      total 5632K, used 1516K [0x00000000eab00000, 0x00000000eb680000, 0x0000000100000000)
  eden space 4096K, 0% used [0x00000000eab00000,0x00000000eab00000,0x00000000eaf00000)
  from space 1536K, 98% used [0x00000000eb200000,0x00000000eb37b010,0x00000000eb380000)
  to   space 3072K, 0% used [0x00000000eaf00000,0x00000000eaf00000,0x00000000eb200000)
 ParOldGen       total 695808K, used 695703K [0x00000000c0000000, 0x00000000ea780000, 0x00000000eab00000)
  object space 695808K, 99% used [0x00000000c0000000,0x00000000ea765e18,0x00000000ea780000)
 Metaspace       used 67284K, committed 68672K, reserved 1114112K
  class space    used 6582K, committed 7168K, reserved 1048576K
}
Event: 21.134 GC heap before
{Heap before GC invocations=1048 (full 3):
 PSYoungGen      total 5632K, used 5612K [0x00000000eab00000, 0x00000000eb680000, 0x0000000100000000)
  eden space 4096K, 100% used [0x00000000eab00000,0x00000000eaf00000,0x00000000eaf00000)
  from space 1536K, 98% used [0x00000000eb200000,0x00000000eb37b010,0x00000000eb380000)
  to   space 3072K, 0% used [0x00000000eaf00000,0x00000000eaf00000,0x00000000eb200000)
 ParOldGen       total 695808K, used 695703K [0x00000000c0000000, 0x00000000ea780000, 0x00000000eab00000)
  object space 695808K, 99% used [0x00000000c0000000,0x00000000ea765e18,0x00000000ea780000)
 Metaspace       used 67284K, committed 68672K, reserved 1114112K
  class space    used 6582K, committed 7168K, reserved 1048576K
}
Event: 21.136 GC heap after
{Heap after GC invocations=1048 (full 3):
 PSYoungGen      total 5632K, used 1458K [0x00000000eab00000, 0x00000000eb300000, 0x0000000100000000)
  eden space 4096K, 0% used [0x00000000eab00000,0x00000000eab00000,0x00000000eaf00000)
  from space 1536K, 94% used [0x00000000eaf00000,0x00000000eb06c9a0,0x00000000eb080000)
  to   space 2048K, 0% used [0x00000000eb100000,0x00000000eb100000,0x00000000eb300000)
 ParOldGen       total 697344K, used 696985K [0x00000000c0000000, 0x00000000ea900000, 0x00000000eab00000)
  object space 697344K, 99% used [0x00000000c0000000,0x00000000ea8a6710,0x00000000ea900000)
 Metaspace       used 67284K, committed 68672K, reserved 1114112K
  class space    used 6582K, committed 7168K, reserved 1048576K
}
Event: 21.146 GC heap before
{Heap before GC invocations=1049 (full 3):
 PSYoungGen      total 5632K, used 5554K [0x00000000eab00000, 0x00000000eb300000, 0x0000000100000000)
  eden space 4096K, 100% used [0x00000000eab00000,0x00000000eaf00000,0x00000000eaf00000)
  from space 1536K, 94% used [0x00000000eaf00000,0x00000000eb06c9a0,0x00000000eb080000)
  to   space 2048K, 0% used [0x00000000eb100000,0x00000000eb100000,0x00000000eb300000)
 ParOldGen       total 697344K, used 696985K [0x00000000c0000000, 0x00000000ea900000, 0x00000000eab00000)
  object space 697344K, 99% used [0x00000000c0000000,0x00000000ea8a6710,0x00000000ea900000)
 Metaspace       used 67286K, committed 68672K, reserved 1114112K
  class space    used 6582K, committed 7168K, reserved 1048576K
}
Event: 21.148 GC heap after
{Heap after GC invocations=1049 (full 3):
 PSYoungGen      total 5120K, used 1020K [0x00000000eab00000, 0x00000000eb200000, 0x0000000100000000)
  eden space 4096K, 0% used [0x00000000eab00000,0x00000000eab00000,0x00000000eaf00000)
  from space 1024K, 99% used [0x00000000eb100000,0x00000000eb1ff1e0,0x00000000eb200000)
  to   space 1536K, 0% used [0x00000000eaf00000,0x00000000eaf00000,0x00000000eb080000)
 ParOldGen       total 698368K, used 698214K [0x00000000c0000000, 0x00000000eaa00000, 0x00000000eab00000)
  object space 698368K, 99% used [0x00000000c0000000,0x00000000ea9d99a0,0x00000000eaa00000)
 Metaspace       used 67286K, committed 68672K, reserved 1114112K
  class space    used 6582K, committed 7168K, reserved 1048576K
}
Event: 21.157 GC heap before
{Heap before GC invocations=1050 (full 4):
 PSYoungGen      total 5120K, used 5116K [0x00000000eab00000, 0x00000000eb200000, 0x0000000100000000)
  eden space 4096K, 100% used [0x00000000eab00000,0x00000000eaf00000,0x00000000eaf00000)
  from space 1024K, 99% used [0x00000000eb100000,0x00000000eb1ff1e0,0x00000000eb200000)
  to   space 1536K, 0% used [0x00000000eaf00000,0x00000000eaf00000,0x00000000eb080000)
 ParOldGen       total 698368K, used 698214K [0x00000000c0000000, 0x00000000eaa00000, 0x00000000eab00000)
  object space 698368K, 99% used [0x00000000c0000000,0x00000000ea9d99a0,0x00000000eaa00000)
 Metaspace       used 67295K, committed 68672K, reserved 1114112K
  class space    used 6584K, committed 7168K, reserved 1048576K
}

Dll operation events (12 events):
Event: 0.007 Loaded shared library c:\Users\HP\.vscode\extensions\redhat.java-1.39.0-win32-x64\jre\21.0.5-win32-x86_64\bin\java.dll
Event: 0.071 Loaded shared library c:\Users\HP\.vscode\extensions\redhat.java-1.39.0-win32-x64\jre\21.0.5-win32-x86_64\bin\zip.dll
Event: 0.088 Loaded shared library C:\Users\HP\.vscode\extensions\redhat.java-1.39.0-win32-x64\jre\21.0.5-win32-x86_64\bin\instrument.dll
Event: 0.092 Loaded shared library C:\Users\HP\.vscode\extensions\redhat.java-1.39.0-win32-x64\jre\21.0.5-win32-x86_64\bin\net.dll
Event: 0.093 Loaded shared library C:\Users\HP\.vscode\extensions\redhat.java-1.39.0-win32-x64\jre\21.0.5-win32-x86_64\bin\nio.dll
Event: 0.096 Loaded shared library C:\Users\HP\.vscode\extensions\redhat.java-1.39.0-win32-x64\jre\21.0.5-win32-x86_64\bin\zip.dll
Event: 0.108 Loaded shared library C:\Users\HP\.vscode\extensions\redhat.java-1.39.0-win32-x64\jre\21.0.5-win32-x86_64\bin\jimage.dll
Event: 0.159 Loaded shared library c:\Users\HP\.vscode\extensions\redhat.java-1.39.0-win32-x64\jre\21.0.5-win32-x86_64\bin\verify.dll
Event: 1.058 Loaded shared library C:\Users\HP\AppData\Roaming\Code\User\globalStorage\redhat.java\1.39.0\config_win\org.eclipse.equinox.launcher\org.eclipse.equinox.launcher.win32.win32.x86_64_1.2.1100.v20240722-2106\eclipse_11904.dll
Event: 2.670 Loaded shared library C:\Users\HP\AppData\Local\Temp\jna-2312\jna11681760224951185683.dll
Event: 6.072 Loaded shared library C:\Users\HP\.vscode\extensions\redhat.java-1.39.0-win32-x64\jre\21.0.5-win32-x86_64\bin\sunmscapi.dll
Event: 6.161 Loaded shared library C:\Users\HP\.vscode\extensions\redhat.java-1.39.0-win32-x64\jre\21.0.5-win32-x86_64\bin\extnet.dll

Deoptimization events (20 events):
Event: 21.102 Thread 0x0000025be3a14310 Uncommon trap: trap_request=0xffffffd6 fr.pc=0x0000025b91bc1844 relative=0x0000000000000444
Event: 21.102 Thread 0x0000025be3a14310 Uncommon trap: reason=array_check action=maybe_recompile pc=0x0000025b91bc1844 method=org.eclipse.core.internal.resources.MarkerSet.add(Lorg/eclipse/core/internal/resources/IMarkerSetElement;)V @ 97 c2
Event: 21.102 Thread 0x0000025be3a14310 DEOPT PACKING pc=0x0000025b91bc1844 sp=0x000000baa98feab0
Event: 21.102 Thread 0x0000025be3a14310 DEOPT UNPACKING pc=0x0000025b90923aa2 sp=0x000000baa98fea30 mode 2
Event: 21.102 Thread 0x0000025be3a14310 Uncommon trap: trap_request=0xffffffd6 fr.pc=0x0000025b91bc1844 relative=0x0000000000000444
Event: 21.102 Thread 0x0000025be3a14310 Uncommon trap: reason=array_check action=maybe_recompile pc=0x0000025b91bc1844 method=org.eclipse.core.internal.resources.MarkerSet.add(Lorg/eclipse/core/internal/resources/IMarkerSetElement;)V @ 97 c2
Event: 21.102 Thread 0x0000025be3a14310 DEOPT PACKING pc=0x0000025b91bc1844 sp=0x000000baa98feab0
Event: 21.102 Thread 0x0000025be3a14310 DEOPT UNPACKING pc=0x0000025b90923aa2 sp=0x000000baa98fea30 mode 2
Event: 21.151 Thread 0x0000025be3a14310 Uncommon trap: trap_request=0xffffffbe fr.pc=0x0000025b91a005ac relative=0x0000000000000cac
Event: 21.151 Thread 0x0000025be3a14310 Uncommon trap: reason=profile_predicate action=maybe_recompile pc=0x0000025b91a005ac method=org.eclipse.core.internal.jobs.DeadlockDetector.reduceGraph(ILorg/eclipse/core/runtime/jobs/ISchedulingRule;)V @ 67 c2
Event: 21.151 Thread 0x0000025be3a14310 DEOPT PACKING pc=0x0000025b91a005ac sp=0x000000baa98fee90
Event: 21.151 Thread 0x0000025be3a14310 DEOPT UNPACKING pc=0x0000025b90923aa2 sp=0x000000baa98fee28 mode 2
Event: 21.151 Thread 0x0000025be3a15030 Uncommon trap: trap_request=0xffffff45 fr.pc=0x0000025b91a006dc relative=0x0000000000000ddc
Event: 21.151 Thread 0x0000025be3a15030 Uncommon trap: reason=unstable_if action=reinterpret pc=0x0000025b91a006dc method=org.eclipse.core.internal.jobs.DeadlockDetector.reduceGraph(ILorg/eclipse/core/runtime/jobs/ISchedulingRule;)V @ 262 c2
Event: 21.151 Thread 0x0000025be3a15030 DEOPT PACKING pc=0x0000025b91a006dc sp=0x000000baab8ff310
Event: 21.151 Thread 0x0000025be3a15030 DEOPT UNPACKING pc=0x0000025b90923aa2 sp=0x000000baab8ff298 mode 2
Event: 21.156 Thread 0x0000025be6193c50 Uncommon trap: trap_request=0xffffffde fr.pc=0x0000025b91a2462c relative=0x000000000000110c
Event: 21.156 Thread 0x0000025be6193c50 Uncommon trap: reason=class_check action=maybe_recompile pc=0x0000025b91a2462c method=org.eclipse.core.internal.jobs.DeadlockDetector.lockAcquired(Ljava/lang/Thread;Lorg/eclipse/core/runtime/jobs/ISchedulingRule;)V @ 105 c2
Event: 21.156 Thread 0x0000025be6193c50 DEOPT PACKING pc=0x0000025b91a2462c sp=0x000000baaccfef30
Event: 21.156 Thread 0x0000025be6193c50 DEOPT UNPACKING pc=0x0000025b90923aa2 sp=0x000000baaccfeee8 mode 2

Classes loaded (20 events):
Event: 14.694 Loading class java/util/concurrent/ArrayBlockingQueue
Event: 14.694 Loading class java/util/concurrent/ArrayBlockingQueue done
Event: 14.736 Loading class java/util/Hashtable$ValueCollection
Event: 14.736 Loading class java/util/Hashtable$ValueCollection done
Event: 14.738 Loading class java/util/concurrent/ConcurrentHashMap$KeySpliterator
Event: 14.738 Loading class java/util/concurrent/ConcurrentHashMap$KeySpliterator done
Event: 14.743 Loading class sun/nio/ch/ChannelOutputStream
Event: 14.743 Loading class sun/nio/ch/ChannelOutputStream done
Event: 16.297 Loading class java/util/ArrayDeque$DeqSpliterator
Event: 16.297 Loading class java/util/ArrayDeque$DeqSpliterator done
Event: 16.608 Loading class sun/security/ssl/Alert
Event: 16.610 Loading class sun/security/ssl/Alert done
Event: 16.610 Loading class sun/security/ssl/Alert$AlertConsumer
Event: 16.610 Loading class sun/security/ssl/Alert$AlertConsumer done
Event: 16.610 Loading class sun/security/ssl/Alert$Level
Event: 16.610 Loading class sun/security/ssl/Alert$Level done
Event: 17.873 Loading class sun/nio/fs/WindowsFileCopy
Event: 17.874 Loading class sun/nio/fs/WindowsFileCopy done
Event: 20.489 Loading class jdk/internal/math/FDBigInteger
Event: 20.490 Loading class jdk/internal/math/FDBigInteger done

Classes unloaded (7 events):
Event: 4.979 Thread 0x0000025bdd4a2220 Unloading class 0x0000025b9c196c00 'java/lang/invoke/LambdaForm$MH+0x0000025b9c196c00'
Event: 4.979 Thread 0x0000025bdd4a2220 Unloading class 0x0000025b9c196800 'java/lang/invoke/LambdaForm$MH+0x0000025b9c196800'
Event: 4.979 Thread 0x0000025bdd4a2220 Unloading class 0x0000025b9c196400 'java/lang/invoke/LambdaForm$MH+0x0000025b9c196400'
Event: 4.979 Thread 0x0000025bdd4a2220 Unloading class 0x0000025b9c196000 'java/lang/invoke/LambdaForm$MH+0x0000025b9c196000'
Event: 4.979 Thread 0x0000025bdd4a2220 Unloading class 0x0000025b9c195c00 'java/lang/invoke/LambdaForm$BMH+0x0000025b9c195c00'
Event: 4.979 Thread 0x0000025bdd4a2220 Unloading class 0x0000025b9c195800 'java/lang/invoke/LambdaForm$DMH+0x0000025b9c195800'
Event: 4.979 Thread 0x0000025bdd4a2220 Unloading class 0x0000025b9c194400 'java/lang/invoke/LambdaForm$DMH+0x0000025b9c194400'

Classes redefined (0 events):
No events

Internal exceptions (20 events):
Event: 21.009 Thread 0x0000025be3a14310 Exception <a 'sun/nio/fs/WindowsException'{0x00000000ead0b3b0}> (0x00000000ead0b3b0) 
thrown [s\src\hotspot\share\prims\jni.cpp, line 520]
Event: 21.009 Thread 0x0000025be3a14310 Exception <a 'sun/nio/fs/WindowsException'{0x00000000ead0baa0}> (0x00000000ead0baa0) 
thrown [s\src\hotspot\share\prims\jni.cpp, line 520]
Event: 21.012 Thread 0x0000025be3a14310 Exception <a 'sun/nio/fs/WindowsException'{0x00000000eae4b080}> (0x00000000eae4b080) 
thrown [s\src\hotspot\share\prims\jni.cpp, line 520]
Event: 21.012 Thread 0x0000025be3a14310 Exception <a 'sun/nio/fs/WindowsException'{0x00000000eae4b770}> (0x00000000eae4b770) 
thrown [s\src\hotspot\share\prims\jni.cpp, line 520]
Event: 21.016 Thread 0x0000025be3a14310 Exception <a 'sun/nio/fs/WindowsException'{0x00000000eafa8be0}> (0x00000000eafa8be0) 
thrown [s\src\hotspot\share\prims\jni.cpp, line 520]
Event: 21.017 Thread 0x0000025be3a14310 Exception <a 'sun/nio/fs/WindowsException'{0x00000000eafa92d0}> (0x00000000eafa92d0) 
thrown [s\src\hotspot\share\prims\jni.cpp, line 520]
Event: 21.019 Thread 0x0000025be3a14310 Exception <a 'sun/nio/fs/WindowsException'{0x00000000eb0b1620}> (0x00000000eb0b1620) 
thrown [s\src\hotspot\share\prims\jni.cpp, line 520]
Event: 21.019 Thread 0x0000025be3a14310 Exception <a 'sun/nio/fs/WindowsException'{0x00000000eb0b1f60}> (0x00000000eb0b1f60) 
thrown [s\src\hotspot\share\prims\jni.cpp, line 520]
Event: 21.027 Thread 0x0000025be3a14310 Exception <a 'sun/nio/fs/WindowsException'{0x00000000eabbac98}> (0x00000000eabbac98) 
thrown [s\src\hotspot\share\prims\jni.cpp, line 520]
Event: 21.027 Thread 0x0000025be3a14310 Exception <a 'sun/nio/fs/WindowsException'{0x00000000eabd6af8}> (0x00000000eabd6af8) 
thrown [s\src\hotspot\share\prims\jni.cpp, line 520]
Event: 21.030 Thread 0x0000025be3a14310 Exception <a 'sun/nio/fs/WindowsException'{0x00000000eacb7ac0}> (0x00000000eacb7ac0) 
thrown [s\src\hotspot\share\prims\jni.cpp, line 520]
Event: 21.030 Thread 0x0000025be3a14310 Exception <a 'sun/nio/fs/WindowsException'{0x00000000eacb81b0}> (0x00000000eacb81b0) 
thrown [s\src\hotspot\share\prims\jni.cpp, line 520]
Event: 21.033 Thread 0x0000025be3a14310 Exception <a 'sun/nio/fs/WindowsException'{0x00000000ead9cda0}> (0x00000000ead9cda0) 
thrown [s\src\hotspot\share\prims\jni.cpp, line 520]
Event: 21.033 Thread 0x0000025be3a14310 Exception <a 'sun/nio/fs/WindowsException'{0x00000000ead9d6d0}> (0x00000000ead9d6d0) 
thrown [s\src\hotspot\share\prims\jni.cpp, line 520]
Event: 21.035 Thread 0x0000025be3a14310 Exception <a 'sun/nio/fs/WindowsException'{0x00000000eae60ce8}> (0x00000000eae60ce8) 
thrown [s\src\hotspot\share\prims\jni.cpp, line 520]
Event: 21.036 Thread 0x0000025be3a14310 Exception <a 'sun/nio/fs/WindowsException'{0x00000000eae613d8}> (0x00000000eae613d8) 
thrown [s\src\hotspot\share\prims\jni.cpp, line 520]
Event: 21.038 Thread 0x0000025be3a14310 Exception <a 'sun/nio/fs/WindowsException'{0x00000000eaf56ba8}> (0x00000000eaf56ba8) 
thrown [s\src\hotspot\share\prims\jni.cpp, line 520]
Event: 21.038 Thread 0x0000025be3a14310 Exception <a 'sun/nio/fs/WindowsException'{0x00000000eaf57298}> (0x00000000eaf57298) 
thrown [s\src\hotspot\share\prims\jni.cpp, line 520]
Event: 21.040 Thread 0x0000025be3a14310 Exception <a 'sun/nio/fs/WindowsException'{0x00000000eb04dae8}> (0x00000000eb04dae8) 
thrown [s\src\hotspot\share\prims\jni.cpp, line 520]
Event: 21.041 Thread 0x0000025be3a14310 Exception <a 'sun/nio/fs/WindowsException'{0x00000000eb04e1d8}> (0x00000000eb04e1d8) 
thrown [s\src\hotspot\share\prims\jni.cpp, line 520]

ZGC Phase Switch (0 events):
No events

VM Operations (20 events):
Event: 21.003 Executing VM operation: ParallelGCFailedAllocation (Allocation Failure) done
Event: 21.020 Executing VM operation: ParallelGCFailedAllocation (Allocation Failure)
Event: 21.025 Executing VM operation: ParallelGCFailedAllocation (Allocation Failure) done
Event: 21.042 Executing VM operation: ParallelGCFailedAllocation (Allocation Failure)
Event: 21.045 Executing VM operation: ParallelGCFailedAllocation (Allocation Failure) done
Event: 21.060 Executing VM operation: ParallelGCFailedAllocation (Allocation Failure)
Event: 21.063 Executing VM operation: ParallelGCFailedAllocation (Allocation Failure) done
Event: 21.079 Executing VM operation: ParallelGCFailedAllocation (Allocation Failure)
Event: 21.083 Executing VM operation: ParallelGCFailedAllocation (Allocation Failure) done
Event: 21.096 Executing VM operation: ParallelGCFailedAllocation (Allocation Failure)
Event: 21.101 Executing VM operation: ParallelGCFailedAllocation (Allocation Failure) done
Event: 21.117 Executing VM operation: ParallelGCFailedAllocation (Allocation Failure)
Event: 21.119 Executing VM operation: ParallelGCFailedAllocation (Allocation Failure) done
Event: 21.134 Executing VM operation: ParallelGCFailedAllocation (Allocation Failure)
Event: 21.136 Executing VM operation: ParallelGCFailedAllocation (Allocation Failure) done
Event: 21.146 Executing VM operation: ParallelGCFailedAllocation (Allocation Failure)
Event: 21.148 Executing VM operation: ParallelGCFailedAllocation (Allocation Failure) done
Event: 21.155 Executing VM operation: HandshakeAllThreads (Deoptimize)
Event: 21.155 Executing VM operation: HandshakeAllThreads (Deoptimize) done
Event: 21.157 Executing VM operation: ParallelGCFailedAllocation (Allocation Failure)

Memory protections (0 events):
No events

Nmethod flushes (20 events):
Event: 12.211 Thread 0x0000025bdd4a2220 flushing  nmethod 0x0000025b89ea2510
Event: 12.211 Thread 0x0000025bdd4a2220 flushing  nmethod 0x0000025b89ea2d90
Event: 12.211 Thread 0x0000025bdd4a2220 flushing  nmethod 0x0000025b89ea4c10
Event: 12.211 Thread 0x0000025bdd4a2220 flushing  nmethod 0x0000025b89ecce90
Event: 12.211 Thread 0x0000025bdd4a2220 flushing  nmethod 0x0000025b89ed9090
Event: 12.211 Thread 0x0000025bdd4a2220 flushing  nmethod 0x0000025b89ee4790
Event: 12.211 Thread 0x0000025bdd4a2220 flushing  nmethod 0x0000025b89ef5010
Event: 12.211 Thread 0x0000025bdd4a2220 flushing osr nmethod 0x0000025b89f07f10
Event: 12.211 Thread 0x0000025bdd4a2220 flushing  nmethod 0x0000025b89f19210
Event: 12.211 Thread 0x0000025bdd4a2220 flushing  nmethod 0x0000025b89f1a810
Event: 12.211 Thread 0x0000025bdd4a2220 flushing  nmethod 0x0000025b89f1bd10
Event: 12.211 Thread 0x0000025bdd4a2220 flushing  nmethod 0x0000025b89f59090
Event: 12.211 Thread 0x0000025bdd4a2220 flushing  nmethod 0x0000025b89f86890
Event: 12.211 Thread 0x0000025bdd4a2220 flushing  nmethod 0x0000025b89f86f10
Event: 12.211 Thread 0x0000025bdd4a2220 flushing  nmethod 0x0000025b89f8a190
Event: 12.211 Thread 0x0000025bdd4a2220 flushing  nmethod 0x0000025b89f8a590
Event: 12.211 Thread 0x0000025bdd4a2220 flushing  nmethod 0x0000025b89fab110
Event: 12.211 Thread 0x0000025bdd4a2220 flushing  nmethod 0x0000025b89fb5310
Event: 12.211 Thread 0x0000025bdd4a2220 flushing  nmethod 0x0000025b89fb7810
Event: 12.211 Thread 0x0000025bdd4a2220 flushing  nmethod 0x0000025b89fba510

Events (20 events):
Event: 11.366 Thread 0x0000025be3a14310 Thread added: 0x0000025be901c610
Event: 11.367 Thread 0x0000025be901e050 Thread added: 0x0000025be9020e40
Event: 11.367 Thread 0x0000025be4efd4b0 Thread added: 0x0000025be901e6e0
Event: 11.367 Thread 0x0000025be4efba70 Thread added: 0x0000025be90207b0
Event: 11.713 Thread 0x0000025be50db9b0 Thread exited: 0x0000025be50db9b0
Event: 14.695 Thread 0x0000025be3a14310 Thread added: 0x0000025be9022f10
Event: 14.741 Thread 0x0000025be3a14310 Thread added: 0x0000025be901cca0
Event: 14.748 Thread 0x0000025be3a14310 Thread added: 0x0000025be9021b60
Event: 14.753 Thread 0x0000025be3a14310 Thread added: 0x0000025be90214d0
Event: 14.823 Thread 0x0000025be3a14310 Thread added: 0x0000025be901d330
Event: 14.856 Thread 0x0000025be3a14310 Thread added: 0x0000025be901f400
Event: 14.860 Thread 0x0000025be3a14310 Thread added: 0x0000025be901d9c0
Event: 14.888 Thread 0x0000025be3a14310 Thread added: 0x0000025be98531d0
Event: 14.941 Thread 0x0000025be3a14310 Thread added: 0x0000025be9850a70
Event: 14.941 Thread 0x0000025be3a14310 Thread added: 0x0000025be9851e20
Event: 14.946 Thread 0x0000025be3a14310 Thread added: 0x0000025be9853860
Event: 14.951 Thread 0x0000025be3a14310 Thread added: 0x0000025be98524b0
Event: 14.956 Thread 0x0000025be3a14310 Thread added: 0x0000025be9853ef0
Event: 14.958 Thread 0x0000025be3a14310 Thread added: 0x0000025be9851100
Event: 14.960 Thread 0x0000025be3a14310 Thread added: 0x0000025be9851790


Dynamic libraries:
0x00007ff6c6f70000 - 0x00007ff6c6f7e000 	c:\Users\HP\.vscode\extensions\redhat.java-1.39.0-win32-x64\jre\21.0.5-win32-x86_64\bin\java.exe
0x00007fff16c10000 - 0x00007fff16e27000 	C:\WINDOWS\SYSTEM32\ntdll.dll
0x00007fff150a0000 - 0x00007fff15164000 	C:\WINDOWS\System32\KERNEL32.DLL
0x00007fff14090000 - 0x00007fff1444a000 	C:\WINDOWS\System32\KERNELBASE.dll
0x00007fff13f70000 - 0x00007fff14081000 	C:\WINDOWS\System32\ucrtbase.dll
0x00007fff0f490000 - 0x00007fff0f4a8000 	c:\Users\HP\.vscode\extensions\redhat.java-1.39.0-win32-x64\jre\21.0.5-win32-x86_64\bin\jli.dll
0x00007fff0f2c0000 - 0x00007fff0f2de000 	c:\Users\HP\.vscode\extensions\redhat.java-1.39.0-win32-x64\jre\21.0.5-win32-x86_64\bin\VCRUNTIME140.dll
0x00007fff14ef0000 - 0x00007fff1509e000 	C:\WINDOWS\System32\USER32.dll
0x00007ffee9d10000 - 0x00007ffee9fa2000 	C:\WINDOWS\WinSxS\amd64_microsoft.windows.common-controls_6595b64144ccf1df_6.0.22621.4541_none_2710d1c57384c085\COMCTL32.dll
0x00007fff14450000 - 0x00007fff14476000 	C:\WINDOWS\System32\win32u.dll
0x00007fff15ef0000 - 0x00007fff15f97000 	C:\WINDOWS\System32\msvcrt.dll
0x00007fff160e0000 - 0x00007fff16109000 	C:\WINDOWS\System32\GDI32.dll
0x00007fff145c0000 - 0x00007fff146db000 	C:\WINDOWS\System32\gdi32full.dll
0x00007fff13ed0000 - 0x00007fff13f6a000 	C:\WINDOWS\System32\msvcp_win.dll
0x00007fff16110000 - 0x00007fff16141000 	C:\WINDOWS\System32\IMM32.DLL
0x00007fff0f020000 - 0x00007fff0f02c000 	c:\Users\HP\.vscode\extensions\redhat.java-1.39.0-win32-x64\jre\21.0.5-win32-x86_64\bin\vcruntime140_1.dll
0x00007ffef46f0000 - 0x00007ffef477d000 	c:\Users\HP\.vscode\extensions\redhat.java-1.39.0-win32-x64\jre\21.0.5-win32-x86_64\bin\msvcp140.dll
0x00007ffecef60000 - 0x00007ffecfcef000 	c:\Users\HP\.vscode\extensions\redhat.java-1.39.0-win32-x64\jre\21.0.5-win32-x86_64\bin\server\jvm.dll
0x00007fff16000000 - 0x00007fff160b2000 	C:\WINDOWS\System32\ADVAPI32.dll
0x00007fff16a70000 - 0x00007fff16b17000 	C:\WINDOWS\System32\sechost.dll
0x00007fff146e0000 - 0x00007fff14708000 	C:\WINDOWS\System32\bcrypt.dll
0x00007fff15170000 - 0x00007fff15284000 	C:\WINDOWS\System32\RPCRT4.dll
0x00007fff16170000 - 0x00007fff161e1000 	C:\WINDOWS\System32\WS2_32.dll
0x00007fff13bf0000 - 0x00007fff13c3d000 	C:\WINDOWS\SYSTEM32\POWRPROF.dll
0x00007ffefe640000 - 0x00007ffefe674000 	C:\WINDOWS\SYSTEM32\WINMM.dll
0x00007fff0c0c0000 - 0x00007fff0c0ca000 	C:\WINDOWS\SYSTEM32\VERSION.dll
0x00007fff13bd0000 - 0x00007fff13be3000 	C:\WINDOWS\SYSTEM32\UMPDC.dll
0x00007fff12ed0000 - 0x00007fff12ee8000 	C:\WINDOWS\SYSTEM32\kernel.appcore.dll
0x00007fff0d820000 - 0x00007fff0d82a000 	c:\Users\HP\.vscode\extensions\redhat.java-1.39.0-win32-x64\jre\21.0.5-win32-x86_64\bin\jimage.dll
0x00007fff116d0000 - 0x00007fff11902000 	C:\WINDOWS\SYSTEM32\DBGHELP.DLL
0x00007fff15910000 - 0x00007fff15ca1000 	C:\WINDOWS\System32\combase.dll
0x00007fff15820000 - 0x00007fff158f7000 	C:\WINDOWS\System32\OLEAUT32.dll
0x00007ffeeaae0000 - 0x00007ffeeab12000 	C:\WINDOWS\SYSTEM32\dbgcore.DLL
0x00007fff14540000 - 0x00007fff145bb000 	C:\WINDOWS\System32\bcryptPrimitives.dll
0x00007fff0cee0000 - 0x00007fff0ceef000 	c:\Users\HP\.vscode\extensions\redhat.java-1.39.0-win32-x64\jre\21.0.5-win32-x86_64\bin\instrument.dll
0x00007fff0c190000 - 0x00007fff0c1af000 	c:\Users\HP\.vscode\extensions\redhat.java-1.39.0-win32-x64\jre\21.0.5-win32-x86_64\bin\java.dll
0x00007fff161f0000 - 0x00007fff16a69000 	C:\WINDOWS\System32\SHELL32.dll
0x00007fff11dc0000 - 0x00007fff126c9000 	C:\WINDOWS\SYSTEM32\windows.storage.dll
0x00007fff11c80000 - 0x00007fff11dbf000 	C:\WINDOWS\SYSTEM32\wintypes.dll
0x00007fff14d80000 - 0x00007fff14e7a000 	C:\WINDOWS\System32\SHCORE.dll
0x00007fff15fa0000 - 0x00007fff15ffe000 	C:\WINDOWS\System32\shlwapi.dll
0x00007fff13e00000 - 0x00007fff13e2b000 	C:\WINDOWS\SYSTEM32\profapi.dll
0x00007fff0d830000 - 0x00007fff0d848000 	c:\Users\HP\.vscode\extensions\redhat.java-1.39.0-win32-x64\jre\21.0.5-win32-x86_64\bin\zip.dll
0x00007fff0ccd0000 - 0x00007fff0cce0000 	C:\Users\HP\.vscode\extensions\redhat.java-1.39.0-win32-x64\jre\21.0.5-win32-x86_64\bin\net.dll
0x00007fff0f580000 - 0x00007fff0f6b6000 	C:\WINDOWS\SYSTEM32\WINHTTP.dll
0x00007fff13340000 - 0x00007fff133a9000 	C:\WINDOWS\system32\mswsock.dll
0x00007fff0c120000 - 0x00007fff0c136000 	C:\Users\HP\.vscode\extensions\redhat.java-1.39.0-win32-x64\jre\21.0.5-win32-x86_64\bin\nio.dll
0x00007ffefcf70000 - 0x00007ffefcf80000 	c:\Users\HP\.vscode\extensions\redhat.java-1.39.0-win32-x64\jre\21.0.5-win32-x86_64\bin\verify.dll
0x00007ffefae60000 - 0x00007ffefaea5000 	C:\Users\HP\AppData\Roaming\Code\User\globalStorage\redhat.java\1.39.0\config_win\org.eclipse.equinox.launcher\org.eclipse.equinox.launcher.win32.win32.x86_64_1.2.1100.v20240722-2106\eclipse_11904.dll
0x00007fff14a50000 - 0x00007fff14bf5000 	C:\WINDOWS\System32\ole32.dll
0x00007fff13690000 - 0x00007fff136ab000 	C:\WINDOWS\SYSTEM32\CRYPTSP.dll
0x00007fff12e30000 - 0x00007fff12e65000 	C:\WINDOWS\system32\rsaenh.dll
0x00007fff133e0000 - 0x00007fff13408000 	C:\WINDOWS\SYSTEM32\USERENV.dll
0x00007fff13670000 - 0x00007fff1367c000 	C:\WINDOWS\SYSTEM32\CRYPTBASE.dll
0x00007fff12970000 - 0x00007fff1299d000 	C:\WINDOWS\SYSTEM32\IPHLPAPI.DLL
0x00007fff15900000 - 0x00007fff15909000 	C:\WINDOWS\System32\NSI.dll
0x00007ffefa8f0000 - 0x00007ffefa939000 	C:\Users\HP\AppData\Local\Temp\jna-2312\jna11681760224951185683.dll
0x00007fff14c00000 - 0x00007fff14c08000 	C:\WINDOWS\System32\PSAPI.DLL
0x00007fff0ea30000 - 0x00007fff0ea49000 	C:\WINDOWS\SYSTEM32\dhcpcsvc6.DLL
0x00007fff0e760000 - 0x00007fff0e77f000 	C:\WINDOWS\SYSTEM32\dhcpcsvc.DLL
0x00007ffefb300000 - 0x00007ffefb30e000 	C:\Users\HP\.vscode\extensions\redhat.java-1.39.0-win32-x64\jre\21.0.5-win32-x86_64\bin\sunmscapi.dll
0x00007fff14710000 - 0x00007fff14876000 	C:\WINDOWS\System32\CRYPT32.dll
0x00007fff137f0000 - 0x00007fff1381d000 	C:\WINDOWS\SYSTEM32\ncrypt.dll
0x00007fff137b0000 - 0x00007fff137e7000 	C:\WINDOWS\SYSTEM32\NTASN1.dll
0x00007fff129a0000 - 0x00007fff12aa2000 	C:\WINDOWS\SYSTEM32\DNSAPI.dll
0x00007fff0c0b0000 - 0x00007fff0c0ba000 	C:\Windows\System32\rasadhlp.dll
0x00007fff0cbb0000 - 0x00007fff0cc33000 	C:\WINDOWS\System32\fwpuclnt.dll
0x00007ffefb2f0000 - 0x00007ffefb2f9000 	C:\Users\HP\.vscode\extensions\redhat.java-1.39.0-win32-x64\jre\21.0.5-win32-x86_64\bin\extnet.dll

dbghelp: loaded successfully - version: 4.0.5 - missing functions: none
symbol engine: initialized successfully - sym options: 0x614 - pdb path: .;c:\Users\HP\.vscode\extensions\redhat.java-1.39.0-win32-x64\jre\21.0.5-win32-x86_64\bin;C:\WINDOWS\SYSTEM32;C:\WINDOWS\WinSxS\amd64_microsoft.windows.common-controls_6595b64144ccf1df_6.0.22621.4541_none_2710d1c57384c085;c:\Users\HP\.vscode\extensions\redhat.java-1.39.0-win32-x64\jre\21.0.5-win32-x86_64\bin\server;C:\Users\HP\AppData\Roaming\Code\User\globalStorage\redhat.java\1.39.0\config_win\org.eclipse.equinox.launcher\org.eclipse.equinox.launcher.win32.win32.x86_64_1.2.1100.v20240722-2106;C:\Users\HP\AppData\Local\Temp\jna-2312

VM Arguments:
jvm_args: --add-modules=ALL-SYSTEM --add-opens=java.base/java.util=ALL-UNNAMED --add-opens=java.base/java.lang=ALL-UNNAMED --add-opens=java.base/sun.nio.fs=ALL-UNNAMED -Declipse.application=org.eclipse.jdt.ls.core.id1 -Dosgi.bundles.defaultStartLevel=4 -Declipse.product=org.eclipse.jdt.ls.core.product -Djava.import.generatesMetadataFilesAtProjectRoot=false -DDetectVMInstallationsJob.disabled=true -Dfile.encoding=utf8 -XX:+UseParallelGC -XX:GCTimeRatio=4 -XX:AdaptiveSizePolicyWeight=90 -Dsun.zip.disableMemoryMapping=true -Xmx1G -Xms100m -Xlog:disable -javaagent:c:\Users\HP\.vscode\extensions\redhat.java-1.39.0-win32-x64\lombok\lombok-1.18.34.jar -XX:+HeapDumpOnOutOfMemoryError -XX:HeapDumpPath=c:\Users\HP\AppData\Roaming\Code\User\workspaceStorage\18e594e4b8ee66ca9d8ea60eef527bbe\redhat.java -Daether.dependencyCollector.impl=bf 
java_command: c:\Users\HP\.vscode\extensions\redhat.java-1.39.0-win32-x64\server\plugins\org.eclipse.equinox.launcher_1.6.900.v20240613-2009.jar -configuration c:\Users\HP\AppData\Roaming\Code\User\globalStorage\redhat.java\1.39.0\config_win -data c:\Users\HP\AppData\Roaming\Code\User\workspaceStorage\18e594e4b8ee66ca9d8ea60eef527bbe\redhat.java\jdt_ws --pipe=\\.\pipe\lsp-4dada1139f80f5bc9641eb9933b828ba-sock
java_class_path (initial): c:\Users\HP\.vscode\extensions\redhat.java-1.39.0-win32-x64\server\plugins\org.eclipse.equinox.launcher_1.6.900.v20240613-2009.jar
Launcher Type: SUN_STANDARD

[Global flags]
    uintx AdaptiveSizePolicyWeight                 = 90                                        {product} {command line}
     intx CICompilerCount                          = 12                                        {product} {ergonomic}
    uintx GCTimeRatio                              = 4                                         {product} {command line}
     bool HeapDumpOnOutOfMemoryError               = true                                   {manageable} {command line}
    ccstr HeapDumpPath                             = c:\Users\HP\AppData\Roaming\Code\User\workspaceStorage\18e594e4b8ee66ca9d8ea60eef527bbe\redhat.java         {manageable} {command line}
   size_t InitialHeapSize                          = 104857600                                 {product} {command line}
   size_t MaxHeapSize                              = 1073741824                                {product} {command line}
   size_t MaxNewSize                               = 357564416                                 {product} {ergonomic}
   size_t MinHeapDeltaBytes                        = 524288                                    {product} {ergonomic}
   size_t MinHeapSize                              = 104857600                                 {product} {command line}
   size_t NewSize                                  = 34603008                                  {product} {ergonomic}
    uintx NonNMethodCodeHeapSize                   = 7602480                                {pd product} {ergonomic}
    uintx NonProfiledCodeHeapSize                  = 122027880                              {pd product} {ergonomic}
   size_t OldSize                                  = 70254592                                  {product} {ergonomic}
    uintx ProfiledCodeHeapSize                     = 122027880                              {pd product} {ergonomic}
    uintx ReservedCodeCacheSize                    = 251658240                              {pd product} {ergonomic}
     bool SegmentedCodeCache                       = true                                      {product} {ergonomic}
   size_t SoftMaxHeapSize                          = 1073741824                             {manageable} {ergonomic}
     bool UseCompressedOops                        = true                           {product lp64_product} {ergonomic}
     bool UseLargePagesIndividualAllocation        = false                                  {pd product} {ergonomic}
     bool UseParallelGC                            = true                                      {product} {command line}

Logging:
Log output configuration:
 #0: stdout all=off uptime,level,tags foldmultilines=false
 #1: stderr all=off uptime,level,tags foldmultilines=false

Environment Variables:
JAVA_HOME=C:\Program Files\Microsoft\jdk-17.0.13.11-hotspot
PATH=C:\Program Files\Common Files\Oracle\Java\javapath;C:\Program Files (x86)\Common Files\Oracle\Java\java8path;C:\Program Files (x86)\Common Files\Oracle\Java\javapath;C:\Program Files\Microsoft\jdk-17.0.13.11-hotspot\bin;C:\WINDOWS\system32;C:\WINDOWS;C:\WINDOWS\System32\Wbem;C:\WINDOWS\System32\WindowsPowerShell\v1.0\;C:\WINDOWS\System32\OpenSSH\;C:\Program Files (x86)\Microsoft SQL Server\160\DTS\Binn\;C:\Program Files\Microsoft SQL Server\150\Tools\Binn\;C:\Program Files\Microsoft SQL Server\Client SDK\ODBC\170\Tools\Binn\;C:\Program Files\dotnet\;C:\ProgramData\chocolatey\bin;C:\Users\HP\AppData\Local\Android\Sdk\platform-tools;C:\Users\HP\AppData\Local\Android\Sdk\emulator;C:\Users\HP\AppData\Local\Android\Sdk\build-tools;C:\Users\HP\AppData\Local\Android\Sdk\platforms;C:\Program Files\Microsoft\jdk-17.0.13.11-hotspot\bin;C:\Program Files\nodejs\;C:\Program Files\Git\cmd;C:\Program Files\Git\bin;C:\Windows\System32;C:\Users\HP\AppData\Local\Microsoft\WindowsApps;C:\Users\HP\.dotnet\tools;C:\Users\HP\AppData\Local\Programs\Microsoft VS Code\bin;C:\Users\HP\AppData\Local\Android\Sdk\platform-tools;C:\Users\HP\AppData\Local\Android\Sdk\emulator;C:\Users\HP\AppData\Local\Android\Sdk\build-tools;C:\Users\HP\AppData\Local\Android\Sdk\platforms;C:\Program Files\Microsoft\jdk-17.0.13.11-hotspot\bin;C:\Program Files\Microsoft\jdk-17.0.13.11-hotspot\bin;C:\Users\HP\AppData\Roaming\npm;C:\Program Files\Git\cmd;C:\Program Files\Git\bin;
USERNAME=HP
OS=Windows_NT
PROCESSOR_IDENTIFIER=Intel64 Family 6 Model 165 Stepping 5, GenuineIntel
TMP=C:\Users\HP\AppData\Local\Temp
TEMP=C:\Users\HP\AppData\Local\Temp




Periodic native trim disabled

---------------  S Y S T E M  ---------------

OS:
 Windows 11 , 64 bit Build 22621 (10.0.22621.4391)
OS uptime: 0 days 1:52 hours
Hyper-V role detected

CPU: total 16 (initial active 16) (8 cores per cpu, 2 threads per core) family 6 model 165 stepping 5 microcode 0xfc, cx8, cmov, fxsr, ht, mmx, 3dnowpref, sse, sse2, sse3, ssse3, sse4.1, sse4.2, popcnt, lzcnt, tsc, tscinvbit, avx, avx2, aes, erms, clmul, bmi1, bmi2, adx, fma, vzeroupper, clflush, clflushopt, hv, rdtscp, f16c
Processor Information for all 16 processors :
  Max Mhz: 2904, Current Mhz: 2904, Mhz Limit: 2904

Memory: 4k page, system-wide physical 16160M (474M free)
TotalPageFile size 46577M (AvailPageFile size 12M)
current process WorkingSet (physical memory assigned to process): 1035M, peak: 1095M
current process commit charge ("private bytes"): 1072M, peak: 1079M

vm_info: OpenJDK 64-Bit Server VM (21.0.5+11-LTS) for windows-amd64 JRE (21.0.5+11-LTS), built on 2024-10-15T00:00:00Z by "admin" with MS VC++ 17.7 (VS2022)

END.
