#
# There is insufficient memory for the Java Runtime Environment to continue.
# Native memory allocation (malloc) failed to allocate 2011168 bytes. Error detail: Chunk::new
# Possible reasons:
#   The system is out of physical RAM or swap space
#   This process is running with CompressedOops enabled, and the Java Heap may be blocking the growth of the native heap
# Possible solutions:
#   Reduce memory load on the system
#   Increase physical memory or swap space
#   Check if swap backing store is full
#   Decrease Java heap size (-Xmx/-Xms)
#   Decrease number of Java threads
#   Decrease Java thread stack sizes (-Xss)
#   Set larger code cache with -XX:ReservedCodeCacheSize=
#   JVM is running with Unscaled Compressed Oops mode in which the Java heap is
#     placed in the first 4GB address space. The Java Heap base address is the
#     maximum limit for the native heap growth. Please use -XX:HeapBaseMinAddress
#     to set the Java Heap base and to place the Java Heap above 4GB virtual address.
# This output file may be truncated or incomplete.
#
#  Out of Memory Error (arena.cpp:168), pid=8564, tid=14000
#
# JRE version: OpenJDK Runtime Environment Temurin-21.0.5+11 (21.0.5+11) (build 21.0.5+11-LTS)
# Java VM: OpenJDK 64-Bit Server VM Temurin-21.0.5+11 (21.0.5+11-LTS, mixed mode, sharing, tiered, compressed oops, compressed class ptrs, parallel gc, windows-amd64)
# No core dump will be written. Minidumps are not enabled by default on client versions of Windows
#

---------------  S U M M A R Y ------------

Command Line: --add-modules=ALL-SYSTEM --add-opens=java.base/java.util=ALL-UNNAMED --add-opens=java.base/java.lang=ALL-UNNAMED --add-opens=java.base/sun.nio.fs=ALL-UNNAMED -Declipse.application=org.eclipse.jdt.ls.core.id1 -Dosgi.bundles.defaultStartLevel=4 -Declipse.product=org.eclipse.jdt.ls.core.product -Djava.import.generatesMetadataFilesAtProjectRoot=false -DDetectVMInstallationsJob.disabled=true -Dfile.encoding=utf8 -XX:+UseParallelGC -XX:GCTimeRatio=4 -XX:AdaptiveSizePolicyWeight=90 -Dsun.zip.disableMemoryMapping=true -Xmx1G -Xms100m -Xlog:disable -javaagent:c:\Users\HP\.vscode\extensions\redhat.java-1.39.0-win32-x64\lombok\lombok-1.18.34.jar -XX:+HeapDumpOnOutOfMemoryError -XX:HeapDumpPath=c:\Users\HP\AppData\Roaming\Code\User\workspaceStorage\18e594e4b8ee66ca9d8ea60eef527bbe\redhat.java -Daether.dependencyCollector.impl=bf c:\Users\HP\.vscode\extensions\redhat.java-1.39.0-win32-x64\server\plugins\org.eclipse.equinox.launcher_1.6.900.v20240613-2009.jar -configuration c:\Users\HP\AppData\Roaming\Code\User\globalStorage\redhat.java\1.39.0\config_win -data c:\Users\HP\AppData\Roaming\Code\User\workspaceStorage\18e594e4b8ee66ca9d8ea60eef527bbe\redhat.java\jdt_ws --pipe=\\.\pipe\lsp-94c34680ecf386bb61d7d69c631922ff-sock

Host: Intel(R) Core(TM) i7-10700 CPU @ 2.90GHz, 16 cores, 15G,  Windows 11 , 64 bit Build 22621 (10.0.22621.4391)
Time: Fri Jan 31 16:11:01 2025 India Standard Time elapsed time: 12.046442 seconds (0d 0h 0m 12s)

---------------  T H R E A D  ---------------

Current thread (0x000001d2ead548a0):  JavaThread "C2 CompilerThread0" daemon [_thread_in_native, id=14000, stack(0x00000044e2b00000,0x00000044e2c00000) (1024K)]


Current CompileTask:
C2:12046 12346       4       org.eclipse.jdt.internal.compiler.lookup.Scope::getTypeOrPackage (1787 bytes)

Stack: [0x00000044e2b00000,0x00000044e2c00000]
Native frames: (J=compiled Java code, j=interpreted, Vv=VM code, C=native code)
V  [jvm.dll+0x6cd4e9]
V  [jvm.dll+0x8a7941]
V  [jvm.dll+0x8a9e6e]
V  [jvm.dll+0x8aa543]
V  [jvm.dll+0x27f6d6]
V  [jvm.dll+0xc500d]
V  [jvm.dll+0xc5543]
V  [jvm.dll+0x3b660c]
V  [jvm.dll+0x382835]
V  [jvm.dll+0x381c9a]
V  [jvm.dll+0x2479d0]
V  [jvm.dll+0x246faf]
V  [jvm.dll+0x1c75ce]
V  [jvm.dll+0x25682a]
V  [jvm.dll+0x254dca]
V  [jvm.dll+0x3f00d6]
V  [jvm.dll+0x8514fb]
V  [jvm.dll+0x6cbbed]
C  [ucrtbase.dll+0x29333]
C  [KERNEL32.DLL+0x1259d]
C  [ntdll.dll+0x5af38]


---------------  P R O C E S S  ---------------

Threads class SMR info:
_java_thread_list=0x000001d2f25163a0, length=96, elements={
0x000001d29217fc80, 0x000001d2ead48400, 0x000001d2a861c2e0, 0x000001d2ead4bd10,
0x000001d2ead4cc20, 0x000001d2ead51350, 0x000001d2ead5ea60, 0x000001d2ead548a0,
0x000001d2ead55460, 0x000001d2eae53990, 0x000001d2eae5be90, 0x000001d2eb07fe80,
0x000001d2eae54020, 0x000001d2eae55a60, 0x000001d2eae546b0, 0x000001d2eae525e0,
0x000001d2eae52c70, 0x000001d2eae53300, 0x000001d2eae54d40, 0x000001d2f157ad80,
0x000001d2f157baa0, 0x000001d2f15802d0, 0x000001d2f157a6f0, 0x000001d2f1777fe0,
0x000001d2f157ef20, 0x000001d2f157c130, 0x000001d2f2e48080, 0x000001d2f157c7c0,
0x000001d2f157a060, 0x000001d2f157d4e0, 0x000001d2f157ce50, 0x000001d2f157db70,
0x000001d2f157e200, 0x000001d2f157b410, 0x000001d2f1579340, 0x000001d2f157e890,
0x000001d2f157f5b0, 0x000001d2f1580960, 0x000001d2f157fc40, 0x000001d2f15799d0,
0x000001d2f444cd30, 0x000001d2f4448b90, 0x000001d2f4446ac0, 0x000001d2f444ac60,
0x000001d2f444b980, 0x000001d2f444c6a0, 0x000001d2f444c010, 0x000001d2f444d3c0,
0x000001d2f444da50, 0x000001d2f4448500, 0x000001d2f444e0e0, 0x000001d2f4447150,
0x000001d2f4449220, 0x000001d2f44498b0, 0x000001d2f4449f40, 0x000001d2f444b2f0,
0x000001d2f44477e0, 0x000001d2f444a5d0, 0x000001d2f578ce30, 0x000001d2f5792a10,
0x000001d2f578ef00, 0x000001d2f578e1e0, 0x000001d2f5792380, 0x000001d2f5791660,
0x000001d2f578db50, 0x000001d2f57930a0, 0x000001d2f578e870, 0x000001d2f57902b0,
0x000001d2f5793730, 0x000001d2f578fc20, 0x000001d2f5791cf0, 0x000001d2f5790940,
0x000001d2f578f590, 0x000001d2f5793dc0, 0x000001d2f5794450, 0x000001d2f578d4c0,
0x000001d2f5790fd0, 0x000001d2f134b040, 0x000001d2f13512b0, 0x000001d2f64c0930,
0x000001d2f64c2b40, 0x000001d2f134eb50, 0x000001d2f134b6d0, 0x000001d2f134d7a0,
0x000001d2f1350590, 0x000001d2f134f1e0, 0x000001d2f1351940, 0x000001d2f134a9b0,
0x000001d2f1351fd0, 0x000001d2f134ca80, 0x000001d2f134bd60, 0x000001d2f134ff00,
0x000001d2f134e4c0, 0x000001d2f134d110, 0x000001d2f134f870, 0x000001d2f1350c20
}

Java Threads: ( => current thread )
  0x000001d29217fc80 JavaThread "main"                              [_thread_blocked, id=17612, stack(0x00000044e2100000,0x00000044e2200000) (1024K)]
  0x000001d2ead48400 JavaThread "Reference Handler"          daemon [_thread_blocked, id=4312, stack(0x00000044e2500000,0x00000044e2600000) (1024K)]
  0x000001d2a861c2e0 JavaThread "Finalizer"                  daemon [_thread_blocked, id=18272, stack(0x00000044e2600000,0x00000044e2700000) (1024K)]
  0x000001d2ead4bd10 JavaThread "Signal Dispatcher"          daemon [_thread_blocked, id=5540, stack(0x00000044e2700000,0x00000044e2800000) (1024K)]
  0x000001d2ead4cc20 JavaThread "Attach Listener"            daemon [_thread_blocked, id=1172, stack(0x00000044e2800000,0x00000044e2900000) (1024K)]
  0x000001d2ead51350 JavaThread "Service Thread"             daemon [_thread_blocked, id=5696, stack(0x00000044e2900000,0x00000044e2a00000) (1024K)]
  0x000001d2ead5ea60 JavaThread "Monitor Deflation Thread"   daemon [_thread_blocked, id=17436, stack(0x00000044e2a00000,0x00000044e2b00000) (1024K)]
=>0x000001d2ead548a0 JavaThread "C2 CompilerThread0"         daemon [_thread_in_native, id=14000, stack(0x00000044e2b00000,0x00000044e2c00000) (1024K)]
  0x000001d2ead55460 JavaThread "C1 CompilerThread0"         daemon [_thread_blocked, id=6500, stack(0x00000044e2c00000,0x00000044e2d00000) (1024K)]
  0x000001d2eae53990 JavaThread "Common-Cleaner"             daemon [_thread_blocked, id=1608, stack(0x00000044e2d00000,0x00000044e2e00000) (1024K)]
  0x000001d2eae5be90 JavaThread "C1 CompilerThread1"         daemon [_thread_in_native, id=18064, stack(0x00000044e2e00000,0x00000044e2f00000) (1024K)]
  0x000001d2eb07fe80 JavaThread "C2 CompilerThread1"         daemon [_thread_in_native, id=12180, stack(0x00000044e3100000,0x00000044e3200000) (1024K)]
  0x000001d2eae54020 JavaThread "Notification Thread"        daemon [_thread_blocked, id=13144, stack(0x00000044e3300000,0x00000044e3400000) (1024K)]
  0x000001d2eae55a60 JavaThread "Active Thread: Equinox Container: 9da9f3d5-3240-4654-8d82-6df3426eae3c"        [_thread_blocked, id=12784, stack(0x00000044e3a00000,0x00000044e3b00000) (1024K)]
  0x000001d2eae546b0 JavaThread "Refresh Thread: Equinox Container: 9da9f3d5-3240-4654-8d82-6df3426eae3c" daemon [_thread_blocked, id=10612, stack(0x00000044e3d00000,0x00000044e3e00000) (1024K)]
  0x000001d2eae525e0 JavaThread "Framework Event Dispatcher: Equinox Container: 9da9f3d5-3240-4654-8d82-6df3426eae3c" daemon [_thread_blocked, id=4648, stack(0x00000044e3e00000,0x00000044e3f00000) (1024K)]
  0x000001d2eae52c70 JavaThread "Start Level: Equinox Container: 9da9f3d5-3240-4654-8d82-6df3426eae3c" daemon [_thread_blocked, id=21368, stack(0x00000044e3f00000,0x00000044e4000000) (1024K)]
  0x000001d2eae53300 JavaThread "Bundle File Closer"         daemon [_thread_blocked, id=19892, stack(0x00000044e4000000,0x00000044e4100000) (1024K)]
  0x000001d2eae54d40 JavaThread "SCR Component Actor"        daemon [_thread_blocked, id=20532, stack(0x00000044e4400000,0x00000044e4500000) (1024K)]
  0x000001d2f157ad80 JavaThread "Worker-JM"                         [_thread_blocked, id=9596, stack(0x00000044e4700000,0x00000044e4800000) (1024K)]
  0x000001d2f157baa0 JavaThread "JNA Cleaner"                daemon [_thread_blocked, id=8000, stack(0x00000044e4a00000,0x00000044e4b00000) (1024K)]
  0x000001d2f15802d0 JavaThread "Worker-0"                          [_thread_blocked, id=17052, stack(0x00000044e4b00000,0x00000044e4c00000) (1024K)]
  0x000001d2f157a6f0 JavaThread "Worker-1: Java indexing... "        [_thread_blocked, id=8396, stack(0x00000044e3200000,0x00000044e3300000) (1024K)]
  0x000001d2f1777fe0 JavaThread "C2 CompilerThread2"         daemon [_thread_in_native, id=17208, stack(0x00000044e4800000,0x00000044e4900000) (1024K)]
  0x000001d2f157ef20 JavaThread "Java indexing"              daemon [_thread_in_Java, id=3824, stack(0x00000044e4900000,0x00000044e4a00000) (1024K)]
  0x000001d2f157c130 JavaThread "Worker-2"                          [_thread_blocked, id=10300, stack(0x00000044e4e00000,0x00000044e4f00000) (1024K)]
  0x000001d2f2e48080 JavaThread "C2 CompilerThread3"         daemon [_thread_in_native, id=21244, stack(0x00000044e4f00000,0x00000044e5000000) (1024K)]
  0x000001d2f157c7c0 JavaThread "Worker-3: Building"                [_thread_blocked, id=2876, stack(0x00000044e5000000,0x00000044e5100000) (1024K)]
  0x000001d2f157a060 JavaThread "Thread-2"                   daemon [_thread_in_native, id=21252, stack(0x00000044e5100000,0x00000044e5200000) (1024K)]
  0x000001d2f157d4e0 JavaThread "Thread-3"                   daemon [_thread_in_native, id=15252, stack(0x00000044e5200000,0x00000044e5300000) (1024K)]
  0x000001d2f157ce50 JavaThread "Thread-4"                   daemon [_thread_in_native, id=18244, stack(0x00000044e5300000,0x00000044e5400000) (1024K)]
  0x000001d2f157db70 JavaThread "Thread-5"                   daemon [_thread_in_native, id=14572, stack(0x00000044e5400000,0x00000044e5500000) (1024K)]
  0x000001d2f157e200 JavaThread "Thread-6"                   daemon [_thread_in_native, id=11556, stack(0x00000044e5500000,0x00000044e5600000) (1024K)]
  0x000001d2f157b410 JavaThread "Thread-7"                   daemon [_thread_in_native, id=10260, stack(0x00000044e5600000,0x00000044e5700000) (1024K)]
  0x000001d2f1579340 JavaThread "Thread-8"                   daemon [_thread_in_native, id=11088, stack(0x00000044e5700000,0x00000044e5800000) (1024K)]
  0x000001d2f157e890 JavaThread "Thread-9"                   daemon [_thread_in_native, id=17752, stack(0x00000044e5800000,0x00000044e5900000) (1024K)]
  0x000001d2f157f5b0 JavaThread "Thread-10"                  daemon [_thread_in_native, id=17428, stack(0x00000044e5900000,0x00000044e5a00000) (1024K)]
  0x000001d2f1580960 JavaThread "Thread-11"                  daemon [_thread_in_native, id=13500, stack(0x00000044e5a00000,0x00000044e5b00000) (1024K)]
  0x000001d2f157fc40 JavaThread "Thread-12"                  daemon [_thread_in_native, id=2376, stack(0x00000044e5b00000,0x00000044e5c00000) (1024K)]
  0x000001d2f15799d0 JavaThread "Thread-13"                  daemon [_thread_in_native, id=1128, stack(0x00000044e5c00000,0x00000044e5d00000) (1024K)]
  0x000001d2f444cd30 JavaThread "Thread-14"                  daemon [_thread_in_native, id=9664, stack(0x00000044e5d00000,0x00000044e5e00000) (1024K)]
  0x000001d2f4448b90 JavaThread "Thread-15"                  daemon [_thread_in_native, id=17176, stack(0x00000044e5e00000,0x00000044e5f00000) (1024K)]
  0x000001d2f4446ac0 JavaThread "Thread-16"                  daemon [_thread_in_native, id=15720, stack(0x00000044e5f00000,0x00000044e6000000) (1024K)]
  0x000001d2f444ac60 JavaThread "Thread-17"                  daemon [_thread_in_native, id=276, stack(0x00000044e6000000,0x00000044e6100000) (1024K)]
  0x000001d2f444b980 JavaThread "Thread-18"                  daemon [_thread_in_native, id=9340, stack(0x00000044e6100000,0x00000044e6200000) (1024K)]
  0x000001d2f444c6a0 JavaThread "pool-2-thread-1"                   [_thread_blocked, id=9828, stack(0x00000044e6200000,0x00000044e6300000) (1024K)]
  0x000001d2f444c010 JavaThread "WorkspaceEventsHandler"            [_thread_blocked, id=13884, stack(0x00000044e6300000,0x00000044e6400000) (1024K)]
  0x000001d2f444d3c0 JavaThread "pool-1-thread-1"                   [_thread_blocked, id=13984, stack(0x00000044e6400000,0x00000044e6500000) (1024K)]
  0x000001d2f444da50 JavaThread "Worker-4"                          [_thread_blocked, id=3236, stack(0x00000044e6500000,0x00000044e6600000) (1024K)]
  0x000001d2f4448500 JavaThread "LocalFile Deleter"          daemon [_thread_blocked, id=15868, stack(0x00000044e6600000,0x00000044e6700000) (1024K)]
  0x000001d2f444e0e0 JavaThread "LocalFile Deleter"          daemon [_thread_blocked, id=20984, stack(0x00000044e6700000,0x00000044e6800000) (1024K)]
  0x000001d2f4447150 JavaThread "LocalFile Deleter"          daemon [_thread_blocked, id=14604, stack(0x00000044e6800000,0x00000044e6900000) (1024K)]
  0x000001d2f4449220 JavaThread "LocalFile Deleter"          daemon [_thread_blocked, id=7520, stack(0x00000044e6900000,0x00000044e6a00000) (1024K)]
  0x000001d2f44498b0 JavaThread "LocalFile Deleter"          daemon [_thread_blocked, id=3420, stack(0x00000044e6a00000,0x00000044e6b00000) (1024K)]
  0x000001d2f4449f40 JavaThread "LocalFile Deleter"          daemon [_thread_blocked, id=13036, stack(0x00000044e6b00000,0x00000044e6c00000) (1024K)]
  0x000001d2f444b2f0 JavaThread "LocalFile Deleter"          daemon [_thread_blocked, id=1288, stack(0x00000044e6c00000,0x00000044e6d00000) (1024K)]
  0x000001d2f44477e0 JavaThread "LocalFile Deleter"          daemon [_thread_blocked, id=20360, stack(0x00000044e6d00000,0x00000044e6e00000) (1024K)]
  0x000001d2f444a5d0 JavaThread "LocalFile Deleter"          daemon [_thread_blocked, id=3124, stack(0x00000044e6e00000,0x00000044e6f00000) (1024K)]
  0x000001d2f578ce30 JavaThread "LocalFile Deleter"          daemon [_thread_blocked, id=6660, stack(0x00000044e6f00000,0x00000044e7000000) (1024K)]
  0x000001d2f5792a10 JavaThread "LocalFile Deleter"          daemon [_thread_blocked, id=16044, stack(0x00000044e7000000,0x00000044e7100000) (1024K)]
  0x000001d2f578ef00 JavaThread "LocalFile Deleter"          daemon [_thread_blocked, id=2952, stack(0x00000044e7100000,0x00000044e7200000) (1024K)]
  0x000001d2f578e1e0 JavaThread "LocalFile Deleter"          daemon [_thread_blocked, id=19076, stack(0x00000044e7200000,0x00000044e7300000) (1024K)]
  0x000001d2f5792380 JavaThread "LocalFile Deleter"          daemon [_thread_blocked, id=10368, stack(0x00000044e7300000,0x00000044e7400000) (1024K)]
  0x000001d2f5791660 JavaThread "LocalFile Deleter"          daemon [_thread_blocked, id=21212, stack(0x00000044e7400000,0x00000044e7500000) (1024K)]
  0x000001d2f578db50 JavaThread "LocalFile Deleter"          daemon [_thread_blocked, id=16908, stack(0x00000044e7500000,0x00000044e7600000) (1024K)]
  0x000001d2f57930a0 JavaThread "Compiler Source File Reader" daemon [_thread_blocked, id=8244, stack(0x00000044e7600000,0x00000044e7700000) (1024K)]
  0x000001d2f578e870 JavaThread "Compiler Source File Reader" daemon [_thread_blocked, id=20708, stack(0x00000044e7700000,0x00000044e7800000) (1024K)]
  0x000001d2f57902b0 JavaThread "Compiler Source File Reader" daemon [_thread_blocked, id=13140, stack(0x00000044e7800000,0x00000044e7900000) (1024K)]
  0x000001d2f5793730 JavaThread "Compiler Source File Reader" daemon [_thread_blocked, id=10908, stack(0x00000044e7900000,0x00000044e7a00000) (1024K)]
  0x000001d2f578fc20 JavaThread "Compiler Source File Reader" daemon [_thread_blocked, id=11868, stack(0x00000044e7a00000,0x00000044e7b00000) (1024K)]
  0x000001d2f5791cf0 JavaThread "Compiler Source File Reader" daemon [_thread_blocked, id=20204, stack(0x00000044e7b00000,0x00000044e7c00000) (1024K)]
  0x000001d2f5790940 JavaThread "Compiler Source File Reader" daemon [_thread_blocked, id=19744, stack(0x00000044e7c00000,0x00000044e7d00000) (1024K)]
  0x000001d2f578f590 JavaThread "Compiler Source File Reader" daemon [_thread_blocked, id=4056, stack(0x00000044e7d00000,0x00000044e7e00000) (1024K)]
  0x000001d2f5793dc0 JavaThread "Compiler Source File Reader" daemon [_thread_blocked, id=6136, stack(0x00000044e7e00000,0x00000044e7f00000) (1024K)]
  0x000001d2f5794450 JavaThread "Compiler Source File Reader" daemon [_thread_blocked, id=8612, stack(0x00000044e7f00000,0x00000044e8000000) (1024K)]
  0x000001d2f578d4c0 JavaThread "Compiler Source File Reader" daemon [_thread_blocked, id=16188, stack(0x00000044e8000000,0x00000044e8100000) (1024K)]
  0x000001d2f5790fd0 JavaThread "Compiler Source File Reader" daemon [_thread_blocked, id=16712, stack(0x00000044e8100000,0x00000044e8200000) (1024K)]
  0x000001d2f134b040 JavaThread "Compiler Source File Reader" daemon [_thread_blocked, id=9164, stack(0x00000044e8200000,0x00000044e8300000) (1024K)]
  0x000001d2f13512b0 JavaThread "Compiler Source File Reader" daemon [_thread_blocked, id=16452, stack(0x00000044e8300000,0x00000044e8400000) (1024K)]
  0x000001d2f64c0930 JavaThread "C1 CompilerThread2"         daemon [_thread_in_native, id=9792, stack(0x00000044e2f00000,0x00000044e3000000) (1024K)]
  0x000001d2f64c2b40 JavaThread "C1 CompilerThread3"         daemon [_thread_in_native, id=13352, stack(0x00000044e3000000,0x00000044e3100000) (1024K)]
  0x000001d2f134eb50 JavaThread "Compiler Processing Task"   daemon [_thread_in_Java, id=12724, stack(0x00000044e3900000,0x00000044e3a00000) (1024K)]
  0x000001d2f134b6d0 JavaThread "Compiler Class File Writer" daemon [_thread_blocked, id=19020, stack(0x00000044e8400000,0x00000044e8500000) (1024K)]
  0x000001d2f134d7a0 JavaThread "Compiler Class File Writer" daemon [_thread_blocked, id=100, stack(0x00000044e8500000,0x00000044e8600000) (1024K)]
  0x000001d2f1350590 JavaThread "Compiler Class File Writer" daemon [_thread_blocked, id=9336, stack(0x00000044e8600000,0x00000044e8700000) (1024K)]
  0x000001d2f134f1e0 JavaThread "Compiler Class File Writer" daemon [_thread_blocked, id=688, stack(0x00000044e8700000,0x00000044e8800000) (1024K)]
  0x000001d2f1351940 JavaThread "Compiler Class File Writer" daemon [_thread_blocked, id=9296, stack(0x00000044e8800000,0x00000044e8900000) (1024K)]
  0x000001d2f134a9b0 JavaThread "Compiler Class File Writer" daemon [_thread_blocked, id=11240, stack(0x00000044e8900000,0x00000044e8a00000) (1024K)]
  0x000001d2f1351fd0 JavaThread "Compiler Class File Writer" daemon [_thread_blocked, id=2796, stack(0x00000044e8a00000,0x00000044e8b00000) (1024K)]
  0x000001d2f134ca80 JavaThread "Compiler Class File Writer" daemon [_thread_blocked, id=10588, stack(0x00000044e8b00000,0x00000044e8c00000) (1024K)]
  0x000001d2f134bd60 JavaThread "Compiler Class File Writer" daemon [_thread_blocked, id=14004, stack(0x00000044e8c00000,0x00000044e8d00000) (1024K)]
  0x000001d2f134ff00 JavaThread "Compiler Class File Writer" daemon [_thread_blocked, id=760, stack(0x00000044e8d00000,0x00000044e8e00000) (1024K)]
  0x000001d2f134e4c0 JavaThread "Compiler Class File Writer" daemon [_thread_blocked, id=5700, stack(0x00000044e8e00000,0x00000044e8f00000) (1024K)]
  0x000001d2f134d110 JavaThread "Compiler Class File Writer" daemon [_thread_blocked, id=9912, stack(0x00000044e8f00000,0x00000044e9000000) (1024K)]
  0x000001d2f134f870 JavaThread "Compiler Class File Writer" daemon [_thread_blocked, id=16536, stack(0x00000044e9000000,0x00000044e9100000) (1024K)]
  0x000001d2f1350c20 JavaThread "Compiler Class File Writer" daemon [_thread_blocked, id=18012, stack(0x00000044e9100000,0x00000044e9200000) (1024K)]
Total: 96

Other Threads:
  0x000001d291ebeb60 VMThread "VM Thread"                           [id=20004, stack(0x00000044e2400000,0x00000044e2500000) (1024K)]
  0x000001d2921eab20 WatcherThread "VM Periodic Task Thread"        [id=13628, stack(0x00000044e2300000,0x00000044e2400000) (1024K)]
  0x000001d291ebef00 WorkerThread "GC Thread#0"                     [id=13572, stack(0x00000044e2200000,0x00000044e2300000) (1024K)]
  0x000001d291ebe7c0 WorkerThread "GC Thread#1"                     [id=6940, stack(0x00000044e3400000,0x00000044e3500000) (1024K)]
  0x000001d291ebe420 WorkerThread "GC Thread#2"                     [id=5992, stack(0x00000044e3500000,0x00000044e3600000) (1024K)]
  0x000001d2ec8c2ff0 WorkerThread "GC Thread#3"                     [id=4044, stack(0x00000044e3600000,0x00000044e3700000) (1024K)]
  0x000001d2ec8c3390 WorkerThread "GC Thread#4"                     [id=6356, stack(0x00000044e3700000,0x00000044e3800000) (1024K)]
  0x000001d2ec8c12f0 WorkerThread "GC Thread#5"                     [id=13220, stack(0x00000044e3800000,0x00000044e3900000) (1024K)]
  0x000001d2ec8c1dd0 WorkerThread "GC Thread#6"                     [id=18976, stack(0x00000044e3b00000,0x00000044e3c00000) (1024K)]
  0x000001d2ec8c4950 WorkerThread "GC Thread#7"                     [id=18368, stack(0x00000044e3c00000,0x00000044e3d00000) (1024K)]
  0x000001d2ec8c1690 WorkerThread "GC Thread#8"                     [id=12512, stack(0x00000044e4100000,0x00000044e4200000) (1024K)]
  0x000001d2ec8c1a30 WorkerThread "GC Thread#9"                     [id=15900, stack(0x00000044e4200000,0x00000044e4300000) (1024K)]
  0x000001d2ec8c2c50 WorkerThread "GC Thread#10"                    [id=10936, stack(0x00000044e4300000,0x00000044e4400000) (1024K)]
  0x000001d2ec8c3e70 WorkerThread "GC Thread#11"                    [id=10324, stack(0x00000044e4500000,0x00000044e4600000) (1024K)]
  0x000001d2ec8c2510 WorkerThread "GC Thread#12"                    [id=4500, stack(0x00000044e4600000,0x00000044e4700000) (1024K)]
Total: 15

Threads with active compile tasks:
C2 CompilerThread0  12069 12346       4       org.eclipse.jdt.internal.compiler.lookup.Scope::getTypeOrPackage (1787 bytes)
C1 CompilerThread0  12069 12855       3       org.eclipse.jdt.internal.compiler.ast.ReturnStatement::resolve (689 bytes)
C1 CompilerThread1  12069 12852   !   3       org.eclipse.jdt.internal.compiler.lookup.SourceTypeBinding::methods (2066 bytes)
C2 CompilerThread1  12069 12577       4       org.eclipse.jdt.internal.compiler.lookup.BinaryTypeBinding::createMethod (1724 bytes)
C2 CompilerThread2  12069 12826       4       java.util.Arrays::fill (21 bytes)
C2 CompilerThread3  12069 12793   !   4       org.eclipse.jdt.internal.compiler.lookup.Scope::getBinding (1578 bytes)
C1 CompilerThread2  12069 12861  s    3       jdk.internal.jimage.ImageReader$SharedImageReader::buildNode (98 bytes)
C1 CompilerThread3  12069 12854   !   3       org.eclipse.jdt.internal.compiler.ast.FieldDeclaration::resolve (1019 bytes)
Total: 8

VM state: not at safepoint (normal execution)

VM Mutex/Monitor currently owned by a thread:  ([mutex/lock_event])
[0x00007ffecce6bf00] MethodCompileQueue_lock - owner thread: 0x000001d2ead55460
[0x00007ffecce6d400] Compile_lock - owner thread: 0x000001d2ead55460

Heap address: 0x00000000c0000000, size: 1024 MB, Compressed Oops mode: 32-bit

CDS archive(s) mapped at: [0x000001d2a9000000-0x000001d2a9ba0000-0x000001d2a9ba0000), size 12189696, SharedBaseAddress: 0x000001d2a9000000, ArchiveRelocationMode: 1.
Compressed class space mapped at: 0x000001d2aa000000-0x000001d2ea000000, reserved size: 1073741824
Narrow klass base: 0x000001d2a9000000, Narrow klass shift: 0, Narrow klass range: 0x100000000

GC Precious Log:
 CardTable entry size: 512
 CPUs: 16 total, 16 available
 Memory: 16160M
 Large Page Support: Disabled
 NUMA Support: Disabled
 Compressed Oops: Enabled (32-bit)
 Alignments: Space 512K, Generation 512K, Heap 2M
 Heap Min Capacity: 100M
 Heap Initial Capacity: 100M
 Heap Max Capacity: 1G
 Pre-touch: Disabled
 Parallel Workers: 13

Heap:
 PSYoungGen      total 9728K, used 9188K [0x00000000eab00000, 0x00000000ebd00000, 0x0000000100000000)
  eden space 3584K, 91% used [0x00000000eab00000,0x00000000eae35568,0x00000000eae80000)
  from space 6144K, 96% used [0x00000000eae80000,0x00000000eb443ae0,0x00000000eb480000)
  to   space 7168K, 0% used [0x00000000eb600000,0x00000000eb600000,0x00000000ebd00000)
 ParOldGen       total 382976K, used 382788K [0x00000000c0000000, 0x00000000d7600000, 0x00000000eab00000)
  object space 382976K, 99% used [0x00000000c0000000,0x00000000d75d13e8,0x00000000d7600000)
 Metaspace       used 60010K, committed 61248K, reserved 1114112K
  class space    used 5950K, committed 6464K, reserved 1048576K

Card table byte_map: [0x000001d2a5eb0000,0x000001d2a60c0000] _byte_map_base: 0x000001d2a58b0000

Marking Bits: (ParMarkBitMap*) 0x00007ffecce72250
 Begin Bits: [0x000001d2a6220000, 0x000001d2a7220000)
 End Bits:   [0x000001d2a7220000, 0x000001d2a8220000)

Polling page: 0x000001d292240000

Metaspace:

Usage:
  Non-class:     52.79 MB used.
      Class:      5.81 MB used.
       Both:     58.60 MB used.

Virtual space:
  Non-class space:       64.00 MB reserved,      53.50 MB ( 84%) committed,  1 nodes.
      Class space:        1.00 GB reserved,       6.31 MB ( <1%) committed,  1 nodes.
             Both:        1.06 GB reserved,      59.81 MB (  5%) committed. 

Chunk freelists:
   Non-Class:  9.59 MB
       Class:  9.50 MB
        Both:  19.10 MB

MaxMetaspaceSize: unlimited
CompressedClassSpaceSize: 1.00 GB
Initial GC threshold: 21.00 MB
Current GC threshold: 95.12 MB
CDS: on
 - commit_granule_bytes: 65536.
 - commit_granule_words: 8192.
 - virtual_space_node_default_size: 8388608.
 - enlarge_chunks_in_place: 1.
 - use_allocation_guard: 0.


Internal statistics:

num_allocs_failed_limit: 8.
num_arena_births: 986.
num_arena_deaths: 14.
num_vsnodes_births: 2.
num_vsnodes_deaths: 0.
num_space_committed: 957.
num_space_uncommitted: 0.
num_chunks_returned_to_freelist: 22.
num_chunks_taken_from_freelist: 3671.
num_chunk_merges: 14.
num_chunk_splits: 2313.
num_chunks_enlarged: 1410.
num_inconsistent_stats: 0.

CodeHeap 'non-profiled nmethods': size=119168Kb used=8465Kb max_used=8465Kb free=110702Kb
 bounds [0x000001d29e870000, 0x000001d29f0c0000, 0x000001d2a5cd0000]
CodeHeap 'profiled nmethods': size=119104Kb used=28677Kb max_used=28677Kb free=90426Kb
 bounds [0x000001d296cd0000, 0x000001d2988e0000, 0x000001d29e120000]
CodeHeap 'non-nmethods': size=7488Kb used=3110Kb max_used=3201Kb free=4378Kb
 bounds [0x000001d29e120000, 0x000001d29e460000, 0x000001d29e870000]
 total_blobs=12615 nmethods=11884 adapters=632
 compilation: enabled
              stopped_count=0, restarted_count=0
 full_count=0

Compilation events (20 events):
Event: 12.027 Thread 0x000001d2f64c2b40 12809 %     3       org.eclipse.jdt.internal.compiler.parser.Scanner::scanIdentifierOrKeyword @ 20 (271 bytes)
Event: 12.027 Thread 0x000001d2eae5be90 12810       1       org.eclipse.jdt.internal.compiler.ast.AllocationExpression::setExpectedType (6 bytes)
Event: 12.027 Thread 0x000001d2eae5be90 nmethod 12810 0x000001d29f09a710 code [0x000001d29f09a8a0, 0x000001d29f09a980]
Event: 12.028 Thread 0x000001d2f64c2b40 nmethod 12809% 0x000001d2988a2b90 code [0x000001d2988a2e20, 0x000001d2988a3b30]
Event: 12.029 Thread 0x000001d2f2e48080 nmethod 12573 0x000001d29f09aa10 code [0x000001d29f09ed80, 0x000001d29f0a5588]
Event: 12.030 Thread 0x000001d2f64c2b40 12811       3       org.eclipse.jdt.internal.compiler.lookup.ParameterizedTypeBinding::superInterfaces (115 bytes)
Event: 12.030 Thread 0x000001d2f64c0930 12812       3       org.eclipse.jdt.internal.compiler.ast.SingleNameReference::localVariableBinding (41 bytes)
Event: 12.030 Thread 0x000001d2f64c0930 nmethod 12812 0x000001d2988a3e90 code [0x000001d2988a4040, 0x000001d2988a42e0]
Event: 12.031 Thread 0x000001d2f64c2b40 nmethod 12811 0x000001d2988a4390 code [0x000001d2988a45c0, 0x000001d2988a5058]
Event: 12.032 Thread 0x000001d2f64c2b40 12814       3       org.eclipse.jdt.internal.compiler.lookup.InferenceSubstitution::<init> (17 bytes)
Event: 12.032 Thread 0x000001d2f64c2b40 nmethod 12814 0x000001d2988a5390 code [0x000001d2988a5540, 0x000001d2988a5690]
Event: 12.032 Thread 0x000001d2ead55460 12815       3       org.eclipse.jdt.internal.compiler.parser.Scanner::scanIdentifierOrKeyword (271 bytes)
Event: 12.033 Thread 0x000001d2ead55460 nmethod 12815 0x000001d2988a5790 code [0x000001d2988a5a20, 0x000001d2988a6670]
Event: 12.033 Thread 0x000001d2f2e48080 12763       4       org.eclipse.jdt.internal.compiler.parser.Scanner::getNextToken (166 bytes)
Event: 12.034 Thread 0x000001d2ead55460 12816       1       org.eclipse.jdt.internal.compiler.ast.Expression::isTrulyExpression (2 bytes)
Event: 12.034 Thread 0x000001d2ead55460 nmethod 12816 0x000001d29f0ad210 code [0x000001d29f0ad3a0, 0x000001d29f0ad468]
Event: 12.036 Thread 0x000001d2f64c0930 12817       3       org.eclipse.jdt.core.compiler.CharOperation::indexOf (10 bytes)
Event: 12.036 Thread 0x000001d2f64c0930 nmethod 12817 0x000001d2988a6a10 code [0x000001d2988a6bc0, 0x000001d2988a6ce0]
Event: 12.037 Thread 0x000001d2f64c2b40 12818       3       org.eclipse.jdt.internal.compiler.ast.Block::resolve (71 bytes)
Event: 12.037 Thread 0x000001d2f64c0930 12819       1       org.eclipse.jdt.internal.compiler.ASTVisitor::visit (2 bytes)

GC Heap History (20 events):
Event: 11.599 GC heap after
{Heap after GC invocations=512 (full 3):
 PSYoungGen      total 5632K, used 2541K [0x00000000eab00000, 0x00000000eb600000, 0x0000000100000000)
  eden space 3072K, 0% used [0x00000000eab00000,0x00000000eab00000,0x00000000eae00000)
  from space 2560K, 99% used [0x00000000eae00000,0x00000000eb07b748,0x00000000eb080000)
  to   space 4096K, 0% used [0x00000000eb200000,0x00000000eb200000,0x00000000eb600000)
 ParOldGen       total 361984K, used 361933K [0x00000000c0000000, 0x00000000d6180000, 0x00000000eab00000)
  object space 361984K, 99% used [0x00000000c0000000,0x00000000d61736a8,0x00000000d6180000)
 Metaspace       used 58862K, committed 60096K, reserved 1114112K
  class space    used 5894K, committed 6400K, reserved 1048576K
}
Event: 11.633 GC heap before
{Heap before GC invocations=513 (full 3):
 PSYoungGen      total 5632K, used 5613K [0x00000000eab00000, 0x00000000eb600000, 0x0000000100000000)
  eden space 3072K, 100% used [0x00000000eab00000,0x00000000eae00000,0x00000000eae00000)
  from space 2560K, 99% used [0x00000000eae00000,0x00000000eb07b748,0x00000000eb080000)
  to   space 4096K, 0% used [0x00000000eb200000,0x00000000eb200000,0x00000000eb600000)
 ParOldGen       total 361984K, used 361933K [0x00000000c0000000, 0x00000000d6180000, 0x00000000eab00000)
  object space 361984K, 99% used [0x00000000c0000000,0x00000000d61736a8,0x00000000d6180000)
 Metaspace       used 58976K, committed 60288K, reserved 1114112K
  class space    used 5905K, committed 6464K, reserved 1048576K
}
Event: 11.636 GC heap after
{Heap after GC invocations=513 (full 3):
 PSYoungGen      total 7168K, used 2936K [0x00000000eab00000, 0x00000000eb580000, 0x0000000100000000)
  eden space 3584K, 0% used [0x00000000eab00000,0x00000000eab00000,0x00000000eae80000)
  from space 3584K, 81% used [0x00000000eb200000,0x00000000eb4de180,0x00000000eb580000)
  to   space 3584K, 0% used [0x00000000eae80000,0x00000000eae80000,0x00000000eb200000)
 ParOldGen       total 363520K, used 363414K [0x00000000c0000000, 0x00000000d6300000, 0x00000000eab00000)
  object space 363520K, 99% used [0x00000000c0000000,0x00000000d62e5b30,0x00000000d6300000)
 Metaspace       used 58976K, committed 60288K, reserved 1114112K
  class space    used 5905K, committed 6464K, reserved 1048576K
}
Event: 11.668 GC heap before
{Heap before GC invocations=514 (full 3):
 PSYoungGen      total 7168K, used 6520K [0x00000000eab00000, 0x00000000eb580000, 0x0000000100000000)
  eden space 3584K, 100% used [0x00000000eab00000,0x00000000eae80000,0x00000000eae80000)
  from space 3584K, 81% used [0x00000000eb200000,0x00000000eb4de180,0x00000000eb580000)
  to   space 3584K, 0% used [0x00000000eae80000,0x00000000eae80000,0x00000000eb200000)
 ParOldGen       total 363520K, used 363414K [0x00000000c0000000, 0x00000000d6300000, 0x00000000eab00000)
  object space 363520K, 99% used [0x00000000c0000000,0x00000000d62e5b30,0x00000000d6300000)
 Metaspace       used 59133K, committed 60416K, reserved 1114112K
  class space    used 5921K, committed 6464K, reserved 1048576K
}
Event: 11.670 GC heap after
{Heap after GC invocations=514 (full 3):
 PSYoungGen      total 7168K, used 3561K [0x00000000eab00000, 0x00000000eb900000, 0x0000000100000000)
  eden space 3584K, 0% used [0x00000000eab00000,0x00000000eab00000,0x00000000eae80000)
  from space 3584K, 99% used [0x00000000eae80000,0x00000000eb1fa6e8,0x00000000eb200000)
  to   space 5120K, 0% used [0x00000000eb400000,0x00000000eb400000,0x00000000eb900000)
 ParOldGen       total 365056K, used 364602K [0x00000000c0000000, 0x00000000d6480000, 0x00000000eab00000)
  object space 365056K, 99% used [0x00000000c0000000,0x00000000d640ea38,0x00000000d6480000)
 Metaspace       used 59133K, committed 60416K, reserved 1114112K
  class space    used 5921K, committed 6464K, reserved 1048576K
}
Event: 11.701 GC heap before
{Heap before GC invocations=515 (full 3):
 PSYoungGen      total 7168K, used 6683K [0x00000000eab00000, 0x00000000eb900000, 0x0000000100000000)
  eden space 3584K, 87% used [0x00000000eab00000,0x00000000eae0c758,0x00000000eae80000)
  from space 3584K, 99% used [0x00000000eae80000,0x00000000eb1fa6e8,0x00000000eb200000)
  to   space 5120K, 0% used [0x00000000eb400000,0x00000000eb400000,0x00000000eb900000)
 ParOldGen       total 365056K, used 364602K [0x00000000c0000000, 0x00000000d6480000, 0x00000000eab00000)
  object space 365056K, 99% used [0x00000000c0000000,0x00000000d640ea38,0x00000000d6480000)
 Metaspace       used 59189K, committed 60480K, reserved 1114112K
  class space    used 5930K, committed 6464K, reserved 1048576K
}
Event: 11.705 GC heap after
{Heap after GC invocations=515 (full 3):
 PSYoungGen      total 7680K, used 3411K [0x00000000eab00000, 0x00000000eb780000, 0x0000000100000000)
  eden space 4096K, 0% used [0x00000000eab00000,0x00000000eab00000,0x00000000eaf00000)
  from space 3584K, 95% used [0x00000000eb400000,0x00000000eb754d48,0x00000000eb780000)
  to   space 4096K, 0% used [0x00000000eaf80000,0x00000000eaf80000,0x00000000eb380000)
 ParOldGen       total 367104K, used 366771K [0x00000000c0000000, 0x00000000d6680000, 0x00000000eab00000)
  object space 367104K, 99% used [0x00000000c0000000,0x00000000d662cc48,0x00000000d6680000)
 Metaspace       used 59189K, committed 60480K, reserved 1114112K
  class space    used 5930K, committed 6464K, reserved 1048576K
}
Event: 11.738 GC heap before
{Heap before GC invocations=516 (full 3):
 PSYoungGen      total 7680K, used 7507K [0x00000000eab00000, 0x00000000eb780000, 0x0000000100000000)
  eden space 4096K, 100% used [0x00000000eab00000,0x00000000eaf00000,0x00000000eaf00000)
  from space 3584K, 95% used [0x00000000eb400000,0x00000000eb754d48,0x00000000eb780000)
  to   space 4096K, 0% used [0x00000000eaf80000,0x00000000eaf80000,0x00000000eb380000)
 ParOldGen       total 367104K, used 366771K [0x00000000c0000000, 0x00000000d6680000, 0x00000000eab00000)
  object space 367104K, 99% used [0x00000000c0000000,0x00000000d662cc48,0x00000000d6680000)
 Metaspace       used 59265K, committed 60544K, reserved 1114112K
  class space    used 5931K, committed 6464K, reserved 1048576K
}
Event: 11.742 GC heap after
{Heap after GC invocations=516 (full 3):
 PSYoungGen      total 8704K, used 4091K [0x00000000eab00000, 0x00000000ebc80000, 0x0000000100000000)
  eden space 4608K, 0% used [0x00000000eab00000,0x00000000eab00000,0x00000000eaf80000)
  from space 4096K, 99% used [0x00000000eaf80000,0x00000000eb37ec60,0x00000000eb380000)
  to   space 6656K, 0% used [0x00000000eb600000,0x00000000eb600000,0x00000000ebc80000)
 ParOldGen       total 369152K, used 368451K [0x00000000c0000000, 0x00000000d6880000, 0x00000000eab00000)
  object space 369152K, 99% used [0x00000000c0000000,0x00000000d67d0c48,0x00000000d6880000)
 Metaspace       used 59265K, committed 60544K, reserved 1114112K
  class space    used 5931K, committed 6464K, reserved 1048576K
}
Event: 11.775 GC heap before
{Heap before GC invocations=517 (full 3):
 PSYoungGen      total 8704K, used 8699K [0x00000000eab00000, 0x00000000ebc80000, 0x0000000100000000)
  eden space 4608K, 100% used [0x00000000eab00000,0x00000000eaf80000,0x00000000eaf80000)
  from space 4096K, 99% used [0x00000000eaf80000,0x00000000eb37ec60,0x00000000eb380000)
  to   space 6656K, 0% used [0x00000000eb600000,0x00000000eb600000,0x00000000ebc80000)
 ParOldGen       total 369152K, used 368451K [0x00000000c0000000, 0x00000000d6880000, 0x00000000eab00000)
  object space 369152K, 99% used [0x00000000c0000000,0x00000000d67d0c48,0x00000000d6880000)
 Metaspace       used 59331K, committed 60608K, reserved 1114112K
  class space    used 5934K, committed 6464K, reserved 1048576K
}
Event: 11.780 GC heap after
{Heap after GC invocations=517 (full 3):
 PSYoungGen      total 8704K, used 3451K [0x00000000eab00000, 0x00000000eb980000, 0x0000000100000000)
  eden space 5120K, 0% used [0x00000000eab00000,0x00000000eab00000,0x00000000eb000000)
  from space 3584K, 96% used [0x00000000eb600000,0x00000000eb95ef70,0x00000000eb980000)
  to   space 4608K, 0% used [0x00000000eb080000,0x00000000eb080000,0x00000000eb500000)
 ParOldGen       total 371712K, used 371556K [0x00000000c0000000, 0x00000000d6b00000, 0x00000000eab00000)
  object space 371712K, 99% used [0x00000000c0000000,0x00000000d6ad92f0,0x00000000d6b00000)
 Metaspace       used 59331K, committed 60608K, reserved 1114112K
  class space    used 5934K, committed 6464K, reserved 1048576K
}
Event: 11.818 GC heap before
{Heap before GC invocations=518 (full 3):
 PSYoungGen      total 8704K, used 8571K [0x00000000eab00000, 0x00000000eb980000, 0x0000000100000000)
  eden space 5120K, 100% used [0x00000000eab00000,0x00000000eb000000,0x00000000eb000000)
  from space 3584K, 96% used [0x00000000eb600000,0x00000000eb95ef70,0x00000000eb980000)
  to   space 4608K, 0% used [0x00000000eb080000,0x00000000eb080000,0x00000000eb500000)
 ParOldGen       total 371712K, used 371556K [0x00000000c0000000, 0x00000000d6b00000, 0x00000000eab00000)
  object space 371712K, 99% used [0x00000000c0000000,0x00000000d6ad92f0,0x00000000d6b00000)
 Metaspace       used 59420K, committed 60672K, reserved 1114112K
  class space    used 5939K, committed 6464K, reserved 1048576K
}
Event: 11.821 GC heap after
{Heap after GC invocations=518 (full 3):
 PSYoungGen      total 10240K, used 4607K [0x00000000eab00000, 0x00000000ebd80000, 0x0000000100000000)
  eden space 5632K, 0% used [0x00000000eab00000,0x00000000eab00000,0x00000000eb080000)
  from space 4608K, 99% used [0x00000000eb080000,0x00000000eb4ffd48,0x00000000eb500000)
  to   space 6656K, 0% used [0x00000000eb700000,0x00000000eb700000,0x00000000ebd80000)
 ParOldGen       total 373248K, used 372872K [0x00000000c0000000, 0x00000000d6c80000, 0x00000000eab00000)
  object space 373248K, 99% used [0x00000000c0000000,0x00000000d6c22270,0x00000000d6c80000)
 Metaspace       used 59420K, committed 60672K, reserved 1114112K
  class space    used 5939K, committed 6464K, reserved 1048576K
}
Event: 11.856 GC heap before
{Heap before GC invocations=519 (full 3):
 PSYoungGen      total 10240K, used 9140K [0x00000000eab00000, 0x00000000ebd80000, 0x0000000100000000)
  eden space 5632K, 80% used [0x00000000eab00000,0x00000000eaf6d530,0x00000000eb080000)
  from space 4608K, 99% used [0x00000000eb080000,0x00000000eb4ffd48,0x00000000eb500000)
  to   space 6656K, 0% used [0x00000000eb700000,0x00000000eb700000,0x00000000ebd80000)
 ParOldGen       total 373248K, used 372872K [0x00000000c0000000, 0x00000000d6c80000, 0x00000000eab00000)
  object space 373248K, 99% used [0x00000000c0000000,0x00000000d6c22270,0x00000000d6c80000)
 Metaspace       used 59498K, committed 60736K, reserved 1114112K
  class space    used 5941K, committed 6464K, reserved 1048576K
}
Event: 11.861 GC heap after
{Heap after GC invocations=519 (full 3):
 PSYoungGen      total 12800K, used 5746K [0x00000000eab00000, 0x00000000ebd80000, 0x0000000100000000)
  eden space 6144K, 0% used [0x00000000eab00000,0x00000000eab00000,0x00000000eb100000)
  from space 6656K, 86% used [0x00000000eb700000,0x00000000ebc9c940,0x00000000ebd80000)
  to   space 6144K, 0% used [0x00000000eb100000,0x00000000eb100000,0x00000000eb700000)
 ParOldGen       total 375296K, used 374983K [0x00000000c0000000, 0x00000000d6e80000, 0x00000000eab00000)
  object space 375296K, 99% used [0x00000000c0000000,0x00000000d6e31d30,0x00000000d6e80000)
 Metaspace       used 59498K, committed 60736K, reserved 1114112K
  class space    used 5941K, committed 6464K, reserved 1048576K
}
Event: 11.929 GC heap before
{Heap before GC invocations=520 (full 3):
 PSYoungGen      total 12800K, used 11890K [0x00000000eab00000, 0x00000000ebd80000, 0x0000000100000000)
  eden space 6144K, 99% used [0x00000000eab00000,0x00000000eb0ffff0,0x00000000eb100000)
  from space 6656K, 86% used [0x00000000eb700000,0x00000000ebc9c940,0x00000000ebd80000)
  to   space 6144K, 0% used [0x00000000eb100000,0x00000000eb100000,0x00000000eb700000)
 ParOldGen       total 375296K, used 374983K [0x00000000c0000000, 0x00000000d6e80000, 0x00000000eab00000)
  object space 375296K, 99% used [0x00000000c0000000,0x00000000d6e31d30,0x00000000d6e80000)
 Metaspace       used 59767K, committed 60992K, reserved 1114112K
  class space    used 5947K, committed 6464K, reserved 1048576K
}
Event: 11.934 GC heap after
{Heap after GC invocations=520 (full 3):
 PSYoungGen      total 12288K, used 6042K [0x00000000eab00000, 0x00000000ebe00000, 0x0000000100000000)
  eden space 6144K, 0% used [0x00000000eab00000,0x00000000eab00000,0x00000000eb100000)
  from space 6144K, 98% used [0x00000000eb100000,0x00000000eb6e6830,0x00000000eb700000)
  to   space 6144K, 0% used [0x00000000eb800000,0x00000000eb800000,0x00000000ebe00000)
 ParOldGen       total 378368K, used 377679K [0x00000000c0000000, 0x00000000d7180000, 0x00000000eab00000)
  object space 378368K, 99% used [0x00000000c0000000,0x00000000d70d3d30,0x00000000d7180000)
 Metaspace       used 59767K, committed 60992K, reserved 1114112K
  class space    used 5947K, committed 6464K, reserved 1048576K
}
Event: 11.991 GC heap before
{Heap before GC invocations=521 (full 3):
 PSYoungGen      total 12288K, used 12108K [0x00000000eab00000, 0x00000000ebe00000, 0x0000000100000000)
  eden space 6144K, 98% used [0x00000000eab00000,0x00000000eb0ec9e8,0x00000000eb100000)
  from space 6144K, 98% used [0x00000000eb100000,0x00000000eb6e6830,0x00000000eb700000)
  to   space 6144K, 0% used [0x00000000eb800000,0x00000000eb800000,0x00000000ebe00000)
 ParOldGen       total 378368K, used 377679K [0x00000000c0000000, 0x00000000d7180000, 0x00000000eab00000)
  object space 378368K, 99% used [0x00000000c0000000,0x00000000d70d3d30,0x00000000d7180000)
 Metaspace       used 59859K, committed 61120K, reserved 1114112K
  class space    used 5949K, committed 6464K, reserved 1048576K
}
Event: 11.997 GC heap after
{Heap after GC invocations=521 (full 3):
 PSYoungGen      total 9728K, used 6131K [0x00000000eab00000, 0x00000000ec500000, 0x0000000100000000)
  eden space 3584K, 0% used [0x00000000eab00000,0x00000000eab00000,0x00000000eae80000)
  from space 6144K, 99% used [0x00000000eb800000,0x00000000ebdfccd8,0x00000000ebe00000)
  to   space 9728K, 0% used [0x00000000eae80000,0x00000000eae80000,0x00000000eb800000)
 ParOldGen       total 380416K, used 380328K [0x00000000c0000000, 0x00000000d7380000, 0x00000000eab00000)
  object space 380416K, 99% used [0x00000000c0000000,0x00000000d736a120,0x00000000d7380000)
 Metaspace       used 59859K, committed 61120K, reserved 1114112K
  class space    used 5949K, committed 6464K, reserved 1048576K
}
Event: 12.037 GC heap before
{Heap before GC invocations=522 (full 3):
 PSYoungGen      total 9728K, used 9715K [0x00000000eab00000, 0x00000000ec500000, 0x0000000100000000)
  eden space 3584K, 100% used [0x00000000eab00000,0x00000000eae80000,0x00000000eae80000)
  from space 6144K, 99% used [0x00000000eb800000,0x00000000ebdfccd8,0x00000000ebe00000)
  to   space 9728K, 0% used [0x00000000eae80000,0x00000000eae80000,0x00000000eb800000)
 ParOldGen       total 380416K, used 380328K [0x00000000c0000000, 0x00000000d7380000, 0x00000000eab00000)
  object space 380416K, 99% used [0x00000000c0000000,0x00000000d736a120,0x00000000d7380000)
 Metaspace       used 59920K, committed 61184K, reserved 1114112K
  class space    used 5950K, committed 6464K, reserved 1048576K
}

Dll operation events (10 events):
Event: 0.007 Loaded shared library c:\Users\HP\.vscode\extensions\redhat.java-1.39.0-win32-x64\jre\21.0.5-win32-x86_64\bin\java.dll
Event: 0.073 Loaded shared library c:\Users\HP\.vscode\extensions\redhat.java-1.39.0-win32-x64\jre\21.0.5-win32-x86_64\bin\zip.dll
Event: 0.092 Loaded shared library C:\Users\HP\.vscode\extensions\redhat.java-1.39.0-win32-x64\jre\21.0.5-win32-x86_64\bin\instrument.dll
Event: 0.096 Loaded shared library C:\Users\HP\.vscode\extensions\redhat.java-1.39.0-win32-x64\jre\21.0.5-win32-x86_64\bin\net.dll
Event: 0.099 Loaded shared library C:\Users\HP\.vscode\extensions\redhat.java-1.39.0-win32-x64\jre\21.0.5-win32-x86_64\bin\nio.dll
Event: 0.103 Loaded shared library C:\Users\HP\.vscode\extensions\redhat.java-1.39.0-win32-x64\jre\21.0.5-win32-x86_64\bin\zip.dll
Event: 0.117 Loaded shared library C:\Users\HP\.vscode\extensions\redhat.java-1.39.0-win32-x64\jre\21.0.5-win32-x86_64\bin\jimage.dll
Event: 0.183 Loaded shared library c:\Users\HP\.vscode\extensions\redhat.java-1.39.0-win32-x64\jre\21.0.5-win32-x86_64\bin\verify.dll
Event: 0.981 Loaded shared library C:\Users\HP\AppData\Roaming\Code\User\globalStorage\redhat.java\1.39.0\config_win\org.eclipse.equinox.launcher\org.eclipse.equinox.launcher.win32.win32.x86_64_1.2.1100.v20240722-2106\eclipse_11904.dll
Event: 1.953 Loaded shared library C:\Users\HP\AppData\Local\Temp\jna-2312\jna16386131525975698456.dll

Deoptimization events (20 events):
Event: 11.976 Thread 0x000001d2f134eb50 DEOPT PACKING pc=0x000001d29867dbd1 sp=0x00000044e39feca0
Event: 11.976 Thread 0x000001d2f134eb50 DEOPT UNPACKING pc=0x000001d29e174242 sp=0x00000044e39fe1f0 mode 0
Event: 11.981 Thread 0x000001d2f134eb50 Uncommon trap: trap_request=0xffffff45 fr.pc=0x000001d29ea533a0 relative=0x0000000000000d20
Event: 11.981 Thread 0x000001d2f134eb50 Uncommon trap: reason=unstable_if action=reinterpret pc=0x000001d29ea533a0 method=org.eclipse.jdt.internal.compiler.parser.Parser.getTypeReference(I)Lorg/eclipse/jdt/internal/compiler/ast/TypeReference; @ 357 c2
Event: 11.981 Thread 0x000001d2f134eb50 DEOPT PACKING pc=0x000001d29ea533a0 sp=0x00000044e39feac0
Event: 11.981 Thread 0x000001d2f134eb50 DEOPT UNPACKING pc=0x000001d29e173aa2 sp=0x00000044e39fea70 mode 2
Event: 11.983 Thread 0x000001d2f134eb50 DEOPT PACKING pc=0x000001d29867dc9e sp=0x00000044e39feca0
Event: 11.983 Thread 0x000001d2f134eb50 DEOPT UNPACKING pc=0x000001d29e174242 sp=0x00000044e39fe1f8 mode 0
Event: 11.986 Thread 0x000001d2f134eb50 Uncommon trap: trap_request=0xffffff45 fr.pc=0x000001d29f075248 relative=0x0000000000000ba8
Event: 11.986 Thread 0x000001d2f134eb50 Uncommon trap: reason=unstable_if action=reinterpret pc=0x000001d29f075248 method=lombok.eclipse.EclipseNode.traverse(Llombok/eclipse/EclipseASTVisitor;)V @ 408 c2
Event: 11.986 Thread 0x000001d2f134eb50 DEOPT PACKING pc=0x000001d29f075248 sp=0x00000044e39fe6f0
Event: 11.986 Thread 0x000001d2f134eb50 DEOPT UNPACKING pc=0x000001d29e173aa2 sp=0x00000044e39fe698 mode 2
Event: 12.003 Thread 0x000001d2f134eb50 Uncommon trap: trap_request=0xffffff45 fr.pc=0x000001d29eec83e0 relative=0x0000000000000100
Event: 12.004 Thread 0x000001d2f134eb50 Uncommon trap: reason=unstable_if action=reinterpret pc=0x000001d29eec83e0 method=org.eclipse.jdt.internal.compiler.parser.Scanner.scanIdentifierOrKeyword()I @ 27 c2
Event: 12.004 Thread 0x000001d2f134eb50 DEOPT PACKING pc=0x000001d29eec83e0 sp=0x00000044e39fdd40
Event: 12.004 Thread 0x000001d2f134eb50 DEOPT UNPACKING pc=0x000001d29e173aa2 sp=0x00000044e39fdcc0 mode 2
Event: 12.033 Thread 0x000001d2f134eb50 Uncommon trap: trap_request=0xffffff45 fr.pc=0x000001d29efb2760 relative=0x0000000000000880
Event: 12.033 Thread 0x000001d2f134eb50 Uncommon trap: reason=unstable_if action=reinterpret pc=0x000001d29efb2760 method=org.eclipse.jdt.internal.compiler.parser.Parser.consumeToken(I)V @ 1461 c2
Event: 12.033 Thread 0x000001d2f134eb50 DEOPT PACKING pc=0x000001d29efb2760 sp=0x00000044e39fdcf0
Event: 12.033 Thread 0x000001d2f134eb50 DEOPT UNPACKING pc=0x000001d29e173aa2 sp=0x00000044e39fdca8 mode 2

Classes loaded (20 events):
Event: 8.724 Loading class java/util/stream/Node$Builder$OfInt done
Event: 8.724 Loading class java/util/stream/Nodes$IntArrayNode
Event: 8.724 Loading class java/util/stream/Nodes$IntArrayNode done
Event: 8.724 Loading class java/util/stream/Nodes$IntFixedNodeBuilder done
Event: 8.725 Loading class java/util/stream/ReferencePipeline$4$1
Event: 8.725 Loading class java/util/stream/ReferencePipeline$4$1 done
Event: 11.079 Loading class java/util/stream/ReduceOps$4
Event: 11.079 Loading class java/util/stream/ReduceOps$4 done
Event: 11.080 Loading class java/util/stream/ReduceOps$4ReducingSink
Event: 11.080 Loading class java/util/stream/ReduceOps$4ReducingSink done
Event: 11.083 Loading class java/nio/file/Files$2
Event: 11.083 Loading class java/nio/file/Files$2 done
Event: 11.447 Loading class java/util/concurrent/ArrayBlockingQueue
Event: 11.450 Loading class java/util/concurrent/ArrayBlockingQueue done
Event: 11.495 Loading class java/util/Hashtable$ValueCollection
Event: 11.495 Loading class java/util/Hashtable$ValueCollection done
Event: 11.498 Loading class java/util/concurrent/ConcurrentHashMap$KeySpliterator
Event: 11.498 Loading class java/util/concurrent/ConcurrentHashMap$KeySpliterator done
Event: 11.504 Loading class sun/nio/ch/ChannelOutputStream
Event: 11.504 Loading class sun/nio/ch/ChannelOutputStream done

Classes unloaded (7 events):
Event: 2.770 Thread 0x000001d291ebeb60 Unloading class 0x000001d2aa198c00 'java/lang/invoke/LambdaForm$MH+0x000001d2aa198c00'
Event: 2.770 Thread 0x000001d291ebeb60 Unloading class 0x000001d2aa198800 'java/lang/invoke/LambdaForm$MH+0x000001d2aa198800'
Event: 2.770 Thread 0x000001d291ebeb60 Unloading class 0x000001d2aa198400 'java/lang/invoke/LambdaForm$MH+0x000001d2aa198400'
Event: 2.770 Thread 0x000001d291ebeb60 Unloading class 0x000001d2aa198000 'java/lang/invoke/LambdaForm$MH+0x000001d2aa198000'
Event: 2.770 Thread 0x000001d291ebeb60 Unloading class 0x000001d2aa197c00 'java/lang/invoke/LambdaForm$BMH+0x000001d2aa197c00'
Event: 2.770 Thread 0x000001d291ebeb60 Unloading class 0x000001d2aa197800 'java/lang/invoke/LambdaForm$DMH+0x000001d2aa197800'
Event: 2.770 Thread 0x000001d291ebeb60 Unloading class 0x000001d2aa196400 'java/lang/invoke/LambdaForm$DMH+0x000001d2aa196400'

Classes redefined (0 events):
No events

Internal exceptions (20 events):
Event: 6.915 Thread 0x000001d2f578db50 Exception <a 'sun/nio/fs/WindowsException'{0x00000000eab9a4a8}> (0x00000000eab9a4a8) 
thrown [s\src\hotspot\share\prims\jni.cpp, line 520]
Event: 6.915 Thread 0x000001d2f4449220 Exception <a 'sun/nio/fs/WindowsException'{0x00000000eabad2f0}> (0x00000000eabad2f0) 
thrown [s\src\hotspot\share\prims\jni.cpp, line 520]
Event: 6.915 Thread 0x000001d2f4448500 Exception <a 'sun/nio/fs/WindowsException'{0x00000000eabb19d8}> (0x00000000eabb19d8) 
thrown [s\src\hotspot\share\prims\jni.cpp, line 520]
Event: 6.916 Thread 0x000001d2f44477e0 Exception <a 'sun/nio/fs/WindowsException'{0x00000000eaba5ff0}> (0x00000000eaba5ff0) 
thrown [s\src\hotspot\share\prims\jni.cpp, line 520]
Event: 6.916 Thread 0x000001d2f444b2f0 Exception <a 'sun/nio/fs/WindowsException'{0x00000000eab92158}> (0x00000000eab92158) 
thrown [s\src\hotspot\share\prims\jni.cpp, line 520]
Event: 6.917 Thread 0x000001d2f578e1e0 Exception <a 'sun/nio/fs/WindowsException'{0x00000000eabb7c30}> (0x00000000eabb7c30) 
thrown [s\src\hotspot\share\prims\jni.cpp, line 520]
Event: 7.396 Thread 0x000001d2f157c7c0 Exception <a 'sun/nio/fs/WindowsException'{0x00000000eab9a5a0}> (0x00000000eab9a5a0) 
thrown [s\src\hotspot\share\prims\jni.cpp, line 520]
Event: 7.397 Thread 0x000001d2f4447150 Exception <a 'sun/nio/fs/WindowsException'{0x00000000eabc2878}> (0x00000000eabc2878) 
thrown [s\src\hotspot\share\prims\jni.cpp, line 520]
Event: 7.400 Thread 0x000001d2f157c7c0 Exception <a 'sun/nio/fs/WindowsException'{0x00000000eab26f00}> (0x00000000eab26f00) 
thrown [s\src\hotspot\share\prims\jni.cpp, line 520]
Event: 7.401 Thread 0x000001d2f4447150 Exception <a 'sun/nio/fs/WindowsException'{0x00000000eab44bb8}> (0x00000000eab44bb8) 
thrown [s\src\hotspot\share\prims\jni.cpp, line 520]
Event: 7.401 Thread 0x000001d2f44477e0 Exception <a 'sun/nio/fs/WindowsException'{0x00000000eab607a0}> (0x00000000eab607a0) 
thrown [s\src\hotspot\share\prims\jni.cpp, line 520]
Event: 11.085 Thread 0x000001d2f157c7c0 Exception <a 'java/lang/NoSuchMethodError'{0x00000000eb112190}: 'int java.lang.invoke.DirectMethodHandle$Holder.invokeSpecialIFC(java.lang.Object, java.lang.Object, java.lang.Object)'> (0x00000000eb112190) 
thrown [s\src\hotspot\share\interpreter\linkResolver.cpp, line 773]
Event: 11.115 Thread 0x000001d2f157c7c0 Implicit null exception at 0x000001d29ee72963 to 0x000001d29ee72fa8
Event: 11.142 Thread 0x000001d2f157c7c0 Exception <a 'java/lang/NoSuchMethodError'{0x00000000eaf88350}: 'java.lang.Object java.lang.invoke.DirectMethodHandle$Holder.newInvokeSpecial(java.lang.Object, java.lang.Object, java.lang.Object, java.lang.Object, int)'> (0x00000000eaf88350) 
thrown [s\src\hotspot\share\interpreter\linkResolver.cpp, line 773]
Event: 11.142 Thread 0x000001d2f157c7c0 Exception <a 'java/lang/NoSuchMethodError'{0x00000000eaf8c710}: 'java.lang.Object java.lang.invoke.DirectMethodHandle$Holder.invokeSpecial(java.lang.Object, java.lang.Object, java.lang.Object, java.lang.Object, java.lang.Object, int)'> (0x00000000eaf8c710) 
thrown [s\src\hotspot\share\interpreter\linkResolver.cpp, line 773]
Event: 11.142 Thread 0x000001d2f157c7c0 Exception <a 'java/lang/NoSuchMethodError'{0x00000000eaf90190}: 'java.lang.Object java.lang.invoke.Invokers$Holder.linkToTargetMethod(java.lang.Object, java.lang.Object, java.lang.Object, int, java.lang.Object)'> (0x00000000eaf90190) 
thrown [s\src\hotspot\share\interpreter\linkResolver.cpp, line 773]
Event: 11.500 Thread 0x000001d2f157c7c0 Exception <a 'java/lang/NoSuchMethodError'{0x00000000ead187a8}: 'java.lang.Object java.lang.invoke.DirectMethodHandle$Holder.newInvokeSpecial(java.lang.Object, java.lang.Object, int, int, java.lang.Object)'> (0x00000000ead187a8) 
thrown [s\src\hotspot\share\interpreter\linkResolver.cpp, line 773]
Event: 11.561 Thread 0x000001d2f134eb50 Implicit null exception at 0x000001d29f02ed60 to 0x000001d29f02ed9c
Event: 11.651 Thread 0x000001d2f134eb50 Implicit null exception at 0x000001d29ea12d24 to 0x000001d29ea12d54
Event: 11.679 Thread 0x000001d2f134eb50 Exception <a 'java/lang/NoSuchMethodError'{0x00000000eabdcbf0}: 'void java.lang.invoke.DirectMethodHandle$Holder.invokeVirtual(java.lang.Object, java.lang.Object, java.lang.Object, java.lang.Object, java.lang.Object)'> (0x00000000eabdcbf0) 
thrown [s\src\hotspot\share\interpreter\linkResolver.cpp, line 773]

ZGC Phase Switch (0 events):
No events

VM Operations (20 events):
Event: 11.670 Executing VM operation: ParallelGCFailedAllocation (Allocation Failure) done
Event: 11.701 Executing VM operation: ParallelGCFailedAllocation (Allocation Failure)
Event: 11.705 Executing VM operation: ParallelGCFailedAllocation (Allocation Failure) done
Event: 11.738 Executing VM operation: ParallelGCFailedAllocation (Allocation Failure)
Event: 11.742 Executing VM operation: ParallelGCFailedAllocation (Allocation Failure) done
Event: 11.775 Executing VM operation: ParallelGCFailedAllocation (Allocation Failure)
Event: 11.780 Executing VM operation: ParallelGCFailedAllocation (Allocation Failure) done
Event: 11.818 Executing VM operation: ParallelGCFailedAllocation (Allocation Failure)
Event: 11.821 Executing VM operation: ParallelGCFailedAllocation (Allocation Failure) done
Event: 11.833 Executing VM operation: HandshakeAllThreads (Deoptimize)
Event: 11.833 Executing VM operation: HandshakeAllThreads (Deoptimize) done
Event: 11.855 Executing VM operation: ParallelGCFailedAllocation (Allocation Failure)
Event: 11.861 Executing VM operation: ParallelGCFailedAllocation (Allocation Failure) done
Event: 11.929 Executing VM operation: ParallelGCFailedAllocation (Allocation Failure)
Event: 11.934 Executing VM operation: ParallelGCFailedAllocation (Allocation Failure) done
Event: 11.937 Executing VM operation: HandshakeAllThreads (Deoptimize)
Event: 11.937 Executing VM operation: HandshakeAllThreads (Deoptimize) done
Event: 11.991 Executing VM operation: ParallelGCFailedAllocation (Allocation Failure)
Event: 11.997 Executing VM operation: ParallelGCFailedAllocation (Allocation Failure) done
Event: 12.037 Executing VM operation: ParallelGCFailedAllocation (Allocation Failure)

Memory protections (0 events):
No events

Nmethod flushes (20 events):
Event: 9.488 Thread 0x000001d291ebeb60 flushing  nmethod 0x000001d297744310
Event: 9.488 Thread 0x000001d291ebeb60 flushing osr nmethod 0x000001d297758f90
Event: 9.488 Thread 0x000001d291ebeb60 flushing  nmethod 0x000001d29775d110
Event: 9.488 Thread 0x000001d291ebeb60 flushing  nmethod 0x000001d29775e710
Event: 9.488 Thread 0x000001d291ebeb60 flushing  nmethod 0x000001d297761c90
Event: 9.488 Thread 0x000001d291ebeb60 flushing  nmethod 0x000001d29776cc90
Event: 9.488 Thread 0x000001d291ebeb60 flushing  nmethod 0x000001d29776d690
Event: 9.488 Thread 0x000001d291ebeb60 flushing  nmethod 0x000001d29776ef90
Event: 9.488 Thread 0x000001d291ebeb60 flushing  nmethod 0x000001d297770f10
Event: 9.488 Thread 0x000001d291ebeb60 flushing  nmethod 0x000001d297771910
Event: 9.488 Thread 0x000001d291ebeb60 flushing  nmethod 0x000001d29777b990
Event: 9.488 Thread 0x000001d291ebeb60 flushing  nmethod 0x000001d29777c510
Event: 9.488 Thread 0x000001d291ebeb60 flushing  nmethod 0x000001d29777c890
Event: 9.488 Thread 0x000001d291ebeb60 flushing  nmethod 0x000001d29777ce10
Event: 9.488 Thread 0x000001d291ebeb60 flushing  nmethod 0x000001d297781c90
Event: 9.488 Thread 0x000001d291ebeb60 flushing  nmethod 0x000001d2977baf90
Event: 9.488 Thread 0x000001d291ebeb60 flushing  nmethod 0x000001d2977d0790
Event: 9.488 Thread 0x000001d291ebeb60 flushing  nmethod 0x000001d297825290
Event: 9.488 Thread 0x000001d291ebeb60 flushing  nmethod 0x000001d297828710
Event: 9.488 Thread 0x000001d291ebeb60 flushing  nmethod 0x000001d297884d10

Events (20 events):
Event: 7.749 Thread 0x000001d2eae553d0 Thread exited: 0x000001d2eae553d0
Event: 10.588 Thread 0x000001d2eafc6bc0 Thread exited: 0x000001d2eafc6bc0
Event: 10.588 Thread 0x000001d2eae5ed50 Thread exited: 0x000001d2eae5ed50
Event: 11.165 Thread 0x000001d2ead55460 Thread added: 0x000001d2f64c0930
Event: 11.278 Thread 0x000001d2ead548a0 Thread added: 0x000001d2f64c2b40
Event: 11.452 Thread 0x000001d2f157c7c0 Thread added: 0x000001d2f134eb50
Event: 11.501 Thread 0x000001d2f157c7c0 Thread added: 0x000001d2f134b6d0
Event: 11.516 Thread 0x000001d2f157c7c0 Thread added: 0x000001d2f134d7a0
Event: 11.519 Thread 0x000001d2f157c7c0 Thread added: 0x000001d2f1350590
Event: 11.589 Thread 0x000001d2f157c7c0 Thread added: 0x000001d2f134f1e0
Event: 11.619 Thread 0x000001d2f157c7c0 Thread added: 0x000001d2f1351940
Event: 11.622 Thread 0x000001d2f157c7c0 Thread added: 0x000001d2f134a9b0
Event: 11.646 Thread 0x000001d2f157c7c0 Thread added: 0x000001d2f1351fd0
Event: 11.690 Thread 0x000001d2f157c7c0 Thread added: 0x000001d2f134ca80
Event: 11.690 Thread 0x000001d2f157c7c0 Thread added: 0x000001d2f134bd60
Event: 11.695 Thread 0x000001d2f157c7c0 Thread added: 0x000001d2f134ff00
Event: 11.699 Thread 0x000001d2f157c7c0 Thread added: 0x000001d2f134e4c0
Event: 11.706 Thread 0x000001d2f157c7c0 Thread added: 0x000001d2f134d110
Event: 11.710 Thread 0x000001d2f157c7c0 Thread added: 0x000001d2f134f870
Event: 11.713 Thread 0x000001d2f157c7c0 Thread added: 0x000001d2f1350c20


Dynamic libraries:
0x00007ff7658e0000 - 0x00007ff7658ee000 	c:\Users\HP\.vscode\extensions\redhat.java-1.39.0-win32-x64\jre\21.0.5-win32-x86_64\bin\java.exe
0x00007fff16c10000 - 0x00007fff16e27000 	C:\WINDOWS\SYSTEM32\ntdll.dll
0x00007fff150a0000 - 0x00007fff15164000 	C:\WINDOWS\System32\KERNEL32.DLL
0x00007fff14090000 - 0x00007fff1444a000 	C:\WINDOWS\System32\KERNELBASE.dll
0x00007fff13f70000 - 0x00007fff14081000 	C:\WINDOWS\System32\ucrtbase.dll
0x00007fff0cb10000 - 0x00007fff0cb28000 	c:\Users\HP\.vscode\extensions\redhat.java-1.39.0-win32-x64\jre\21.0.5-win32-x86_64\bin\jli.dll
0x00007ffefcf60000 - 0x00007ffefcf7e000 	c:\Users\HP\.vscode\extensions\redhat.java-1.39.0-win32-x64\jre\21.0.5-win32-x86_64\bin\VCRUNTIME140.dll
0x00007fff14ef0000 - 0x00007fff1509e000 	C:\WINDOWS\System32\USER32.dll
0x00007fff14450000 - 0x00007fff14476000 	C:\WINDOWS\System32\win32u.dll
0x00007ffee9d10000 - 0x00007ffee9fa2000 	C:\WINDOWS\WinSxS\amd64_microsoft.windows.common-controls_6595b64144ccf1df_6.0.22621.4541_none_2710d1c57384c085\COMCTL32.dll
0x00007fff160e0000 - 0x00007fff16109000 	C:\WINDOWS\System32\GDI32.dll
0x00007fff15ef0000 - 0x00007fff15f97000 	C:\WINDOWS\System32\msvcrt.dll
0x00007fff145c0000 - 0x00007fff146db000 	C:\WINDOWS\System32\gdi32full.dll
0x00007fff13ed0000 - 0x00007fff13f6a000 	C:\WINDOWS\System32\msvcp_win.dll
0x00007fff16110000 - 0x00007fff16141000 	C:\WINDOWS\System32\IMM32.DLL
0x00007fff0f910000 - 0x00007fff0f91c000 	c:\Users\HP\.vscode\extensions\redhat.java-1.39.0-win32-x64\jre\21.0.5-win32-x86_64\bin\vcruntime140_1.dll
0x00007ffed9e60000 - 0x00007ffed9eed000 	c:\Users\HP\.vscode\extensions\redhat.java-1.39.0-win32-x64\jre\21.0.5-win32-x86_64\bin\msvcp140.dll
0x00007ffecc1c0000 - 0x00007ffeccf4f000 	c:\Users\HP\.vscode\extensions\redhat.java-1.39.0-win32-x64\jre\21.0.5-win32-x86_64\bin\server\jvm.dll
0x00007fff16000000 - 0x00007fff160b2000 	C:\WINDOWS\System32\ADVAPI32.dll
0x00007fff16a70000 - 0x00007fff16b17000 	C:\WINDOWS\System32\sechost.dll
0x00007fff146e0000 - 0x00007fff14708000 	C:\WINDOWS\System32\bcrypt.dll
0x00007fff15170000 - 0x00007fff15284000 	C:\WINDOWS\System32\RPCRT4.dll
0x00007fff16170000 - 0x00007fff161e1000 	C:\WINDOWS\System32\WS2_32.dll
0x00007fff13bf0000 - 0x00007fff13c3d000 	C:\WINDOWS\SYSTEM32\POWRPROF.dll
0x00007ffefe640000 - 0x00007ffefe674000 	C:\WINDOWS\SYSTEM32\WINMM.dll
0x00007fff0c0c0000 - 0x00007fff0c0ca000 	C:\WINDOWS\SYSTEM32\VERSION.dll
0x00007fff13bd0000 - 0x00007fff13be3000 	C:\WINDOWS\SYSTEM32\UMPDC.dll
0x00007fff12ed0000 - 0x00007fff12ee8000 	C:\WINDOWS\SYSTEM32\kernel.appcore.dll
0x00007fff0f2c0000 - 0x00007fff0f2ca000 	c:\Users\HP\.vscode\extensions\redhat.java-1.39.0-win32-x64\jre\21.0.5-win32-x86_64\bin\jimage.dll
0x00007fff116d0000 - 0x00007fff11902000 	C:\WINDOWS\SYSTEM32\DBGHELP.DLL
0x00007fff15910000 - 0x00007fff15ca1000 	C:\WINDOWS\System32\combase.dll
0x00007fff15820000 - 0x00007fff158f7000 	C:\WINDOWS\System32\OLEAUT32.dll
0x00007ffeeaae0000 - 0x00007ffeeab12000 	C:\WINDOWS\SYSTEM32\dbgcore.DLL
0x00007fff14540000 - 0x00007fff145bb000 	C:\WINDOWS\System32\bcryptPrimitives.dll
0x00007fff0f010000 - 0x00007fff0f01f000 	c:\Users\HP\.vscode\extensions\redhat.java-1.39.0-win32-x64\jre\21.0.5-win32-x86_64\bin\instrument.dll
0x00007ffefb330000 - 0x00007ffefb34f000 	c:\Users\HP\.vscode\extensions\redhat.java-1.39.0-win32-x64\jre\21.0.5-win32-x86_64\bin\java.dll
0x00007fff161f0000 - 0x00007fff16a69000 	C:\WINDOWS\System32\SHELL32.dll
0x00007fff11dc0000 - 0x00007fff126c9000 	C:\WINDOWS\SYSTEM32\windows.storage.dll
0x00007fff11c80000 - 0x00007fff11dbf000 	C:\WINDOWS\SYSTEM32\wintypes.dll
0x00007fff14d80000 - 0x00007fff14e7a000 	C:\WINDOWS\System32\SHCORE.dll
0x00007fff15fa0000 - 0x00007fff15ffe000 	C:\WINDOWS\System32\shlwapi.dll
0x00007fff13e00000 - 0x00007fff13e2b000 	C:\WINDOWS\SYSTEM32\profapi.dll
0x00007fff0f160000 - 0x00007fff0f178000 	c:\Users\HP\.vscode\extensions\redhat.java-1.39.0-win32-x64\jre\21.0.5-win32-x86_64\bin\zip.dll
0x00007fff0d850000 - 0x00007fff0d860000 	C:\Users\HP\.vscode\extensions\redhat.java-1.39.0-win32-x64\jre\21.0.5-win32-x86_64\bin\net.dll
0x00007fff0f580000 - 0x00007fff0f6b6000 	C:\WINDOWS\SYSTEM32\WINHTTP.dll
0x00007fff13340000 - 0x00007fff133a9000 	C:\WINDOWS\system32\mswsock.dll
0x00007fff0d830000 - 0x00007fff0d846000 	C:\Users\HP\.vscode\extensions\redhat.java-1.39.0-win32-x64\jre\21.0.5-win32-x86_64\bin\nio.dll
0x00007fff0d800000 - 0x00007fff0d810000 	c:\Users\HP\.vscode\extensions\redhat.java-1.39.0-win32-x64\jre\21.0.5-win32-x86_64\bin\verify.dll
0x00007ffef4d40000 - 0x00007ffef4d85000 	C:\Users\HP\AppData\Roaming\Code\User\globalStorage\redhat.java\1.39.0\config_win\org.eclipse.equinox.launcher\org.eclipse.equinox.launcher.win32.win32.x86_64_1.2.1100.v20240722-2106\eclipse_11904.dll
0x00007fff14a50000 - 0x00007fff14bf5000 	C:\WINDOWS\System32\ole32.dll
0x00007fff13690000 - 0x00007fff136ab000 	C:\WINDOWS\SYSTEM32\CRYPTSP.dll
0x00007fff12e30000 - 0x00007fff12e65000 	C:\WINDOWS\system32\rsaenh.dll
0x00007fff133e0000 - 0x00007fff13408000 	C:\WINDOWS\SYSTEM32\USERENV.dll
0x00007fff13670000 - 0x00007fff1367c000 	C:\WINDOWS\SYSTEM32\CRYPTBASE.dll
0x00007fff12970000 - 0x00007fff1299d000 	C:\WINDOWS\SYSTEM32\IPHLPAPI.DLL
0x00007fff15900000 - 0x00007fff15909000 	C:\WINDOWS\System32\NSI.dll
0x00007ffef08f0000 - 0x00007ffef0939000 	C:\Users\HP\AppData\Local\Temp\jna-2312\jna16386131525975698456.dll
0x00007fff14c00000 - 0x00007fff14c08000 	C:\WINDOWS\System32\PSAPI.DLL
0x00007fff0ea30000 - 0x00007fff0ea49000 	C:\WINDOWS\SYSTEM32\dhcpcsvc6.DLL
0x00007fff0e760000 - 0x00007fff0e77f000 	C:\WINDOWS\SYSTEM32\dhcpcsvc.DLL

dbghelp: loaded successfully - version: 4.0.5 - missing functions: none
symbol engine: initialized successfully - sym options: 0x614 - pdb path: .;c:\Users\HP\.vscode\extensions\redhat.java-1.39.0-win32-x64\jre\21.0.5-win32-x86_64\bin;C:\WINDOWS\SYSTEM32;C:\WINDOWS\WinSxS\amd64_microsoft.windows.common-controls_6595b64144ccf1df_6.0.22621.4541_none_2710d1c57384c085;c:\Users\HP\.vscode\extensions\redhat.java-1.39.0-win32-x64\jre\21.0.5-win32-x86_64\bin\server;C:\Users\HP\AppData\Roaming\Code\User\globalStorage\redhat.java\1.39.0\config_win\org.eclipse.equinox.launcher\org.eclipse.equinox.launcher.win32.win32.x86_64_1.2.1100.v20240722-2106;C:\Users\HP\AppData\Local\Temp\jna-2312

VM Arguments:
jvm_args: --add-modules=ALL-SYSTEM --add-opens=java.base/java.util=ALL-UNNAMED --add-opens=java.base/java.lang=ALL-UNNAMED --add-opens=java.base/sun.nio.fs=ALL-UNNAMED -Declipse.application=org.eclipse.jdt.ls.core.id1 -Dosgi.bundles.defaultStartLevel=4 -Declipse.product=org.eclipse.jdt.ls.core.product -Djava.import.generatesMetadataFilesAtProjectRoot=false -DDetectVMInstallationsJob.disabled=true -Dfile.encoding=utf8 -XX:+UseParallelGC -XX:GCTimeRatio=4 -XX:AdaptiveSizePolicyWeight=90 -Dsun.zip.disableMemoryMapping=true -Xmx1G -Xms100m -Xlog:disable -javaagent:c:\Users\HP\.vscode\extensions\redhat.java-1.39.0-win32-x64\lombok\lombok-1.18.34.jar -XX:+HeapDumpOnOutOfMemoryError -XX:HeapDumpPath=c:\Users\HP\AppData\Roaming\Code\User\workspaceStorage\18e594e4b8ee66ca9d8ea60eef527bbe\redhat.java -Daether.dependencyCollector.impl=bf 
java_command: c:\Users\HP\.vscode\extensions\redhat.java-1.39.0-win32-x64\server\plugins\org.eclipse.equinox.launcher_1.6.900.v20240613-2009.jar -configuration c:\Users\HP\AppData\Roaming\Code\User\globalStorage\redhat.java\1.39.0\config_win -data c:\Users\HP\AppData\Roaming\Code\User\workspaceStorage\18e594e4b8ee66ca9d8ea60eef527bbe\redhat.java\jdt_ws --pipe=\\.\pipe\lsp-94c34680ecf386bb61d7d69c631922ff-sock
java_class_path (initial): c:\Users\HP\.vscode\extensions\redhat.java-1.39.0-win32-x64\server\plugins\org.eclipse.equinox.launcher_1.6.900.v20240613-2009.jar
Launcher Type: SUN_STANDARD

[Global flags]
    uintx AdaptiveSizePolicyWeight                 = 90                                        {product} {command line}
     intx CICompilerCount                          = 12                                        {product} {ergonomic}
    uintx GCTimeRatio                              = 4                                         {product} {command line}
     bool HeapDumpOnOutOfMemoryError               = true                                   {manageable} {command line}
    ccstr HeapDumpPath                             = c:\Users\HP\AppData\Roaming\Code\User\workspaceStorage\18e594e4b8ee66ca9d8ea60eef527bbe\redhat.java         {manageable} {command line}
   size_t InitialHeapSize                          = 104857600                                 {product} {command line}
   size_t MaxHeapSize                              = 1073741824                                {product} {command line}
   size_t MaxNewSize                               = 357564416                                 {product} {ergonomic}
   size_t MinHeapDeltaBytes                        = 524288                                    {product} {ergonomic}
   size_t MinHeapSize                              = 104857600                                 {product} {command line}
   size_t NewSize                                  = 34603008                                  {product} {ergonomic}
    uintx NonNMethodCodeHeapSize                   = 7602480                                {pd product} {ergonomic}
    uintx NonProfiledCodeHeapSize                  = 122027880                              {pd product} {ergonomic}
   size_t OldSize                                  = 70254592                                  {product} {ergonomic}
    uintx ProfiledCodeHeapSize                     = 122027880                              {pd product} {ergonomic}
    uintx ReservedCodeCacheSize                    = 251658240                              {pd product} {ergonomic}
     bool SegmentedCodeCache                       = true                                      {product} {ergonomic}
   size_t SoftMaxHeapSize                          = 1073741824                             {manageable} {ergonomic}
     bool UseCompressedOops                        = true                           {product lp64_product} {ergonomic}
     bool UseLargePagesIndividualAllocation        = false                                  {pd product} {ergonomic}
     bool UseParallelGC                            = true                                      {product} {command line}

Logging:
Log output configuration:
 #0: stdout all=off uptime,level,tags foldmultilines=false
 #1: stderr all=off uptime,level,tags foldmultilines=false

Environment Variables:
JAVA_HOME=C:\Program Files\Microsoft\jdk-17.0.13.11-hotspot
PATH=C:\Program Files\Common Files\Oracle\Java\javapath;C:\Program Files (x86)\Common Files\Oracle\Java\java8path;C:\Program Files (x86)\Common Files\Oracle\Java\javapath;C:\Program Files\Microsoft\jdk-17.0.13.11-hotspot\bin;C:\WINDOWS\system32;C:\WINDOWS;C:\WINDOWS\System32\Wbem;C:\WINDOWS\System32\WindowsPowerShell\v1.0\;C:\WINDOWS\System32\OpenSSH\;C:\Program Files (x86)\Microsoft SQL Server\160\DTS\Binn\;C:\Program Files\Microsoft SQL Server\150\Tools\Binn\;C:\Program Files\Microsoft SQL Server\Client SDK\ODBC\170\Tools\Binn\;C:\Program Files\dotnet\;C:\ProgramData\chocolatey\bin;C:\Users\HP\AppData\Local\Android\Sdk\platform-tools;C:\Users\HP\AppData\Local\Android\Sdk\emulator;C:\Users\HP\AppData\Local\Android\Sdk\build-tools;C:\Users\HP\AppData\Local\Android\Sdk\platforms;C:\Program Files\Microsoft\jdk-17.0.13.11-hotspot\bin;C:\Program Files\nodejs\;C:\Program Files\Git\cmd;C:\Program Files\Git\bin;C:\Windows\System32;C:\Users\HP\AppData\Local\Microsoft\WindowsApps;C:\Users\HP\.dotnet\tools;C:\Users\HP\AppData\Local\Programs\Microsoft VS Code\bin;C:\Users\HP\AppData\Local\Android\Sdk\platform-tools;C:\Users\HP\AppData\Local\Android\Sdk\emulator;C:\Users\HP\AppData\Local\Android\Sdk\build-tools;C:\Users\HP\AppData\Local\Android\Sdk\platforms;C:\Program Files\Microsoft\jdk-17.0.13.11-hotspot\bin;C:\Program Files\Microsoft\jdk-17.0.13.11-hotspot\bin;C:\Users\HP\AppData\Roaming\npm;C:\Program Files\Git\cmd;C:\Program Files\Git\bin;
USERNAME=HP
OS=Windows_NT
PROCESSOR_IDENTIFIER=Intel64 Family 6 Model 165 Stepping 5, GenuineIntel
TMP=C:\Users\HP\AppData\Local\Temp
TEMP=C:\Users\HP\AppData\Local\Temp




Periodic native trim disabled

---------------  S Y S T E M  ---------------

OS:
 Windows 11 , 64 bit Build 22621 (10.0.22621.4391)
OS uptime: 0 days 4:56 hours
Hyper-V role detected

CPU: total 16 (initial active 16) (8 cores per cpu, 2 threads per core) family 6 model 165 stepping 5 microcode 0xfc, cx8, cmov, fxsr, ht, mmx, 3dnowpref, sse, sse2, sse3, ssse3, sse4.1, sse4.2, popcnt, lzcnt, tsc, tscinvbit, avx, avx2, aes, erms, clmul, bmi1, bmi2, adx, fma, vzeroupper, clflush, clflushopt, hv, rdtscp, f16c
Processor Information for all 16 processors :
  Max Mhz: 2904, Current Mhz: 2904, Mhz Limit: 2904

Memory: 4k page, system-wide physical 16160M (602M free)
TotalPageFile size 46577M (AvailPageFile size 20M)
current process WorkingSet (physical memory assigned to process): 797M, peak: 797M
current process commit charge ("private bytes"): 720M, peak: 1001M

vm_info: OpenJDK 64-Bit Server VM (21.0.5+11-LTS) for windows-amd64 JRE (21.0.5+11-LTS), built on 2024-10-15T00:00:00Z by "admin" with MS VC++ 17.7 (VS2022)

END.
